Archive member included to satisfy reference by file (symbol)

/usr/lib/gcc/arm-none-eabi/8.3.1/thumb/v6-m/nofp/libgcc.a(_dvmd_tls.o)
                              CMakeFiles/picow_ds4.dir/home/dhjensen02/pico-sdk/src/rp2_common/pico_divider/divider.S.obj (__aeabi_idiv0)
/usr/lib/gcc/arm-none-eabi/8.3.1/../../../arm-none-eabi/lib/thumb/v6-m/nofp/libc.a(lib_a-atexit.o)
                              /usr/lib/gcc/arm-none-eabi/8.3.1/../../../arm-none-eabi/lib/thumb/v6-m/nofp/crt0.o (atexit)
/usr/lib/gcc/arm-none-eabi/8.3.1/../../../arm-none-eabi/lib/thumb/v6-m/nofp/libc.a(lib_a-calloc.o)
                              CMakeFiles/picow_ds4.dir/home/dhjensen02/pico-sdk/src/rp2_common/pico_malloc/pico_malloc.c.obj (calloc)
/usr/lib/gcc/arm-none-eabi/8.3.1/../../../arm-none-eabi/lib/thumb/v6-m/nofp/libc.a(lib_a-callocr.o)
                              /usr/lib/gcc/arm-none-eabi/8.3.1/../../../arm-none-eabi/lib/thumb/v6-m/nofp/libc.a(lib_a-calloc.o) (_calloc_r)
/usr/lib/gcc/arm-none-eabi/8.3.1/../../../arm-none-eabi/lib/thumb/v6-m/nofp/libc.a(lib_a-fini.o)
                              /usr/lib/gcc/arm-none-eabi/8.3.1/../../../arm-none-eabi/lib/thumb/v6-m/nofp/crt0.o (__libc_fini_array)
/usr/lib/gcc/arm-none-eabi/8.3.1/../../../arm-none-eabi/lib/thumb/v6-m/nofp/libc.a(lib_a-impure.o)
                              /usr/lib/gcc/arm-none-eabi/8.3.1/../../../arm-none-eabi/lib/thumb/v6-m/nofp/libc.a(lib_a-calloc.o) (_impure_ptr)
/usr/lib/gcc/arm-none-eabi/8.3.1/../../../arm-none-eabi/lib/thumb/v6-m/nofp/libc.a(lib_a-init.o)
                              /usr/lib/gcc/arm-none-eabi/8.3.1/../../../arm-none-eabi/lib/thumb/v6-m/nofp/crt0.o (__libc_init_array)
/usr/lib/gcc/arm-none-eabi/8.3.1/../../../arm-none-eabi/lib/thumb/v6-m/nofp/libc.a(lib_a-malloc.o)
                              CMakeFiles/picow_ds4.dir/home/dhjensen02/pico-sdk/src/rp2_common/pico_malloc/pico_malloc.c.obj (malloc)
/usr/lib/gcc/arm-none-eabi/8.3.1/../../../arm-none-eabi/lib/thumb/v6-m/nofp/libc.a(lib_a-mallocr.o)
                              /usr/lib/gcc/arm-none-eabi/8.3.1/../../../arm-none-eabi/lib/thumb/v6-m/nofp/libc.a(lib_a-callocr.o) (_malloc_r)
/usr/lib/gcc/arm-none-eabi/8.3.1/../../../arm-none-eabi/lib/thumb/v6-m/nofp/libc.a(lib_a-memcmp.o)
                              CMakeFiles/picow_ds4.dir/home/dhjensen02/pico-sdk/lib/cyw43-driver/src/cyw43_ll.c.obj (memcmp)
/usr/lib/gcc/arm-none-eabi/8.3.1/../../../arm-none-eabi/lib/thumb/v6-m/nofp/libc.a(lib_a-memmove.o)
                              CMakeFiles/picow_ds4.dir/home/dhjensen02/pico-sdk/lib/cyw43-driver/src/cyw43_ll.c.obj (memmove)
/usr/lib/gcc/arm-none-eabi/8.3.1/../../../arm-none-eabi/lib/thumb/v6-m/nofp/libc.a(lib_a-mlock.o)
                              /usr/lib/gcc/arm-none-eabi/8.3.1/../../../arm-none-eabi/lib/thumb/v6-m/nofp/libc.a(lib_a-mallocr.o) (__malloc_lock)
/usr/lib/gcc/arm-none-eabi/8.3.1/../../../arm-none-eabi/lib/thumb/v6-m/nofp/libc.a(lib_a-realloc.o)
                              CMakeFiles/picow_ds4.dir/home/dhjensen02/pico-sdk/src/rp2_common/pico_malloc/pico_malloc.c.obj (realloc)
/usr/lib/gcc/arm-none-eabi/8.3.1/../../../arm-none-eabi/lib/thumb/v6-m/nofp/libc.a(lib_a-reallocr.o)
                              /usr/lib/gcc/arm-none-eabi/8.3.1/../../../arm-none-eabi/lib/thumb/v6-m/nofp/libc.a(lib_a-realloc.o) (_realloc_r)
/usr/lib/gcc/arm-none-eabi/8.3.1/../../../arm-none-eabi/lib/thumb/v6-m/nofp/libc.a(lib_a-sbrkr.o)
                              /usr/lib/gcc/arm-none-eabi/8.3.1/../../../arm-none-eabi/lib/thumb/v6-m/nofp/libc.a(lib_a-mallocr.o) (_sbrk_r)
/usr/lib/gcc/arm-none-eabi/8.3.1/../../../arm-none-eabi/lib/thumb/v6-m/nofp/libc.a(lib_a-strcmp.o)
                              CMakeFiles/picow_ds4.dir/__/btstack/src/classic/hfp.c.obj (strcmp)
/usr/lib/gcc/arm-none-eabi/8.3.1/../../../arm-none-eabi/lib/thumb/v6-m/nofp/libc.a(lib_a-strlen-stub.o)
                              CMakeFiles/picow_ds4.dir/home/dhjensen02/pico-sdk/src/rp2_common/pico_stdio/stdio.c.obj (strlen)
/usr/lib/gcc/arm-none-eabi/8.3.1/../../../arm-none-eabi/lib/thumb/v6-m/nofp/libc.a(lib_a-strncmp.o)
                              CMakeFiles/picow_ds4.dir/home/dhjensen02/pico-sdk/lib/cyw43-driver/src/cyw43_ll.c.obj (strncmp)
/usr/lib/gcc/arm-none-eabi/8.3.1/../../../arm-none-eabi/lib/thumb/v6-m/nofp/libc.a(lib_a-__atexit.o)
                              /usr/lib/gcc/arm-none-eabi/8.3.1/../../../arm-none-eabi/lib/thumb/v6-m/nofp/libc.a(lib_a-atexit.o) (__register_exitproc)
/usr/lib/gcc/arm-none-eabi/8.3.1/../../../arm-none-eabi/lib/thumb/v6-m/nofp/libc.a(lib_a-freer.o)
                              /usr/lib/gcc/arm-none-eabi/8.3.1/../../../arm-none-eabi/lib/thumb/v6-m/nofp/libc.a(lib_a-malloc.o) (_free_r)
/usr/lib/gcc/arm-none-eabi/8.3.1/../../../arm-none-eabi/lib/thumb/v6-m/nofp/libc.a(lib_a-reent.o)
                              /usr/lib/gcc/arm-none-eabi/8.3.1/../../../arm-none-eabi/lib/thumb/v6-m/nofp/libc.a(lib_a-sbrkr.o) (errno)

Allocating common symbols
[...]
Memory Configuration

Name             Origin             Length             Attributes
FLASH            0x10000000         0x00200000         xr
RAM              0x20000000         0x00040000         xrw
SCRATCH_X        0x20040000         0x00001000         xrw
SCRATCH_Y        0x20041000         0x00001000         xrw
*default*        0x00000000         0xffffffff

Linker script and memory map

LOAD /usr/lib/gcc/arm-none-eabi/8.3.1/thumb/v6-m/nofp/crti.o
LOAD /usr/lib/gcc/arm-none-eabi/8.3.1/thumb/v6-m/nofp/crtbegin.o
LOAD /usr/lib/gcc/arm-none-eabi/8.3.1/../../../arm-none-eabi/lib/thumb/v6-m/nofp/crt0.o

.flash_begin    0x10000000        0x0
                0x10000000                __flash_binary_start = .

.boot2          0x10000000      0x100
                0x10000000                __boot2_start__ = .
 *(.boot2)
 .boot2         0x10000000      0x100 /tmp/ccpbk94o.o
                0x10000100                __boot2_end__ = .
                0x00000001                ASSERT (((__boot2_end__ - __boot2_start__) == 0x100), ERROR: Pico second stage bootloader must be 256 bytes in size)

.text           0x10000100     0x4dd8
                0x10000100                __logical_binary_start = .
 *(.vectors)
 .vectors       0x10000100       0xd4 CMakeFiles/picow_ds4.dir/home/dhjensen02/pico-sdk/src/rp2_common/pico_standard_link/crt0.S.obj
                0x10000100                __vectors
                0x10000100                __VECTOR_TABLE
                0x100001c0                isr_invalid
                0x100001c0                __default_isrs_start
                0x100001c2                isr_nmi
                0x100001c4                isr_hardfault
                0x100001c6                isr_svcall
                0x100001c8                isr_pendsv
                0x100001ca                isr_systick
                0x100001cc                isr_irq30
                0x100001cc                __unhandled_user_irq
                0x100001cc                isr_irq13
                0x100001cc                isr_irq27
                0x100001cc                isr_irq31
                0x100001cc                isr_irq5
                0x100001cc                isr_irq11
                0x100001cc                isr_irq23
                0x100001cc                isr_irq18
                0x100001cc                isr_irq28
                0x100001cc                isr_irq19
                0x100001cc                isr_irq0
                0x100001cc                isr_irq6
                0x100001cc                isr_irq22
                0x100001cc                isr_irq17
                0x100001cc                isr_irq14
                0x100001cc                isr_irq2
                0x100001cc                isr_irq10
                0x100001cc                isr_irq8
                0x100001cc                isr_irq24
                0x100001cc                isr_irq1
                0x100001cc                isr_irq7
                0x100001cc                isr_irq21
                0x100001cc                isr_irq20
                0x100001cc                isr_irq15
                0x100001cc                isr_irq25
                0x100001cc                isr_irq4
                0x100001cc                isr_irq16
                0x100001cc                isr_irq29
                0x100001cc                isr_irq26
                0x100001cc                __default_isrs_end
                0x100001cc                isr_irq3
                0x100001cc                isr_irq12
                0x100001cc                isr_irq9
                0x100001d2                unhandled_user_irq_num_in_r0
 *(.binary_info_header)
 .binary_info_header
                0x100001d4       0x14 CMakeFiles/picow_ds4.dir/home/dhjensen02/pico-sdk/src/rp2_common/pico_standard_link/crt0.S.obj
                0x100001e8                __binary_info_header_end = .
 *(.reset)
 .reset         0x100001e8       0xa0 CMakeFiles/picow_ds4.dir/home/dhjensen02/pico-sdk/src/rp2_common/pico_standard_link/crt0.S.obj
                0x100001e8                _entry_point
 .reset         0x10000288       0x30 CMakeFiles/picow_ds4.dir/home/dhjensen02/pico-sdk/src/rp2_common/pico_standard_link/binary_info.c.obj
 *(.init)
 .init          0x100002b8        0x4 /usr/lib/gcc/arm-none-eabi/8.3.1/thumb/v6-m/nofp/crti.o
                0x100002b8                _init
 *(EXCLUDE_FILE(*libm.a: *libc.a:*lib_a-mem*.o *libgcc.a:) .text*)
 .text          0x100002bc       0x98 /usr/lib/gcc/arm-none-eabi/8.3.1/thumb/v6-m/nofp/crtbegin.o
 .text.servo_init
                0x10000354       0x58 CMakeFiles/picow_ds4.dir/main.c.obj
                0x10000354                servo_init
 .text.motor_init
                0x100003ac       0x54 CMakeFiles/picow_ds4.dir/main.c.obj
                0x100003ac                motor_init
 .text.startup.main
                0x10000400       0x6c CMakeFiles/picow_ds4.dir/main.c.obj
                0x10000400                main
 .text.gpio_set_function
                0x1000046c       0x30 CMakeFiles/picow_ds4.dir/home/dhjensen02/pico-sdk/src/rp2_common/hardware_gpio/gpio.c.obj
                0x1000046c                gpio_set_function
 .text.running_on_fpga
                0x1000049c       0x10 CMakeFiles/picow_ds4.dir/home/dhjensen02/pico-sdk/src/rp2_common/pico_platform/platform.c.obj
                0x1000049c                running_on_fpga
 .text.hw_claim_or_assert
                0x100004ac       0x44 CMakeFiles/picow_ds4.dir/home/dhjensen02/pico-sdk/src/rp2_common/hardware_claim/claim.c.obj
                0x100004ac                hw_claim_or_assert
 .text.hw_claim_unused_from_range
                0x100004f0       0x9c CMakeFiles/picow_ds4.dir/home/dhjensen02/pico-sdk/src/rp2_common/hardware_claim/claim.c.obj
                0x100004f0                hw_claim_unused_from_range
 .text.spin_locks_reset
                0x1000058c       0x1c CMakeFiles/picow_ds4.dir/home/dhjensen02/pico-sdk/src/rp2_common/hardware_sync/sync.c.obj
                0x1000058c                spin_locks_reset
 .text.next_striped_spin_lock_num
                0x100005a8       0x18 CMakeFiles/picow_ds4.dir/home/dhjensen02/pico-sdk/src/rp2_common/hardware_sync/sync.c.obj
                0x100005a8                next_striped_spin_lock_num
 .text.spin_lock_claim_unused
                0x100005c0       0x20 CMakeFiles/picow_ds4.dir/home/dhjensen02/pico-sdk/src/rp2_common/hardware_sync/sync.c.obj
                0x100005c0                spin_lock_claim_unused
 .text.irq_set_enabled
                0x100005e0       0x24 CMakeFiles/picow_ds4.dir/home/dhjensen02/pico-sdk/src/rp2_common/hardware_irq/irq.c.obj
                0x100005e0                irq_set_enabled
 .text.irq_set_pending
                0x10000604       0x10 CMakeFiles/picow_ds4.dir/home/dhjensen02/pico-sdk/src/rp2_common/hardware_irq/irq.c.obj
                0x10000604                irq_set_pending
 .text.irq_has_shared_handler
                0x10000614       0x2c CMakeFiles/picow_ds4.dir/home/dhjensen02/pico-sdk/src/rp2_common/hardware_irq/irq.c.obj
                0x10000614                irq_has_shared_handler
 .text.irq_get_vtable_handler
                0x10000640       0x10 CMakeFiles/picow_ds4.dir/home/dhjensen02/pico-sdk/src/rp2_common/hardware_irq/irq.c.obj
                0x10000640                irq_get_vtable_handler
 .text.irq_set_exclusive_handler
                0x10000650       0x54 CMakeFiles/picow_ds4.dir/home/dhjensen02/pico-sdk/src/rp2_common/hardware_irq/irq.c.obj
                0x10000650                irq_set_exclusive_handler
 .text.irq_add_shared_handler
                0x100006a4      0x1c8 CMakeFiles/picow_ds4.dir/home/dhjensen02/pico-sdk/src/rp2_common/hardware_irq/irq.c.obj
                0x100006a4                irq_add_shared_handler
 .text.irq_remove_handler
                0x1000086c      0x1b0 CMakeFiles/picow_ds4.dir/home/dhjensen02/pico-sdk/src/rp2_common/hardware_irq/irq.c.obj
                0x1000086c                irq_remove_handler
 .text.irq_add_tail_to_free_list
                0x10000a1c       0xb4 CMakeFiles/picow_ds4.dir/home/dhjensen02/pico-sdk/src/rp2_common/hardware_irq/irq.c.obj
                0x10000a1c                irq_add_tail_to_free_list
 .text.irq_init_priorities
                0x10000ad0       0x24 CMakeFiles/picow_ds4.dir/home/dhjensen02/pico-sdk/src/rp2_common/hardware_irq/irq.c.obj
                0x10000ad0                irq_init_priorities
 .text.user_irq_claim_unused
                0x10000af4       0x28 CMakeFiles/picow_ds4.dir/home/dhjensen02/pico-sdk/src/rp2_common/hardware_irq/irq.c.obj
                0x10000af4                user_irq_claim_unused
 .text.lock_init
                0x10000b1c       0x10 CMakeFiles/picow_ds4.dir/home/dhjensen02/pico-sdk/src/common/pico_sync/lock_core.c.obj
                0x10000b1c                lock_init
 .text.mutex_init
                0x10000b2c       0x1c CMakeFiles/picow_ds4.dir/home/dhjensen02/pico-sdk/src/common/pico_sync/mutex.c.obj
                0x10000b2c                mutex_init
 .text.recursive_mutex_init
                0x10000b48       0x1c CMakeFiles/picow_ds4.dir/home/dhjensen02/pico-sdk/src/common/pico_sync/mutex.c.obj
                0x10000b48                recursive_mutex_init
 .text.critical_section_init
                0x10000b64       0x20 CMakeFiles/picow_ds4.dir/home/dhjensen02/pico-sdk/src/common/pico_sync/critical_section.c.obj
                0x10000b64                critical_section_init
 .text.critical_section_init_with_lock_num
                0x10000b84       0x14 CMakeFiles/picow_ds4.dir/home/dhjensen02/pico-sdk/src/common/pico_sync/critical_section.c.obj
                0x10000b84                critical_section_init_with_lock_num
 .text.ph_merge_nodes
                0x10000b98       0x5c CMakeFiles/picow_ds4.dir/home/dhjensen02/pico-sdk/src/common/pico_time/time.c.obj
 .text.timer_pool_entry_comparator
                0x10000bf4       0x34 CMakeFiles/picow_ds4.dir/home/dhjensen02/pico-sdk/src/common/pico_time/time.c.obj
                0x10000bf4                timer_pool_entry_comparator
 .text.sleep_until_callback
                0x10000c28       0x30 CMakeFiles/picow_ds4.dir/home/dhjensen02/pico-sdk/src/common/pico_time/time.c.obj
 .text.add_alarm_under_lock
                0x10000c58       0xbc CMakeFiles/picow_ds4.dir/home/dhjensen02/pico-sdk/src/common/pico_time/time.c.obj
 .text.alarm_pool_alarm_callback
                0x10000d14      0x1c0 CMakeFiles/picow_ds4.dir/home/dhjensen02/pico-sdk/src/common/pico_time/time.c.obj
 .text.alarm_pool_init_default
                0x10000ed4       0x6c CMakeFiles/picow_ds4.dir/home/dhjensen02/pico-sdk/src/common/pico_time/time.c.obj
                0x10000ed4                alarm_pool_init_default
 .text.alarm_pool_get_default
                0x10000f40        0x8 CMakeFiles/picow_ds4.dir/home/dhjensen02/pico-sdk/src/common/pico_time/time.c.obj
                0x10000f40                alarm_pool_get_default
 .text.alarm_pool_add_alarm_at
                0x10000f48      0x144 CMakeFiles/picow_ds4.dir/home/dhjensen02/pico-sdk/src/common/pico_time/time.c.obj
                0x10000f48                alarm_pool_add_alarm_at
 .text.alarm_pool_core_num
                0x1000108c        0x4 CMakeFiles/picow_ds4.dir/home/dhjensen02/pico-sdk/src/common/pico_time/time.c.obj
                0x1000108c                alarm_pool_core_num
 .text.sleep_until
                0x10001090       0xc4 CMakeFiles/picow_ds4.dir/home/dhjensen02/pico-sdk/src/common/pico_time/time.c.obj
                0x10001090                sleep_until
 .text.sleep_ms
                0x10001154       0x34 CMakeFiles/picow_ds4.dir/home/dhjensen02/pico-sdk/src/common/pico_time/time.c.obj
                0x10001154                sleep_ms
 .text.best_effort_wfe_or_timeout
                0x10001188       0xd0 CMakeFiles/picow_ds4.dir/home/dhjensen02/pico-sdk/src/common/pico_time/time.c.obj
                0x10001188                best_effort_wfe_or_timeout
 .text.hardware_alarm_irq_handler
                0x10001258       0xb4 CMakeFiles/picow_ds4.dir/home/dhjensen02/pico-sdk/src/rp2_common/hardware_timer/timer.c.obj
 .text.hardware_alarm_claim
                0x1000130c       0x18 CMakeFiles/picow_ds4.dir/home/dhjensen02/pico-sdk/src/rp2_common/hardware_timer/timer.c.obj
                0x1000130c                hardware_alarm_claim
 .text.time_us_64
                0x10001324       0x18 CMakeFiles/picow_ds4.dir/home/dhjensen02/pico-sdk/src/rp2_common/hardware_timer/timer.c.obj
                0x10001324                time_us_64
 .text.busy_wait_us
                0x1000133c       0x60 CMakeFiles/picow_ds4.dir/home/dhjensen02/pico-sdk/src/rp2_common/hardware_timer/timer.c.obj
                0x1000133c                busy_wait_us
 .text.busy_wait_until
                0x1000139c       0x20 CMakeFiles/picow_ds4.dir/home/dhjensen02/pico-sdk/src/rp2_common/hardware_timer/timer.c.obj
                0x1000139c                busy_wait_until
 .text.hardware_alarm_set_callback
                0x100013bc       0x8c CMakeFiles/picow_ds4.dir/home/dhjensen02/pico-sdk/src/rp2_common/hardware_timer/timer.c.obj
                0x100013bc                hardware_alarm_set_callback
 .text.hardware_alarm_set_target
                0x10001448       0xd8 CMakeFiles/picow_ds4.dir/home/dhjensen02/pico-sdk/src/rp2_common/hardware_timer/timer.c.obj
                0x10001448                hardware_alarm_set_target
 .text.hardware_alarm_cancel
                0x10001520       0x40 CMakeFiles/picow_ds4.dir/home/dhjensen02/pico-sdk/src/rp2_common/hardware_timer/timer.c.obj
                0x10001520                hardware_alarm_cancel
 .text.ph_merge_nodes
                0x10001560       0x5c CMakeFiles/picow_ds4.dir/home/dhjensen02/pico-sdk/src/common/pico_util/pheap.c.obj
 .text.ph_post_alloc_init
                0x100015bc      0x1b8 CMakeFiles/picow_ds4.dir/home/dhjensen02/pico-sdk/src/common/pico_util/pheap.c.obj
                0x100015bc                ph_post_alloc_init
 .text.ph_merge_two_pass
                0x10001774       0x4c CMakeFiles/picow_ds4.dir/home/dhjensen02/pico-sdk/src/common/pico_util/pheap.c.obj
                0x10001774                ph_merge_two_pass
 .text.ph_remove_any_head
                0x100017c0      0x1c0 CMakeFiles/picow_ds4.dir/home/dhjensen02/pico-sdk/src/common/pico_util/pheap.c.obj
 .text.ph_remove_head
                0x10001980      0x1c4 CMakeFiles/picow_ds4.dir/home/dhjensen02/pico-sdk/src/common/pico_util/pheap.c.obj
                0x10001980                ph_remove_head
 .text.ph_remove_and_free_node
                0x10001b44       0x7c CMakeFiles/picow_ds4.dir/home/dhjensen02/pico-sdk/src/common/pico_util/pheap.c.obj
                0x10001b44                ph_remove_and_free_node
 .text.uart_init
                0x10001bc0      0x188 CMakeFiles/picow_ds4.dir/home/dhjensen02/pico-sdk/src/rp2_common/hardware_uart/uart.c.obj
                0x10001bc0                uart_init
 .text.clocks_init
                0x10001d48      0x2d4 CMakeFiles/picow_ds4.dir/home/dhjensen02/pico-sdk/src/rp2_common/hardware_clocks/clocks.c.obj
                0x10001d48                clocks_init
 .text.clock_get_hz
                0x1000201c        0xc CMakeFiles/picow_ds4.dir/home/dhjensen02/pico-sdk/src/rp2_common/hardware_clocks/clocks.c.obj
                0x1000201c                clock_get_hz
 .text.pll_init
                0x10002028       0xa0 CMakeFiles/picow_ds4.dir/home/dhjensen02/pico-sdk/src/rp2_common/hardware_pll/pll.c.obj
                0x10002028                pll_init
 .text.watchdog_start_tick
                0x100020c8       0x10 CMakeFiles/picow_ds4.dir/home/dhjensen02/pico-sdk/src/rp2_common/hardware_watchdog/watchdog.c.obj
                0x100020c8                watchdog_start_tick
 .text.watchdog_reboot
                0x100020d8       0x98 CMakeFiles/picow_ds4.dir/home/dhjensen02/pico-sdk/src/rp2_common/hardware_watchdog/watchdog.c.obj
                0x100020d8                watchdog_reboot
 .text.xosc_init
                0x10002170       0x28 CMakeFiles/picow_ds4.dir/home/dhjensen02/pico-sdk/src/rp2_common/hardware_xosc/xosc.c.obj
                0x10002170                xosc_init
 .text.runtime_init
                0x10002198       0xf4 CMakeFiles/picow_ds4.dir/home/dhjensen02/pico-sdk/src/rp2_common/pico_runtime/runtime.c.obj
                0x10002198                runtime_init
 .text._exit    0x1000228c        0x4 CMakeFiles/picow_ds4.dir/home/dhjensen02/pico-sdk/src/rp2_common/pico_runtime/runtime.c.obj
                0x1000228c                _exit
 .text.exit     0x10002290        0x8 CMakeFiles/picow_ds4.dir/home/dhjensen02/pico-sdk/src/rp2_common/pico_runtime/runtime.c.obj
                0x10002290                exit
 .text.panic    0x10002298       0x30 CMakeFiles/picow_ds4.dir/home/dhjensen02/pico-sdk/src/rp2_common/pico_runtime/runtime.c.obj
                0x10002298                panic
 .text.hard_assertion_failure
                0x100022c8        0xc CMakeFiles/picow_ds4.dir/home/dhjensen02/pico-sdk/src/rp2_common/pico_runtime/runtime.c.obj
                0x100022c8                hard_assertion_failure
 .text._out_char
                0x100022d4       0x10 CMakeFiles/picow_ds4.dir/home/dhjensen02/pico-sdk/src/rp2_common/pico_printf/printf.c.obj
 .text.weak_raw_vprintf
                0x100022e4       0x30 CMakeFiles/picow_ds4.dir/home/dhjensen02/pico-sdk/src/rp2_common/pico_printf/printf.c.obj
                0x100022e4                weak_raw_vprintf
 .text          0x10002314       0x10 CMakeFiles/picow_ds4.dir/home/dhjensen02/pico-sdk/src/rp2_common/pico_bit_ops/bit_ops_aeabi.S.obj
 .text.rom_func_lookup
                0x10002324       0x10 CMakeFiles/picow_ds4.dir/home/dhjensen02/pico-sdk/src/rp2_common/pico_bootrom/bootrom.c.obj
                0x10002324                rom_func_lookup
 .text.rom_data_lookup
                0x10002334       0x10 CMakeFiles/picow_ds4.dir/home/dhjensen02/pico-sdk/src/rp2_common/pico_bootrom/bootrom.c.obj
                0x10002334                rom_data_lookup
 .text.rom_funcs_lookup
                0x10002344       0x3c CMakeFiles/picow_ds4.dir/home/dhjensen02/pico-sdk/src/rp2_common/pico_bootrom/bootrom.c.obj
                0x10002344                rom_funcs_lookup
 .text.__wrap___aeabi_uidiv
                0x10002380       0x4c CMakeFiles/picow_ds4.dir/home/dhjensen02/pico-sdk/src/rp2_common/pico_divider/divider.S.obj
                0x10002380                __wrap___aeabi_uidiv
                0x10002380                __wrap___aeabi_uidivmod
                0x10002380                div_u32u32
                0x10002380                divmod_u32u32
                0x10002388                divmod_u32u32_unsafe
                0x100023b0                divmod_u32u32_savestate
 .text.missing_double_func_shim
                0x100023cc        0xc CMakeFiles/picow_ds4.dir/home/dhjensen02/pico-sdk/src/rp2_common/pico_double/double_init_rom.c.obj
 .text.__aeabi_double_init
                0x100023d8       0xc4 CMakeFiles/picow_ds4.dir/home/dhjensen02/pico-sdk/src/rp2_common/pico_double/double_init_rom.c.obj
                0x100023d8                __aeabi_double_init
 .text.double_table_shim_on_use_helper
                0x1000249c       0x2c CMakeFiles/picow_ds4.dir/home/dhjensen02/pico-sdk/src/rp2_common/pico_double/double_v1_rom_shim.S.obj
                0x1000249c                double_table_shim_on_use_helper
 .text.__aeabi_lmul
                0x100024c8       0x32 CMakeFiles/picow_ds4.dir/home/dhjensen02/pico-sdk/src/rp2_common/pico_int64_ops/pico_int64_ops_aeabi.S.obj
                0x100024c8                __wrap___aeabi_lmul
 *fill*         0x100024fa        0x2 
 .text.missing_float_func_shim
                0x100024fc        0xc CMakeFiles/picow_ds4.dir/home/dhjensen02/pico-sdk/src/rp2_common/pico_float/float_init_rom.c.obj
 .text.__aeabi_float_init
                0x10002508       0x60 CMakeFiles/picow_ds4.dir/home/dhjensen02/pico-sdk/src/rp2_common/pico_float/float_init_rom.c.obj
                0x10002508                __aeabi_float_init
 .text          0x10002568       0x10 CMakeFiles/picow_ds4.dir/home/dhjensen02/pico-sdk/src/rp2_common/pico_mem_ops/mem_ops_aeabi.S.obj
                0x10002568                __aeabi_mem_init
 .text.memset   0x10002578        0xc CMakeFiles/picow_ds4.dir/home/dhjensen02/pico-sdk/src/rp2_common/pico_mem_ops/mem_ops_aeabi.S.obj
                0x10002578                __wrap_memset
 .text.memcpy   0x10002584        0xc CMakeFiles/picow_ds4.dir/home/dhjensen02/pico-sdk/src/rp2_common/pico_mem_ops/mem_ops_aeabi.S.obj
                0x10002584                __wrap___aeabi_memcpy
                0x10002584                __wrap_memcpy
 .text.stdio_out_chars_no_crlf
                0x10002590       0x10 CMakeFiles/picow_ds4.dir/home/dhjensen02/pico-sdk/src/rp2_common/pico_stdio/stdio.c.obj
 .text.stdio_out_chars_crlf
                0x100025a0       0xac CMakeFiles/picow_ds4.dir/home/dhjensen02/pico-sdk/src/rp2_common/pico_stdio/stdio.c.obj
 .text.stdio_put_string
                0x1000264c      0x104 CMakeFiles/picow_ds4.dir/home/dhjensen02/pico-sdk/src/rp2_common/pico_stdio/stdio.c.obj
 .text.__wrap_putchar
                0x10002750       0x98 CMakeFiles/picow_ds4.dir/home/dhjensen02/pico-sdk/src/rp2_common/pico_stdio/stdio.c.obj
                0x10002750                __wrap_putchar
 .text.__wrap_puts
                0x100027e8       0x3c CMakeFiles/picow_ds4.dir/home/dhjensen02/pico-sdk/src/rp2_common/pico_stdio/stdio.c.obj
                0x100027e8                __wrap_puts
 .text.stdio_set_driver_enabled
                0x10002824       0x30 CMakeFiles/picow_ds4.dir/home/dhjensen02/pico-sdk/src/rp2_common/pico_stdio/stdio.c.obj
                0x10002824                stdio_set_driver_enabled
 .text.stdio_init_all
                0x10002854       0x10 CMakeFiles/picow_ds4.dir/home/dhjensen02/pico-sdk/src/rp2_common/pico_stdio/stdio.c.obj
                0x10002854                stdio_init_all
 .text.stdio_uart_out_chars
                0x10002864       0x4c CMakeFiles/picow_ds4.dir/home/dhjensen02/pico-sdk/src/rp2_common/pico_stdio_uart/stdio_uart.c.obj
 .text.stdio_uart_in_chars
                0x100028b0       0x7c CMakeFiles/picow_ds4.dir/home/dhjensen02/pico-sdk/src/rp2_common/pico_stdio_uart/stdio_uart.c.obj
                0x100028b0                stdio_uart_in_chars
 .text.on_uart_rx
                0x1000292c       0x28 CMakeFiles/picow_ds4.dir/home/dhjensen02/pico-sdk/src/rp2_common/pico_stdio_uart/stdio_uart.c.obj
 .text.stdio_uart_set_chars_available_callback
                0x10002954       0x84 CMakeFiles/picow_ds4.dir/home/dhjensen02/pico-sdk/src/rp2_common/pico_stdio_uart/stdio_uart.c.obj
 .text.stdio_uart_init
                0x100029d8       0x48 CMakeFiles/picow_ds4.dir/home/dhjensen02/pico-sdk/src/rp2_common/pico_stdio_uart/stdio_uart.c.obj
                0x100029d8                stdio_uart_init
 .text.resetd_init
                0x10002a20        0x4 CMakeFiles/picow_ds4.dir/home/dhjensen02/pico-sdk/src/rp2_common/pico_stdio_usb/reset_interface.c.obj
 .text.resetd_reset
                0x10002a24        0xc CMakeFiles/picow_ds4.dir/home/dhjensen02/pico-sdk/src/rp2_common/pico_stdio_usb/reset_interface.c.obj
 .text.resetd_open
                0x10002a30       0x28 CMakeFiles/picow_ds4.dir/home/dhjensen02/pico-sdk/src/rp2_common/pico_stdio_usb/reset_interface.c.obj
 .text.resetd_xfer_cb
                0x10002a58        0x4 CMakeFiles/picow_ds4.dir/home/dhjensen02/pico-sdk/src/rp2_common/pico_stdio_usb/reset_interface.c.obj
 .text.resetd_control_xfer_cb
                0x10002a5c       0x64 CMakeFiles/picow_ds4.dir/home/dhjensen02/pico-sdk/src/rp2_common/pico_stdio_usb/reset_interface.c.obj
 .text.usbd_app_driver_get_cb
                0x10002ac0        0xc CMakeFiles/picow_ds4.dir/home/dhjensen02/pico-sdk/src/rp2_common/pico_stdio_usb/reset_interface.c.obj
                0x10002ac0                usbd_app_driver_get_cb
 .text.tud_cdc_line_coding_cb
                0x10002acc       0x34 CMakeFiles/picow_ds4.dir/home/dhjensen02/pico-sdk/src/rp2_common/pico_stdio_usb/reset_interface.c.obj
                0x10002acc                tud_cdc_line_coding_cb
 .text.stdio_usb_set_chars_available_callback
                0x10002b00       0x14 CMakeFiles/picow_ds4.dir/home/dhjensen02/pico-sdk/src/rp2_common/pico_stdio_usb/stdio_usb.c.obj
                0x10002b00                stdio_usb_set_chars_available_callback
 .text.timer_task
                0x10002b14       0x54 CMakeFiles/picow_ds4.dir/home/dhjensen02/pico-sdk/src/rp2_common/pico_stdio_usb/stdio_usb.c.obj
 .text.usb_irq  0x10002b68       0x10 CMakeFiles/picow_ds4.dir/home/dhjensen02/pico-sdk/src/rp2_common/pico_stdio_usb/stdio_usb.c.obj
 .text.stdio_usb_in_chars
                0x10002b78       0x90 CMakeFiles/picow_ds4.dir/home/dhjensen02/pico-sdk/src/rp2_common/pico_stdio_usb/stdio_usb.c.obj
                0x10002b78                stdio_usb_in_chars
 .text.stdio_usb_out_chars
                0x10002c08      0x110 CMakeFiles/picow_ds4.dir/home/dhjensen02/pico-sdk/src/rp2_common/pico_stdio_usb/stdio_usb.c.obj
 .text.low_priority_worker_irq
                0x10002d18       0xa8 CMakeFiles/picow_ds4.dir/home/dhjensen02/pico-sdk/src/rp2_common/pico_stdio_usb/stdio_usb.c.obj
 .text.tud_cdc_rx_cb
                0x10002dc0       0x20 CMakeFiles/picow_ds4.dir/home/dhjensen02/pico-sdk/src/rp2_common/pico_stdio_usb/stdio_usb.c.obj
                0x10002dc0                tud_cdc_rx_cb
 .text.stdio_usb_init
                0x10002de0       0xdc CMakeFiles/picow_ds4.dir/home/dhjensen02/pico-sdk/src/rp2_common/pico_stdio_usb/stdio_usb.c.obj
                0x10002de0                stdio_usb_init
 .text.tud_descriptor_device_cb
                0x10002ebc        0x8 CMakeFiles/picow_ds4.dir/home/dhjensen02/pico-sdk/src/rp2_common/pico_stdio_usb/stdio_usb_descriptors.c.obj
                0x10002ebc                tud_descriptor_device_cb
 .text.tud_descriptor_configuration_cb
                0x10002ec4        0x8 CMakeFiles/picow_ds4.dir/home/dhjensen02/pico-sdk/src/rp2_common/pico_stdio_usb/stdio_usb_descriptors.c.obj
                0x10002ec4                tud_descriptor_configuration_cb
 .text.tud_descriptor_string_cb
                0x10002ecc       0x70 CMakeFiles/picow_ds4.dir/home/dhjensen02/pico-sdk/src/rp2_common/pico_stdio_usb/stdio_usb_descriptors.c.obj
                0x10002ecc                tud_descriptor_string_cb
 .text.startup._retrieve_unique_id_on_boot
                0x10002f3c       0x10 CMakeFiles/picow_ds4.dir/home/dhjensen02/pico-sdk/src/rp2_common/pico_unique_id/unique_id.c.obj
 .text.pico_get_unique_board_id_string
                0x10002f4c      0x1cc CMakeFiles/picow_ds4.dir/home/dhjensen02/pico-sdk/src/rp2_common/pico_unique_id/unique_id.c.obj
                0x10002f4c                pico_get_unique_board_id_string
 .text.flash_get_unique_id
                0x10003118       0x3c CMakeFiles/picow_ds4.dir/home/dhjensen02/pico-sdk/src/rp2_common/hardware_flash/flash.c.obj
                0x10003118                flash_get_unique_id
 .text.dcd_int_enable
                0x10003154        0xc CMakeFiles/picow_ds4.dir/home/dhjensen02/pico-sdk/lib/tinyusb/src/portable/raspberrypi/rp2040/dcd_rp2040.c.obj
                0x10003154                dcd_int_enable
 .text.dcd_set_address
                0x10003160       0x14 CMakeFiles/picow_ds4.dir/home/dhjensen02/pico-sdk/lib/tinyusb/src/portable/raspberrypi/rp2040/dcd_rp2040.c.obj
                0x10003160                dcd_set_address
 .text.dcd_connect
                0x10003174       0x10 CMakeFiles/picow_ds4.dir/home/dhjensen02/pico-sdk/lib/tinyusb/src/portable/raspberrypi/rp2040/dcd_rp2040.c.obj
                0x10003174                dcd_connect
 .text.dcd_init
                0x10003184       0x90 CMakeFiles/picow_ds4.dir/home/dhjensen02/pico-sdk/lib/tinyusb/src/portable/raspberrypi/rp2040/dcd_rp2040.c.obj
                0x10003184                dcd_init
 .text.dcd_edpt0_status_complete
                0x10003214       0x1c CMakeFiles/picow_ds4.dir/home/dhjensen02/pico-sdk/lib/tinyusb/src/portable/raspberrypi/rp2040/dcd_rp2040.c.obj
                0x10003214                dcd_edpt0_status_complete
 .text.dcd_edpt_open
                0x10003230      0x10c CMakeFiles/picow_ds4.dir/home/dhjensen02/pico-sdk/lib/tinyusb/src/portable/raspberrypi/rp2040/dcd_rp2040.c.obj
                0x10003230                dcd_edpt_open
 .text.dcd_edpt_close_all
                0x1000333c        0x8 CMakeFiles/picow_ds4.dir/home/dhjensen02/pico-sdk/lib/tinyusb/src/portable/raspberrypi/rp2040/dcd_rp2040.c.obj
                0x1000333c                dcd_edpt_close_all
 .text.dcd_edpt_xfer
                0x10003344       0x24 CMakeFiles/picow_ds4.dir/home/dhjensen02/pico-sdk/lib/tinyusb/src/portable/raspberrypi/rp2040/dcd_rp2040.c.obj
                0x10003344                dcd_edpt_xfer
 .text.dcd_edpt_stall
                0x10003368       0x34 CMakeFiles/picow_ds4.dir/home/dhjensen02/pico-sdk/lib/tinyusb/src/portable/raspberrypi/rp2040/dcd_rp2040.c.obj
                0x10003368                dcd_edpt_stall
 .text.dcd_edpt_clear_stall
                0x1000339c       0x2c CMakeFiles/picow_ds4.dir/home/dhjensen02/pico-sdk/lib/tinyusb/src/portable/raspberrypi/rp2040/dcd_rp2040.c.obj
                0x1000339c                dcd_edpt_clear_stall
 .text.rp2040_usb_init
                0x100033c8       0x4c CMakeFiles/picow_ds4.dir/home/dhjensen02/pico-sdk/lib/tinyusb/src/portable/raspberrypi/rp2040/rp2040_usb.c.obj
                0x100033c8                rp2040_usb_init
 .text.hw_endpoint_xfer_start
                0x10003414       0x54 CMakeFiles/picow_ds4.dir/home/dhjensen02/pico-sdk/lib/tinyusb/src/portable/raspberrypi/rp2040/rp2040_usb.c.obj
                0x10003414                hw_endpoint_xfer_start
 .text.tud_mounted
                0x10003468       0x10 CMakeFiles/picow_ds4.dir/home/dhjensen02/pico-sdk/lib/tinyusb/src/device/usbd.c.obj
                0x10003468                tud_mounted
 .text.tud_suspended
                0x10003478       0x10 CMakeFiles/picow_ds4.dir/home/dhjensen02/pico-sdk/lib/tinyusb/src/device/usbd.c.obj
                0x10003478                tud_suspended
 .text.tud_inited
                0x10003488       0x14 CMakeFiles/picow_ds4.dir/home/dhjensen02/pico-sdk/lib/tinyusb/src/device/usbd.c.obj
                0x10003488                tud_inited
 .text.tud_init
                0x1000349c       0xe4 CMakeFiles/picow_ds4.dir/home/dhjensen02/pico-sdk/lib/tinyusb/src/device/usbd.c.obj
                0x1000349c                tud_init
 .text.tud_task_ext
                0x10003580      0x88c CMakeFiles/picow_ds4.dir/home/dhjensen02/pico-sdk/lib/tinyusb/src/device/usbd.c.obj
                0x10003580                tud_task_ext
 .text.usbd_open_edpt_pair
                0x10003e0c       0xbc CMakeFiles/picow_ds4.dir/home/dhjensen02/pico-sdk/lib/tinyusb/src/device/usbd.c.obj
                0x10003e0c                usbd_open_edpt_pair
 .text.usbd_defer_func
                0x10003ec8       0x4c CMakeFiles/picow_ds4.dir/home/dhjensen02/pico-sdk/lib/tinyusb/src/device/usbd.c.obj
                0x10003ec8                usbd_defer_func
 .text.usbd_edpt_open
                0x10003f14       0x34 CMakeFiles/picow_ds4.dir/home/dhjensen02/pico-sdk/lib/tinyusb/src/device/usbd.c.obj
                0x10003f14                usbd_edpt_open
 .text.usbd_edpt_claim
                0x10003f48       0x28 CMakeFiles/picow_ds4.dir/home/dhjensen02/pico-sdk/lib/tinyusb/src/device/usbd.c.obj
                0x10003f48                usbd_edpt_claim
 .text.usbd_edpt_release
                0x10003f70       0x28 CMakeFiles/picow_ds4.dir/home/dhjensen02/pico-sdk/lib/tinyusb/src/device/usbd.c.obj
                0x10003f70                usbd_edpt_release
 .text.usbd_edpt_xfer
                0x10003f98       0x4c CMakeFiles/picow_ds4.dir/home/dhjensen02/pico-sdk/lib/tinyusb/src/device/usbd.c.obj
                0x10003f98                usbd_edpt_xfer
 .text.tud_control_status
                0x10003fe4       0x30 CMakeFiles/picow_ds4.dir/home/dhjensen02/pico-sdk/lib/tinyusb/src/device/usbd_control.c.obj
                0x10003fe4                tud_control_status
 .text.tud_control_xfer
                0x10004014       0xb4 CMakeFiles/picow_ds4.dir/home/dhjensen02/pico-sdk/lib/tinyusb/src/device/usbd_control.c.obj
                0x10004014                tud_control_xfer
 .text.usbd_control_reset
                0x100040c8       0x14 CMakeFiles/picow_ds4.dir/home/dhjensen02/pico-sdk/lib/tinyusb/src/device/usbd_control.c.obj
                0x100040c8                usbd_control_reset
 .text.usbd_control_set_complete_callback
                0x100040dc        0xc CMakeFiles/picow_ds4.dir/home/dhjensen02/pico-sdk/lib/tinyusb/src/device/usbd_control.c.obj
                0x100040dc                usbd_control_set_complete_callback
 .text.usbd_control_set_request
                0x100040e8       0x1c CMakeFiles/picow_ds4.dir/home/dhjensen02/pico-sdk/lib/tinyusb/src/device/usbd_control.c.obj
                0x100040e8                usbd_control_set_request
 .text.usbd_control_xfer_cb
                0x10004104       0xfc CMakeFiles/picow_ds4.dir/home/dhjensen02/pico-sdk/lib/tinyusb/src/device/usbd_control.c.obj
                0x10004104                usbd_control_xfer_cb
 .text.tud_cdc_n_connected
                0x10004200       0x30 CMakeFiles/picow_ds4.dir/home/dhjensen02/pico-sdk/lib/tinyusb/src/class/cdc/cdc_device.c.obj
                0x10004200                tud_cdc_n_connected
 .text.tud_cdc_n_available
                0x10004230       0x18 CMakeFiles/picow_ds4.dir/home/dhjensen02/pico-sdk/lib/tinyusb/src/class/cdc/cdc_device.c.obj
                0x10004230                tud_cdc_n_available
 .text.tud_cdc_n_read
                0x10004248       0x70 CMakeFiles/picow_ds4.dir/home/dhjensen02/pico-sdk/lib/tinyusb/src/class/cdc/cdc_device.c.obj
                0x10004248                tud_cdc_n_read
 .text.tud_cdc_n_write_flush
                0x100042b8       0x78 CMakeFiles/picow_ds4.dir/home/dhjensen02/pico-sdk/lib/tinyusb/src/class/cdc/cdc_device.c.obj
                0x100042b8                tud_cdc_n_write_flush
 .text.tud_cdc_n_write
                0x10004330       0x34 CMakeFiles/picow_ds4.dir/home/dhjensen02/pico-sdk/lib/tinyusb/src/class/cdc/cdc_device.c.obj
                0x10004330                tud_cdc_n_write
 .text.tud_cdc_n_write_available
                0x10004364       0x18 CMakeFiles/picow_ds4.dir/home/dhjensen02/pico-sdk/lib/tinyusb/src/class/cdc/cdc_device.c.obj
                0x10004364                tud_cdc_n_write_available
 .text.cdcd_init
                0x1000437c       0x7c CMakeFiles/picow_ds4.dir/home/dhjensen02/pico-sdk/lib/tinyusb/src/class/cdc/cdc_device.c.obj
                0x1000437c                cdcd_init
 .text.cdcd_reset
                0x100043f8       0x2c CMakeFiles/picow_ds4.dir/home/dhjensen02/pico-sdk/lib/tinyusb/src/class/cdc/cdc_device.c.obj
                0x100043f8                cdcd_reset
 .text.cdcd_open
                0x10004424       0xe8 CMakeFiles/picow_ds4.dir/home/dhjensen02/pico-sdk/lib/tinyusb/src/class/cdc/cdc_device.c.obj
                0x10004424                cdcd_open
 .text.cdcd_control_xfer_cb
                0x1000450c       0xdc CMakeFiles/picow_ds4.dir/home/dhjensen02/pico-sdk/lib/tinyusb/src/class/cdc/cdc_device.c.obj
                0x1000450c                cdcd_control_xfer_cb
 .text.cdcd_xfer_cb
                0x100045e8      0x19c CMakeFiles/picow_ds4.dir/home/dhjensen02/pico-sdk/lib/tinyusb/src/class/cdc/cdc_device.c.obj
                0x100045e8                cdcd_xfer_cb
 .text.tusb_init
                0x10004784        0xc CMakeFiles/picow_ds4.dir/home/dhjensen02/pico-sdk/lib/tinyusb/src/tusb.c.obj
                0x10004784                tusb_init
 .text.tusb_inited
                0x10004790        0x8 CMakeFiles/picow_ds4.dir/home/dhjensen02/pico-sdk/lib/tinyusb/src/tusb.c.obj
                0x10004790                tusb_inited
 .text.tu_edpt_claim
                0x10004798       0x4c CMakeFiles/picow_ds4.dir/home/dhjensen02/pico-sdk/lib/tinyusb/src/tusb.c.obj
                0x10004798                tu_edpt_claim
 .text.tu_edpt_release
                0x100047e4       0x38 CMakeFiles/picow_ds4.dir/home/dhjensen02/pico-sdk/lib/tinyusb/src/tusb.c.obj
                0x100047e4                tu_edpt_release
 .text.tu_edpt_validate
                0x1000481c       0x74 CMakeFiles/picow_ds4.dir/home/dhjensen02/pico-sdk/lib/tinyusb/src/tusb.c.obj
                0x1000481c                tu_edpt_validate
 .text.tu_edpt_bind_driver
                0x10004890       0x34 CMakeFiles/picow_ds4.dir/home/dhjensen02/pico-sdk/lib/tinyusb/src/tusb.c.obj
                0x10004890                tu_edpt_bind_driver
 .text.tu_fifo_config
                0x100048c4       0x7c CMakeFiles/picow_ds4.dir/home/dhjensen02/pico-sdk/lib/tinyusb/src/common/tusb_fifo.c.obj
                0x100048c4                tu_fifo_config
 .text.tu_fifo_count
                0x10004940       0x28 CMakeFiles/picow_ds4.dir/home/dhjensen02/pico-sdk/lib/tinyusb/src/common/tusb_fifo.c.obj
                0x10004940                tu_fifo_count
 .text.tu_fifo_empty
                0x10004968       0x10 CMakeFiles/picow_ds4.dir/home/dhjensen02/pico-sdk/lib/tinyusb/src/common/tusb_fifo.c.obj
                0x10004968                tu_fifo_empty
 .text.tu_fifo_remaining
                0x10004978       0x28 CMakeFiles/picow_ds4.dir/home/dhjensen02/pico-sdk/lib/tinyusb/src/common/tusb_fifo.c.obj
                0x10004978                tu_fifo_remaining
 .text.tu_fifo_read
                0x100049a0       0xa4 CMakeFiles/picow_ds4.dir/home/dhjensen02/pico-sdk/lib/tinyusb/src/common/tusb_fifo.c.obj
                0x100049a0                tu_fifo_read
 .text.tu_fifo_read_n
                0x10004a44       0xf0 CMakeFiles/picow_ds4.dir/home/dhjensen02/pico-sdk/lib/tinyusb/src/common/tusb_fifo.c.obj
                0x10004a44                tu_fifo_read_n
 .text.tu_fifo_write
                0x10004b34       0x8c CMakeFiles/picow_ds4.dir/home/dhjensen02/pico-sdk/lib/tinyusb/src/common/tusb_fifo.c.obj
                0x10004b34                tu_fifo_write
 .text.tu_fifo_write_n
                0x10004bc0      0x160 CMakeFiles/picow_ds4.dir/home/dhjensen02/pico-sdk/lib/tinyusb/src/common/tusb_fifo.c.obj
                0x10004bc0                tu_fifo_write_n
 .text.tu_fifo_clear
                0x10004d20       0x40 CMakeFiles/picow_ds4.dir/home/dhjensen02/pico-sdk/lib/tinyusb/src/common/tusb_fifo.c.obj
                0x10004d20                tu_fifo_clear
 .text.tu_fifo_set_overwritable
                0x10004d60       0x48 CMakeFiles/picow_ds4.dir/home/dhjensen02/pico-sdk/lib/tinyusb/src/common/tusb_fifo.c.obj
                0x10004d60                tu_fifo_set_overwritable
 .text          0x10004da8       0x68 /usr/lib/gcc/arm-none-eabi/8.3.1/../../../arm-none-eabi/lib/thumb/v6-m/nofp/libc.a(lib_a-strlen-stub.o)
                0x10004da8                strlen
 *(.fini)
 .fini          0x10004e10        0x4 /usr/lib/gcc/arm-none-eabi/8.3.1/thumb/v6-m/nofp/crti.o
                0x10004e10                _fini
 *fill*         0x10004e14        0x4 
 .fini.__stub   0x10004e18       0xc0 linker stubs
 *crtbegin.o(.ctors)
 *crtbegin?.o(.ctors)
 *(EXCLUDE_FILE(*crtend.o *crtend?.o) .ctors)
 *(SORT_BY_NAME(.ctors.*))
 *(.ctors)
 *crtbegin.o(.dtors)
 *crtbegin?.o(.dtors)
 *(EXCLUDE_FILE(*crtend.o *crtend?.o) .dtors)
 *(SORT_BY_NAME(.dtors.*))
 *(.dtors)
 *(.eh_frame*)
 .eh_frame      0x10004ed8        0x0 /usr/lib/gcc/arm-none-eabi/8.3.1/thumb/v6-m/nofp/crtbegin.o
                0x10004ed8                . = ALIGN (0x4)

.glue_7         0x10004ed8        0x0
 .glue_7        0x10004ed8        0x0 linker stubs

.glue_7t        0x10004ed8        0x0
 .glue_7t       0x10004ed8        0x0 linker stubs

.vfp11_veneer   0x10004ed8        0x0
 .vfp11_veneer  0x10004ed8        0x0 linker stubs

.v4_bx          0x10004ed8        0x0
 .v4_bx         0x10004ed8        0x0 linker stubs

.iplt           0x10004ed8        0x0
 .iplt          0x10004ed8        0x0 /usr/lib/gcc/arm-none-eabi/8.3.1/thumb/v6-m/nofp/crtbegin.o

.rodata         0x10004ed8      0x33c
 *(EXCLUDE_FILE(*libm.a: *libc.a:*lib_a-mem*.o *libgcc.a:) .rodata*)
 .rodata.main.str1.4
                0x10004ed8       0x15 CMakeFiles/picow_ds4.dir/main.c.obj
 *fill*         0x10004eed        0x3 
 .rodata.spin_lock_claim_unused.str1.4
                0x10004ef0       0x1b CMakeFiles/picow_ds4.dir/home/dhjensen02/pico-sdk/src/rp2_common/hardware_sync/sync.c.obj
 *fill*         0x10004f0b        0x1 
 .rodata.user_irq_claim_unused.str1.4
                0x10004f0c       0x1b CMakeFiles/picow_ds4.dir/home/dhjensen02/pico-sdk/src/rp2_common/hardware_irq/irq.c.obj
 *fill*         0x10004f27        0x1 
 .rodata.hardware_alarm_claim.str1.4
                0x10004f28       0x22 CMakeFiles/picow_ds4.dir/home/dhjensen02/pico-sdk/src/rp2_common/hardware_timer/timer.c.obj
 *fill*         0x10004f4a        0x2 
 .rodata.hard_assertion_failure.str1.4
                0x10004f4c        0xc CMakeFiles/picow_ds4.dir/home/dhjensen02/pico-sdk/src/rp2_common/pico_runtime/runtime.c.obj
 .rodata.panic.str1.4
                0x10004f58       0x12 CMakeFiles/picow_ds4.dir/home/dhjensen02/pico-sdk/src/rp2_common/pico_runtime/runtime.c.obj
 *fill*         0x10004f6a        0x2 
 .rodata.missing_double_func_shim.str1.4
                0x10004f6c       0x18 CMakeFiles/picow_ds4.dir/home/dhjensen02/pico-sdk/src/rp2_common/pico_double/double_init_rom.c.obj
 .rodata.missing_float_func_shim.str1.4
                0x10004f84       0x18 CMakeFiles/picow_ds4.dir/home/dhjensen02/pico-sdk/src/rp2_common/pico_float/float_init_rom.c.obj
                                  0x1 (size before relaxing)
 .rodata.__bi_44
                0x10004f84        0xc CMakeFiles/picow_ds4.dir/home/dhjensen02/pico-sdk/src/rp2_common/pico_standard_link/binary_info.c.obj
 .rodata.__bi_75
                0x10004f90        0xc CMakeFiles/picow_ds4.dir/home/dhjensen02/pico-sdk/src/rp2_common/pico_standard_link/binary_info.c.obj
 .rodata.__bi_81
                0x10004f9c        0xc CMakeFiles/picow_ds4.dir/home/dhjensen02/pico-sdk/src/rp2_common/pico_standard_link/binary_info.c.obj
 .rodata.str1.4
                0x10004fa8       0x40 CMakeFiles/picow_ds4.dir/home/dhjensen02/pico-sdk/src/rp2_common/pico_standard_link/binary_info.c.obj
 .rodata.crlf_str.6286
                0x10004fe8        0x2 CMakeFiles/picow_ds4.dir/home/dhjensen02/pico-sdk/src/rp2_common/pico_stdio/stdio.c.obj
 *fill*         0x10004fea        0x2 
 .rodata.__bi_33.4926
                0x10004fec        0xc CMakeFiles/picow_ds4.dir/home/dhjensen02/pico-sdk/src/rp2_common/pico_stdio_uart/stdio_uart.c.obj
 .rodata.__bi_34.4930
                0x10004ff8        0x8 CMakeFiles/picow_ds4.dir/home/dhjensen02/pico-sdk/src/rp2_common/pico_stdio_uart/stdio_uart.c.obj
 .rodata.str1.4
                0x10005000       0x2c CMakeFiles/picow_ds4.dir/home/dhjensen02/pico-sdk/src/rp2_common/pico_stdio_uart/stdio_uart.c.obj
 .rodata._resetd_driver
                0x1000502c       0x18 CMakeFiles/picow_ds4.dir/home/dhjensen02/pico-sdk/src/rp2_common/pico_stdio_usb/reset_interface.c.obj
 .rodata.__bi_182.7708
                0x10005044        0xc CMakeFiles/picow_ds4.dir/home/dhjensen02/pico-sdk/src/rp2_common/pico_stdio_usb/stdio_usb.c.obj
 .rodata.str1.4
                0x10005050       0x13 CMakeFiles/picow_ds4.dir/home/dhjensen02/pico-sdk/src/rp2_common/pico_stdio_usb/stdio_usb.c.obj
 *fill*         0x10005063        0x1 
 .rodata.str1.4
                0x10005064       0x2a CMakeFiles/picow_ds4.dir/home/dhjensen02/pico-sdk/src/rp2_common/pico_stdio_usb/stdio_usb_descriptors.c.obj
 *fill*         0x1000508e        0x2 
 .rodata.usbd_desc_cfg
                0x10005090       0x54 CMakeFiles/picow_ds4.dir/home/dhjensen02/pico-sdk/src/rp2_common/pico_stdio_usb/stdio_usb_descriptors.c.obj
 .rodata.usbd_desc_device
                0x100050e4       0x12 CMakeFiles/picow_ds4.dir/home/dhjensen02/pico-sdk/src/rp2_common/pico_stdio_usb/stdio_usb_descriptors.c.obj
 *fill*         0x100050f6        0x2 
 .rodata.usbd_desc_str
                0x100050f8       0x18 CMakeFiles/picow_ds4.dir/home/dhjensen02/pico-sdk/src/rp2_common/pico_stdio_usb/stdio_usb_descriptors.c.obj
 .rodata.str1.4
                0x10005110       0x14 CMakeFiles/picow_ds4.dir/home/dhjensen02/pico-sdk/lib/tinyusb/src/portable/raspberrypi/rp2040/dcd_rp2040.c.obj
 .rodata.str1.4
                0x10005124       0x49 CMakeFiles/picow_ds4.dir/home/dhjensen02/pico-sdk/lib/tinyusb/src/portable/raspberrypi/rp2040/rp2040_usb.c.obj
                                 0x53 (size before relaxing)
 *fill*         0x1000516d        0x3 
 .rodata.tud_task_ext
                0x10005170       0x8c CMakeFiles/picow_ds4.dir/home/dhjensen02/pico-sdk/lib/tinyusb/src/device/usbd.c.obj
 .rodata._usbd_driver
                0x100051fc       0x18 CMakeFiles/picow_ds4.dir/home/dhjensen02/pico-sdk/lib/tinyusb/src/device/usbd.c.obj
                0x10005214                . = ALIGN (0x4)
 *(SORT_BY_ALIGNMENT(SORT_BY_NAME(.flashdata*)))
                0x10005214                . = ALIGN (0x4)

.ARM.extab
 *(.ARM.extab* .gnu.linkonce.armextab.*)
                0x10005214                __exidx_start = .

.ARM.exidx
 *(.ARM.exidx* .gnu.linkonce.armexidx.*)
                0x10005214                __exidx_end = .
                0x10005214                . = ALIGN (0x4)
                0x10005214                __binary_info_start = .

.binary_info    0x10005214       0x28
 *(.binary_info.keep.*)
 .binary_info.keep.__bi_ptr22
                0x10005214        0x4 CMakeFiles/picow_ds4.dir/home/dhjensen02/pico-sdk/src/rp2_common/pico_standard_link/binary_info.c.obj
 .binary_info.keep.__bi_ptr30
                0x10005218        0x4 CMakeFiles/picow_ds4.dir/home/dhjensen02/pico-sdk/src/rp2_common/pico_standard_link/binary_info.c.obj
 .binary_info.keep.__bi_ptr38
                0x1000521c        0x4 CMakeFiles/picow_ds4.dir/home/dhjensen02/pico-sdk/src/rp2_common/pico_standard_link/binary_info.c.obj
 .binary_info.keep.__bi_ptr44
                0x10005220        0x4 CMakeFiles/picow_ds4.dir/home/dhjensen02/pico-sdk/src/rp2_common/pico_standard_link/binary_info.c.obj
 .binary_info.keep.__bi_ptr50
                0x10005224        0x4 CMakeFiles/picow_ds4.dir/home/dhjensen02/pico-sdk/src/rp2_common/pico_standard_link/binary_info.c.obj
 .binary_info.keep.__bi_ptr75
                0x10005228        0x4 CMakeFiles/picow_ds4.dir/home/dhjensen02/pico-sdk/src/rp2_common/pico_standard_link/binary_info.c.obj
 .binary_info.keep.__bi_ptr81
                0x1000522c        0x4 CMakeFiles/picow_ds4.dir/home/dhjensen02/pico-sdk/src/rp2_common/pico_standard_link/binary_info.c.obj
 *(.binary_info.*)
 .binary_info.__bi_ptr33
                0x10005230        0x4 CMakeFiles/picow_ds4.dir/home/dhjensen02/pico-sdk/src/rp2_common/pico_stdio_uart/stdio_uart.c.obj
 .binary_info.__bi_ptr34
                0x10005234        0x4 CMakeFiles/picow_ds4.dir/home/dhjensen02/pico-sdk/src/rp2_common/pico_stdio_uart/stdio_uart.c.obj
 .binary_info.__bi_ptr182
                0x10005238        0x4 CMakeFiles/picow_ds4.dir/home/dhjensen02/pico-sdk/src/rp2_common/pico_stdio_usb/stdio_usb.c.obj
                0x1000523c                __binary_info_end = .

.rel.dyn        0x1000523c        0x0
 .rel.iplt      0x1000523c        0x0 /usr/lib/gcc/arm-none-eabi/8.3.1/thumb/v6-m/nofp/crtbegin.o
                0x1000523c                . = ALIGN (0x4)

.ram_vector_table
                0x20000000       0xc0
 *(.ram_vector_table)
 .ram_vector_table
                0x20000000       0xc0 CMakeFiles/picow_ds4.dir/home/dhjensen02/pico-sdk/src/rp2_common/pico_runtime/runtime.c.obj
                0x20000000                ram_vector_table

.data           0x200000c0      0xeb0 load address 0x1000523c
                0x200000c0                __data_start__ = .
 *(vtable)
 *(.time_critical*)
 .time_critical.mutex_try_enter
                0x200000c0       0x48 CMakeFiles/picow_ds4.dir/home/dhjensen02/pico-sdk/src/common/pico_sync/mutex.c.obj
                0x200000c0                mutex_try_enter
 .time_critical.mutex_try_enter_block_until
                0x20000108       0xb0 CMakeFiles/picow_ds4.dir/home/dhjensen02/pico-sdk/src/common/pico_sync/mutex.c.obj
                0x20000108                mutex_try_enter_block_until
 .time_critical.mutex_enter_timeout_ms
                0x200001b8       0x90 CMakeFiles/picow_ds4.dir/home/dhjensen02/pico-sdk/src/common/pico_sync/mutex.c.obj
                0x200001b8                mutex_enter_timeout_ms
 .time_critical.mutex_exit
                0x20000248       0x28 CMakeFiles/picow_ds4.dir/home/dhjensen02/pico-sdk/src/common/pico_sync/mutex.c.obj
                0x20000248                mutex_exit
 .time_critical.flash_init_boot2_copyout
                0x20000270       0x30 CMakeFiles/picow_ds4.dir/home/dhjensen02/pico-sdk/src/rp2_common/hardware_flash/flash.c.obj
 .time_critical.flash_enable_xip_via_boot2
                0x200002a0       0x10 CMakeFiles/picow_ds4.dir/home/dhjensen02/pico-sdk/src/rp2_common/hardware_flash/flash.c.obj
 .time_critical.flash_cs_force
                0x200002b0       0x38 CMakeFiles/picow_ds4.dir/home/dhjensen02/pico-sdk/src/rp2_common/hardware_flash/flash.c.obj
 .time_critical.flash_do_cmd
                0x200002e8       0xb4 CMakeFiles/picow_ds4.dir/home/dhjensen02/pico-sdk/src/rp2_common/hardware_flash/flash.c.obj
                0x200002e8                flash_do_cmd
 .time_critical.reset_non_control_endpoints
                0x2000039c       0xbc CMakeFiles/picow_ds4.dir/home/dhjensen02/pico-sdk/lib/tinyusb/src/portable/raspberrypi/rp2040/dcd_rp2040.c.obj
 .time_critical.hw_handle_buff_status
                0x20000458       0xb4 CMakeFiles/picow_ds4.dir/home/dhjensen02/pico-sdk/lib/tinyusb/src/portable/raspberrypi/rp2040/dcd_rp2040.c.obj
 .time_critical.dcd_rp2040_irq
                0x2000050c      0x500 CMakeFiles/picow_ds4.dir/home/dhjensen02/pico-sdk/lib/tinyusb/src/portable/raspberrypi/rp2040/dcd_rp2040.c.obj
 .time_critical.prepare_ep_buffer
                0x20000a0c       0x70 CMakeFiles/picow_ds4.dir/home/dhjensen02/pico-sdk/lib/tinyusb/src/portable/raspberrypi/rp2040/rp2040_usb.c.obj
 .time_critical.sync_ep_buffer
                0x20000a7c       0x4c CMakeFiles/picow_ds4.dir/home/dhjensen02/pico-sdk/lib/tinyusb/src/portable/raspberrypi/rp2040/rp2040_usb.c.obj
 .time_critical._hw_endpoint_xfer_sync
                0x20000ac8       0x28 CMakeFiles/picow_ds4.dir/home/dhjensen02/pico-sdk/lib/tinyusb/src/portable/raspberrypi/rp2040/rp2040_usb.c.obj
 .time_critical.e15_is_bulkin_ep
                0x20000af0       0x28 CMakeFiles/picow_ds4.dir/home/dhjensen02/pico-sdk/lib/tinyusb/src/portable/raspberrypi/rp2040/rp2040_usb.c.obj
 .time_critical.e15_is_critical_frame_period
                0x20000b18       0x38 CMakeFiles/picow_ds4.dir/home/dhjensen02/pico-sdk/lib/tinyusb/src/portable/raspberrypi/rp2040/rp2040_usb.c.obj
 .time_critical.hw_endpoint_reset_transfer
                0x20000b50        0xc CMakeFiles/picow_ds4.dir/home/dhjensen02/pico-sdk/lib/tinyusb/src/portable/raspberrypi/rp2040/rp2040_usb.c.obj
                0x20000b50                hw_endpoint_reset_transfer
 .time_critical._hw_endpoint_buffer_control_update32
                0x20000b5c       0x58 CMakeFiles/picow_ds4.dir/home/dhjensen02/pico-sdk/lib/tinyusb/src/portable/raspberrypi/rp2040/rp2040_usb.c.obj
                0x20000b5c                _hw_endpoint_buffer_control_update32
 .time_critical.hw_endpoint_start_next_buffer
                0x20000bb4       0x6c CMakeFiles/picow_ds4.dir/home/dhjensen02/pico-sdk/lib/tinyusb/src/portable/raspberrypi/rp2040/rp2040_usb.c.obj
                0x20000bb4                hw_endpoint_start_next_buffer
 .time_critical.hw_endpoint_xfer_continue
                0x20000c20       0x50 CMakeFiles/picow_ds4.dir/home/dhjensen02/pico-sdk/lib/tinyusb/src/portable/raspberrypi/rp2040/rp2040_usb.c.obj
                0x20000c20                hw_endpoint_xfer_continue
 .time_critical.tinyusb
                0x20000c70      0x16c CMakeFiles/picow_ds4.dir/home/dhjensen02/pico-sdk/lib/tinyusb/src/device/usbd.c.obj
                0x20000c70                dcd_event_handler
 *(.text*)
 .text          0x20000ddc        0x4 /usr/lib/gcc/arm-none-eabi/8.3.1/thumb/v6-m/nofp/libgcc.a(_dvmd_tls.o)
                0x20000ddc                __aeabi_ldiv0
                0x20000ddc                __aeabi_idiv0
 .text.__stub   0x20000de0       0x70 linker stubs
                0x20000e50                . = ALIGN (0x4)
 *(.rodata*)
                0x20000e50                . = ALIGN (0x4)
 *(.data*)
 .data.striped_spin_lock_num
                0x20000e50        0x1 CMakeFiles/picow_ds4.dir/home/dhjensen02/pico-sdk/src/rp2_common/hardware_sync/sync.c.obj
 *fill*         0x20000e51        0x3 
 .data          0x20000e54       0x48 CMakeFiles/picow_ds4.dir/home/dhjensen02/pico-sdk/src/rp2_common/hardware_irq/irq_handler_chain.S.obj
                0x20000e54                irq_handler_chain_slots
                0x20000e84                irq_handler_chain_first_slot
                0x20000e8e                irq_handler_chain_remove_tail
 .data.default_alarm_pool
                0x20000e9c       0x18 CMakeFiles/picow_ds4.dir/home/dhjensen02/pico-sdk/src/common/pico_time/time.c.obj
 .data.default_alarm_pool_heap
                0x20000eb4       0x10 CMakeFiles/picow_ds4.dir/home/dhjensen02/pico-sdk/src/common/pico_time/time.c.obj
 *fill*         0x20000ec4        0xc 
 .data.aeabi_bits_funcs
                0x20000ed0       0x10 CMakeFiles/picow_ds4.dir/home/dhjensen02/pico-sdk/src/rp2_common/pico_bit_ops/bit_ops_aeabi.S.obj
                0x20000ed0                aeabi_bits_funcs
                0x20000ee0                aeabi_bits_funcs_end
 .data.aeabi_mem_funcs
                0x20000ee0       0x10 CMakeFiles/picow_ds4.dir/home/dhjensen02/pico-sdk/src/rp2_common/pico_mem_ops/mem_ops_aeabi.S.obj
                0x20000ee0                aeabi_mem_funcs
                0x20000ef0                aeabi_mem_funcs_end
 .data.stdio_uart
                0x20000ef0       0x18 CMakeFiles/picow_ds4.dir/home/dhjensen02/pico-sdk/src/rp2_common/pico_stdio_uart/stdio_uart.c.obj
                0x20000ef0                stdio_uart
 .data.stdio_usb
                0x20000f08       0x18 CMakeFiles/picow_ds4.dir/home/dhjensen02/pico-sdk/src/rp2_common/pico_stdio_usb/stdio_usb.c.obj
                0x20000f08                stdio_usb
 .data.ep_dir_string
                0x20000f20        0x8 CMakeFiles/picow_ds4.dir/home/dhjensen02/pico-sdk/lib/tinyusb/src/portable/raspberrypi/rp2040/rp2040_usb.c.obj
                0x20000f20                ep_dir_string
 .data._usbd_qdef
                0x20000f28       0x1c CMakeFiles/picow_ds4.dir/home/dhjensen02/pico-sdk/lib/tinyusb/src/device/usbd.c.obj
                0x20000f28                _usbd_qdef
 .data._usbd_rhport
                0x20000f44        0x1 CMakeFiles/picow_ds4.dir/home/dhjensen02/pico-sdk/lib/tinyusb/src/device/usbd.c.obj
                0x20000f48                . = ALIGN (0x4)
 *fill*         0x20000f45        0x3 
 *(.after_data.*)
                0x20000f48                . = ALIGN (0x4)
                0x20000f48                PROVIDE (__mutex_array_start = .)
 *(SORT_BY_NAME(.mutex_array.*))
 *(.mutex_array)
 .mutex_array   0x20000f48        0x8 CMakeFiles/picow_ds4.dir/home/dhjensen02/pico-sdk/src/rp2_common/pico_malloc/pico_malloc.c.obj
 .mutex_array   0x20000f50        0x8 CMakeFiles/picow_ds4.dir/home/dhjensen02/pico-sdk/src/rp2_common/pico_stdio/stdio.c.obj
                0x20000f58                PROVIDE (__mutex_array_end = .)
                0x20000f58                . = ALIGN (0x4)
                0x20000f58                PROVIDE (__preinit_array_start = .)
 *(SORT_BY_NAME(.preinit_array.*))
 .preinit_array.00001
                0x20000f58        0x4 CMakeFiles/picow_ds4.dir/home/dhjensen02/pico-sdk/src/rp2_common/pico_mem_ops/mem_ops_aeabi.S.obj
 .preinit_array.00010
                0x20000f5c        0x4 CMakeFiles/picow_ds4.dir/home/dhjensen02/pico-sdk/src/rp2_common/pico_bit_ops/bit_ops_aeabi.S.obj
 .preinit_array.00020
                0x20000f60        0x4 CMakeFiles/picow_ds4.dir/home/dhjensen02/pico-sdk/src/rp2_common/pico_double/double_aeabi.S.obj
 .preinit_array.00020
                0x20000f64        0x4 CMakeFiles/picow_ds4.dir/home/dhjensen02/pico-sdk/src/rp2_common/pico_float/float_aeabi.S.obj
 *(.preinit_array)
                0x20000f68                PROVIDE (__preinit_array_end = .)
                0x20000f68                . = ALIGN (0x4)
                0x20000f68                PROVIDE (__init_array_start = .)
 *(SORT_BY_NAME(.init_array.*))
 *(.init_array)
 .init_array    0x20000f68        0x4 /usr/lib/gcc/arm-none-eabi/8.3.1/thumb/v6-m/nofp/crtbegin.o
 .init_array    0x20000f6c        0x4 CMakeFiles/picow_ds4.dir/home/dhjensen02/pico-sdk/src/rp2_common/pico_unique_id/unique_id.c.obj
                0x20000f70                PROVIDE (__init_array_end = .)
                0x20000f70                . = ALIGN (0x4)
                0x20000f70                PROVIDE (__fini_array_start = .)
 *(SORT_BY_NAME(.fini_array.*))
 *(.fini_array)
                0x20000f70                PROVIDE (__fini_array_end = .)
 *(.jcr)
                0x20000f70                . = ALIGN (0x4)
                0x20000f70                __data_end__ = .
                0x1000523c                __etext = LOADADDR (.data)

.tm_clone_table
                0x20000f70        0x0 load address 0x100060ec
 .tm_clone_table
                0x20000f70        0x0 /usr/lib/gcc/arm-none-eabi/8.3.1/thumb/v6-m/nofp/crtbegin.o
 .tm_clone_table
                0x20000f70        0x0 /usr/lib/gcc/arm-none-eabi/8.3.1/thumb/v6-m/nofp/crtend.o

.igot.plt       0x20000f70        0x0 load address 0x100060ec
 .igot.plt      0x20000f70        0x0 /usr/lib/gcc/arm-none-eabi/8.3.1/thumb/v6-m/nofp/crtbegin.o

.uninitialized_data
                0x20000f70        0x0 load address 0x100060ec
                0x20000f70                . = ALIGN (0x4)
 *(.uninitialized_data*)

.scratch_x      0x20040000        0x0 load address 0x100060ec
                0x20040000                __scratch_x_start__ = .
 *(.scratch_x.*)
                0x20040000                . = ALIGN (0x4)
                0x20040000                __scratch_x_end__ = .
                0x100060ec                __scratch_x_source__ = LOADADDR (.scratch_x)

.scratch_y      0x20041000        0x0 load address 0x100060ec
                0x20041000                __scratch_y_start__ = .
 *(.scratch_y.*)
                0x20041000                . = ALIGN (0x4)
                0x20041000                __scratch_y_end__ = .
                0x100060ec                __scratch_y_source__ = LOADADDR (.scratch_y)

.bss            0x20000f70      0xda0
                0x20000f70                . = ALIGN (0x4)
                0x20000f70                __bss_start__ = .
 *(SORT_BY_ALIGNMENT(SORT_BY_NAME(.bss*)))
 .bss.default_alarm_pool_entries
                0x20000f70      0x100 CMakeFiles/picow_ds4.dir/home/dhjensen02/pico-sdk/src/common/pico_time/time.c.obj
 .bss.last_avail_time.7681
                0x20001070        0x8 CMakeFiles/picow_ds4.dir/home/dhjensen02/pico-sdk/src/rp2_common/pico_stdio_usb/stdio_usb.c.obj
 .bss           0x20001078       0x1c /usr/lib/gcc/arm-none-eabi/8.3.1/thumb/v6-m/nofp/crtbegin.o
 .bss._app_driver
                0x20001094        0x4 CMakeFiles/picow_ds4.dir/home/dhjensen02/pico-sdk/lib/tinyusb/src/device/usbd.c.obj
 .bss._cdcd_itf
                0x20001098      0x2c8 CMakeFiles/picow_ds4.dir/home/dhjensen02/pico-sdk/lib/tinyusb/src/class/cdc/cdc_device.c.obj
 .bss._ctrl_xfer
                0x20001360       0x14 CMakeFiles/picow_ds4.dir/home/dhjensen02/pico-sdk/lib/tinyusb/src/device/usbd_control.c.obj
 .bss._ubsd_mutexdef
                0x20001374        0x8 CMakeFiles/picow_ds4.dir/home/dhjensen02/pico-sdk/lib/tinyusb/src/device/usbd.c.obj
 .bss._usbd_ctrl_buf
                0x2000137c       0x40 CMakeFiles/picow_ds4.dir/home/dhjensen02/pico-sdk/lib/tinyusb/src/device/usbd_control.c.obj
 .bss._usbd_dev
                0x200013bc       0x53 CMakeFiles/picow_ds4.dir/home/dhjensen02/pico-sdk/lib/tinyusb/src/device/usbd.c.obj
 *fill*         0x2000140f        0x1 
 .bss._usbd_mutex
                0x20001410        0x4 CMakeFiles/picow_ds4.dir/home/dhjensen02/pico-sdk/lib/tinyusb/src/device/usbd.c.obj
 .bss._usbd_q   0x20001414        0x4 CMakeFiles/picow_ds4.dir/home/dhjensen02/pico-sdk/lib/tinyusb/src/device/usbd.c.obj
 .bss.alarm_callbacks
                0x20001418       0x10 CMakeFiles/picow_ds4.dir/home/dhjensen02/pico-sdk/src/rp2_common/hardware_timer/timer.c.obj
 .bss.boot2_copyout
                0x20001428      0x100 CMakeFiles/picow_ds4.dir/home/dhjensen02/pico-sdk/src/rp2_common/hardware_flash/flash.c.obj
 .bss.chars_available_callback
                0x20001528        0x4 CMakeFiles/picow_ds4.dir/home/dhjensen02/pico-sdk/src/rp2_common/pico_stdio_uart/stdio_uart.c.obj
 .bss.chars_available_callback
                0x2000152c        0x4 CMakeFiles/picow_ds4.dir/home/dhjensen02/pico-sdk/src/rp2_common/pico_stdio_usb/stdio_usb.c.obj
 .bss.chars_available_param
                0x20001530        0x4 CMakeFiles/picow_ds4.dir/home/dhjensen02/pico-sdk/src/rp2_common/pico_stdio_uart/stdio_uart.c.obj
 .bss.chars_available_param
                0x20001534        0x4 CMakeFiles/picow_ds4.dir/home/dhjensen02/pico-sdk/src/rp2_common/pico_stdio_usb/stdio_usb.c.obj
 .bss.claimed   0x20001538        0x4 CMakeFiles/picow_ds4.dir/home/dhjensen02/pico-sdk/src/rp2_common/hardware_sync/sync.c.obj
 .bss.configured_freq
                0x2000153c       0x28 CMakeFiles/picow_ds4.dir/home/dhjensen02/pico-sdk/src/rp2_common/hardware_clocks/clocks.c.obj
 .bss.default_alarm_pool_entry_ids_high
                0x20001564       0x10 CMakeFiles/picow_ds4.dir/home/dhjensen02/pico-sdk/src/common/pico_time/time.c.obj
 .bss.default_alarm_pool_heap_nodes
                0x20001574       0x30 CMakeFiles/picow_ds4.dir/home/dhjensen02/pico-sdk/src/common/pico_time/time.c.obj
 .bss.desc_str.7473
                0x200015a4       0x28 CMakeFiles/picow_ds4.dir/home/dhjensen02/pico-sdk/src/rp2_common/pico_stdio_usb/stdio_usb_descriptors.c.obj
 .bss.drivers   0x200015cc        0x4 CMakeFiles/picow_ds4.dir/home/dhjensen02/pico-sdk/src/rp2_common/pico_stdio/stdio.c.obj
 .bss.e15_last_sof
                0x200015d0        0x4 CMakeFiles/picow_ds4.dir/home/dhjensen02/pico-sdk/lib/tinyusb/src/portable/raspberrypi/rp2040/rp2040_usb.c.obj
                0x200015d0                e15_last_sof
 .bss.filter    0x200015d4        0x4 CMakeFiles/picow_ds4.dir/home/dhjensen02/pico-sdk/src/rp2_common/pico_stdio/stdio.c.obj
 .bss.hw_endpoints
                0x200015d8      0x400 CMakeFiles/picow_ds4.dir/home/dhjensen02/pico-sdk/lib/tinyusb/src/portable/raspberrypi/rp2040/dcd_rp2040.c.obj
 .bss.lazy_vsnprintf
                0x200019d8        0x4 CMakeFiles/picow_ds4.dir/home/dhjensen02/pico-sdk/src/rp2_common/pico_printf/printf.c.obj
 .bss.load_value
                0x200019dc        0x4 CMakeFiles/picow_ds4.dir/home/dhjensen02/pico-sdk/src/rp2_common/hardware_watchdog/watchdog.c.obj
 .bss.next_buffer_ptr
                0x200019e0        0x4 CMakeFiles/picow_ds4.dir/home/dhjensen02/pico-sdk/lib/tinyusb/src/portable/raspberrypi/rp2040/dcd_rp2040.c.obj
 .bss.one_shot_timer_crit_sec
                0x200019e4        0x8 CMakeFiles/picow_ds4.dir/home/dhjensen02/pico-sdk/src/rp2_common/pico_stdio_usb/stdio_usb.c.obj
 .bss.pools     0x200019ec       0x10 CMakeFiles/picow_ds4.dir/home/dhjensen02/pico-sdk/src/common/pico_time/time.c.obj
 .bss.retrieved_id
                0x200019fc        0x8 CMakeFiles/picow_ds4.dir/home/dhjensen02/pico-sdk/src/rp2_common/pico_unique_id/unique_id.c.obj
 .bss.sf_clz_func
                0x20001a04        0x4 CMakeFiles/picow_ds4.dir/home/dhjensen02/pico-sdk/src/rp2_common/pico_double/double_init_rom.c.obj
                0x20001a04                sf_clz_func
 .bss.sleep_notifier
                0x20001a08        0x4 CMakeFiles/picow_ds4.dir/home/dhjensen02/pico-sdk/src/common/pico_time/time.c.obj
 .bss.stdio_usb_mutex
                0x20001a0c        0x8 CMakeFiles/picow_ds4.dir/home/dhjensen02/pico-sdk/src/rp2_common/pico_stdio_usb/stdio_usb.c.obj
 .bss.target_hi
                0x20001a14       0x10 CMakeFiles/picow_ds4.dir/home/dhjensen02/pico-sdk/src/rp2_common/hardware_timer/timer.c.obj
 .bss.uart_instance
                0x20001a24        0x4 CMakeFiles/picow_ds4.dir/home/dhjensen02/pico-sdk/src/rp2_common/pico_stdio_uart/stdio_uart.c.obj
 .bss.usbd_serial_str
                0x20001a28       0x11 CMakeFiles/picow_ds4.dir/home/dhjensen02/pico-sdk/src/rp2_common/pico_stdio_usb/stdio_usb_descriptors.c.obj
 .bss._app_driver_count
                0x20001a39        0x1 CMakeFiles/picow_ds4.dir/home/dhjensen02/pico-sdk/lib/tinyusb/src/device/usbd.c.obj
 .bss._sof_enable
                0x20001a3a        0x1 CMakeFiles/picow_ds4.dir/home/dhjensen02/pico-sdk/lib/tinyusb/src/portable/raspberrypi/rp2040/dcd_rp2040.c.obj
 .bss.boot2_copyout_valid
                0x20001a3b        0x1 CMakeFiles/picow_ds4.dir/home/dhjensen02/pico-sdk/src/rp2_common/hardware_flash/flash.c.obj
 .bss.claimed   0x20001a3c        0x1 CMakeFiles/picow_ds4.dir/home/dhjensen02/pico-sdk/src/rp2_common/hardware_timer/timer.c.obj
 .bss.irq_hander_chain_free_slot_head
                0x20001a3d        0x1 CMakeFiles/picow_ds4.dir/home/dhjensen02/pico-sdk/src/rp2_common/hardware_irq/irq.c.obj
 .bss.itf_num   0x20001a3e        0x1 CMakeFiles/picow_ds4.dir/home/dhjensen02/pico-sdk/src/rp2_common/pico_stdio_usb/reset_interface.c.obj
 .bss.low_priority_irq_num
                0x20001a3f        0x1 CMakeFiles/picow_ds4.dir/home/dhjensen02/pico-sdk/src/rp2_common/pico_stdio_usb/stdio_usb.c.obj
 .bss.one_shot_timer_pending
                0x20001a40        0x1 CMakeFiles/picow_ds4.dir/home/dhjensen02/pico-sdk/src/rp2_common/pico_stdio_usb/stdio_usb.c.obj
 .bss.timer_callbacks_pending
                0x20001a41        0x1 CMakeFiles/picow_ds4.dir/home/dhjensen02/pico-sdk/src/rp2_common/hardware_timer/timer.c.obj
 .bss.user_irq_claimed
                0x20001a42        0x1 CMakeFiles/picow_ds4.dir/home/dhjensen02/pico-sdk/src/rp2_common/hardware_irq/irq.c.obj
 *(COMMON)
 *fill*         0x20001a43        0x1 
 COMMON         0x20001a44        0x8 CMakeFiles/picow_ds4.dir/main.c.obj
                0x20001a44                servo_slice
                0x20001a48                motor_slice
 COMMON         0x20001a4c        0x4 CMakeFiles/picow_ds4.dir/home/dhjensen02/pico-sdk/src/rp2_common/hardware_uart/uart.c.obj
                0x20001a4c                uart_char_to_line_feed
 COMMON         0x20001a50      0x100 CMakeFiles/picow_ds4.dir/home/dhjensen02/pico-sdk/src/rp2_common/pico_double/double_init_rom.c.obj
                0x20001a50                sd_table
 COMMON         0x20001b50      0x100 CMakeFiles/picow_ds4.dir/home/dhjensen02/pico-sdk/src/rp2_common/pico_float/float_init_rom.c.obj
                0x20001b50                sf_table
 COMMON         0x20001c50       0xc0 CMakeFiles/picow_ds4.dir/home/dhjensen02/pico-sdk/lib/tinyusb/src/device/usbd.c.obj
                0x20001c50                _usbd_qdef_buf
                0x20001d10                . = ALIGN (0x4)
                0x20001d10                __bss_end__ = .

.heap           0x20001d10      0x800
                0x20001d10                __end__ = .
                0x20001d10                end = __end__
 *(.heap*)
 .heap          0x20001d10      0x800 CMakeFiles/picow_ds4.dir/home/dhjensen02/pico-sdk/src/rp2_common/pico_standard_link/crt0.S.obj
                0x20002510                __HeapLimit = .

.stack1_dummy   0x20040000      0x800
 *(.stack1*)
 .stack1        0x20040000      0x800 CMakeFiles/picow_ds4.dir/home/dhjensen02/pico-sdk/src/rp2_common/pico_multicore/multicore.c.obj

.stack_dummy    0x20041000      0x800
 *(.stack*)
 .stack         0x20041000      0x800 CMakeFiles/picow_ds4.dir/home/dhjensen02/pico-sdk/src/rp2_common/pico_standard_link/crt0.S.obj

.flash_end      0x100060ec        0x0
                0x100060ec                PROVIDE (__flash_binary_end = .)
                0x20040000                __StackLimit = (ORIGIN (RAM) + LENGTH (RAM))
                0x20041000                __StackOneTop = (ORIGIN (SCRATCH_X) + LENGTH (SCRATCH_X))
                0x20042000                __StackTop = (ORIGIN (SCRATCH_Y) + LENGTH (SCRATCH_Y))
                0x20040800                __StackOneBottom = (__StackOneTop - SIZEOF (.stack1_dummy))
                0x20041800                __StackBottom = (__StackTop - SIZEOF (.stack_dummy))
                0x20042000                PROVIDE (__stack = __StackTop)
                0x00000001                ASSERT ((__StackLimit >= __HeapLimit), region RAM overflowed)
                0x00000001                ASSERT (((__binary_info_header_end - __logical_binary_start) <= 0x100), Binary info must be in first 256 bytes of the binary)
LOAD CMakeFiles/picow_ds4.dir/main.c.obj
LOAD CMakeFiles/picow_ds4.dir/bt_hid.c.obj
LOAD CMakeFiles/picow_ds4.dir/home/dhjensen02/pico-sdk/src/rp2_common/hardware_gpio/gpio.c.obj
LOAD CMakeFiles/picow_ds4.dir/home/dhjensen02/pico-sdk/src/rp2_common/pico_platform/platform.c.obj
LOAD CMakeFiles/picow_ds4.dir/home/dhjensen02/pico-sdk/src/rp2_common/hardware_claim/claim.c.obj
LOAD CMakeFiles/picow_ds4.dir/home/dhjensen02/pico-sdk/src/rp2_common/hardware_sync/sync.c.obj
LOAD CMakeFiles/picow_ds4.dir/home/dhjensen02/pico-sdk/src/rp2_common/hardware_irq/irq.c.obj
LOAD CMakeFiles/picow_ds4.dir/home/dhjensen02/pico-sdk/src/rp2_common/hardware_irq/irq_handler_chain.S.obj
LOAD CMakeFiles/picow_ds4.dir/home/dhjensen02/pico-sdk/src/common/pico_sync/sem.c.obj
LOAD CMakeFiles/picow_ds4.dir/home/dhjensen02/pico-sdk/src/common/pico_sync/lock_core.c.obj
LOAD CMakeFiles/picow_ds4.dir/home/dhjensen02/pico-sdk/src/common/pico_sync/mutex.c.obj
LOAD CMakeFiles/picow_ds4.dir/home/dhjensen02/pico-sdk/src/common/pico_sync/critical_section.c.obj
LOAD CMakeFiles/picow_ds4.dir/home/dhjensen02/pico-sdk/src/common/pico_time/time.c.obj
LOAD CMakeFiles/picow_ds4.dir/home/dhjensen02/pico-sdk/src/common/pico_time/timeout_helper.c.obj
LOAD CMakeFiles/picow_ds4.dir/home/dhjensen02/pico-sdk/src/rp2_common/hardware_timer/timer.c.obj
LOAD CMakeFiles/picow_ds4.dir/home/dhjensen02/pico-sdk/src/common/pico_util/datetime.c.obj
LOAD CMakeFiles/picow_ds4.dir/home/dhjensen02/pico-sdk/src/common/pico_util/pheap.c.obj
LOAD CMakeFiles/picow_ds4.dir/home/dhjensen02/pico-sdk/src/common/pico_util/queue.c.obj
LOAD CMakeFiles/picow_ds4.dir/home/dhjensen02/pico-sdk/src/rp2_common/pico_stdlib/stdlib.c.obj
LOAD CMakeFiles/picow_ds4.dir/home/dhjensen02/pico-sdk/src/rp2_common/hardware_uart/uart.c.obj
LOAD CMakeFiles/picow_ds4.dir/home/dhjensen02/pico-sdk/src/rp2_common/hardware_clocks/clocks.c.obj
LOAD CMakeFiles/picow_ds4.dir/home/dhjensen02/pico-sdk/src/rp2_common/hardware_pll/pll.c.obj
LOAD CMakeFiles/picow_ds4.dir/home/dhjensen02/pico-sdk/src/rp2_common/hardware_vreg/vreg.c.obj
LOAD CMakeFiles/picow_ds4.dir/home/dhjensen02/pico-sdk/src/rp2_common/hardware_watchdog/watchdog.c.obj
LOAD CMakeFiles/picow_ds4.dir/home/dhjensen02/pico-sdk/src/rp2_common/hardware_xosc/xosc.c.obj
LOAD CMakeFiles/picow_ds4.dir/home/dhjensen02/pico-sdk/src/rp2_common/hardware_divider/divider.S.obj
LOAD CMakeFiles/picow_ds4.dir/home/dhjensen02/pico-sdk/src/rp2_common/pico_runtime/runtime.c.obj
LOAD CMakeFiles/picow_ds4.dir/home/dhjensen02/pico-sdk/src/rp2_common/pico_printf/printf.c.obj
LOAD CMakeFiles/picow_ds4.dir/home/dhjensen02/pico-sdk/src/rp2_common/pico_bit_ops/bit_ops_aeabi.S.obj
LOAD CMakeFiles/picow_ds4.dir/home/dhjensen02/pico-sdk/src/rp2_common/pico_bootrom/bootrom.c.obj
LOAD CMakeFiles/picow_ds4.dir/home/dhjensen02/pico-sdk/src/rp2_common/pico_divider/divider.S.obj
LOAD CMakeFiles/picow_ds4.dir/home/dhjensen02/pico-sdk/src/rp2_common/pico_double/double_aeabi.S.obj
LOAD CMakeFiles/picow_ds4.dir/home/dhjensen02/pico-sdk/src/rp2_common/pico_double/double_init_rom.c.obj
LOAD CMakeFiles/picow_ds4.dir/home/dhjensen02/pico-sdk/src/rp2_common/pico_double/double_math.c.obj
LOAD CMakeFiles/picow_ds4.dir/home/dhjensen02/pico-sdk/src/rp2_common/pico_double/double_v1_rom_shim.S.obj
LOAD CMakeFiles/picow_ds4.dir/home/dhjensen02/pico-sdk/src/rp2_common/pico_int64_ops/pico_int64_ops_aeabi.S.obj
LOAD CMakeFiles/picow_ds4.dir/home/dhjensen02/pico-sdk/src/rp2_common/pico_float/float_aeabi.S.obj
LOAD CMakeFiles/picow_ds4.dir/home/dhjensen02/pico-sdk/src/rp2_common/pico_float/float_init_rom.c.obj
LOAD CMakeFiles/picow_ds4.dir/home/dhjensen02/pico-sdk/src/rp2_common/pico_float/float_math.c.obj
LOAD CMakeFiles/picow_ds4.dir/home/dhjensen02/pico-sdk/src/rp2_common/pico_float/float_v1_rom_shim.S.obj
LOAD CMakeFiles/picow_ds4.dir/home/dhjensen02/pico-sdk/src/rp2_common/pico_malloc/pico_malloc.c.obj
LOAD CMakeFiles/picow_ds4.dir/home/dhjensen02/pico-sdk/src/rp2_common/pico_mem_ops/mem_ops_aeabi.S.obj
LOAD CMakeFiles/picow_ds4.dir/home/dhjensen02/pico-sdk/src/rp2_common/pico_standard_link/crt0.S.obj
LOAD CMakeFiles/picow_ds4.dir/home/dhjensen02/pico-sdk/src/rp2_common/pico_standard_link/new_delete.cpp.obj
LOAD CMakeFiles/picow_ds4.dir/home/dhjensen02/pico-sdk/src/rp2_common/pico_standard_link/binary_info.c.obj
LOAD CMakeFiles/picow_ds4.dir/home/dhjensen02/pico-sdk/src/rp2_common/pico_stdio/stdio.c.obj
LOAD CMakeFiles/picow_ds4.dir/home/dhjensen02/pico-sdk/src/rp2_common/pico_stdio_uart/stdio_uart.c.obj
LOAD CMakeFiles/picow_ds4.dir/home/dhjensen02/pico-sdk/src/rp2_common/pico_stdio_usb/reset_interface.c.obj
LOAD CMakeFiles/picow_ds4.dir/home/dhjensen02/pico-sdk/src/rp2_common/pico_stdio_usb/stdio_usb.c.obj
LOAD CMakeFiles/picow_ds4.dir/home/dhjensen02/pico-sdk/src/rp2_common/pico_stdio_usb/stdio_usb_descriptors.c.obj
LOAD CMakeFiles/picow_ds4.dir/home/dhjensen02/pico-sdk/src/rp2_common/pico_unique_id/unique_id.c.obj
LOAD CMakeFiles/picow_ds4.dir/home/dhjensen02/pico-sdk/src/rp2_common/hardware_flash/flash.c.obj
LOAD CMakeFiles/picow_ds4.dir/home/dhjensen02/pico-sdk/lib/tinyusb/src/portable/raspberrypi/rp2040/dcd_rp2040.c.obj
LOAD CMakeFiles/picow_ds4.dir/home/dhjensen02/pico-sdk/lib/tinyusb/src/portable/raspberrypi/rp2040/rp2040_usb.c.obj
LOAD CMakeFiles/picow_ds4.dir/home/dhjensen02/pico-sdk/lib/tinyusb/src/device/usbd.c.obj
LOAD CMakeFiles/picow_ds4.dir/home/dhjensen02/pico-sdk/lib/tinyusb/src/device/usbd_control.c.obj
LOAD CMakeFiles/picow_ds4.dir/home/dhjensen02/pico-sdk/lib/tinyusb/src/class/audio/audio_device.c.obj
LOAD CMakeFiles/picow_ds4.dir/home/dhjensen02/pico-sdk/lib/tinyusb/src/class/cdc/cdc_device.c.obj
LOAD CMakeFiles/picow_ds4.dir/home/dhjensen02/pico-sdk/lib/tinyusb/src/class/dfu/dfu_device.c.obj
LOAD CMakeFiles/picow_ds4.dir/home/dhjensen02/pico-sdk/lib/tinyusb/src/class/dfu/dfu_rt_device.c.obj
LOAD CMakeFiles/picow_ds4.dir/home/dhjensen02/pico-sdk/lib/tinyusb/src/class/hid/hid_device.c.obj
LOAD CMakeFiles/picow_ds4.dir/home/dhjensen02/pico-sdk/lib/tinyusb/src/class/midi/midi_device.c.obj
LOAD CMakeFiles/picow_ds4.dir/home/dhjensen02/pico-sdk/lib/tinyusb/src/class/msc/msc_device.c.obj
LOAD CMakeFiles/picow_ds4.dir/home/dhjensen02/pico-sdk/lib/tinyusb/src/class/net/ecm_rndis_device.c.obj
LOAD CMakeFiles/picow_ds4.dir/home/dhjensen02/pico-sdk/lib/tinyusb/src/class/net/ncm_device.c.obj
LOAD CMakeFiles/picow_ds4.dir/home/dhjensen02/pico-sdk/lib/tinyusb/src/class/usbtmc/usbtmc_device.c.obj
LOAD CMakeFiles/picow_ds4.dir/home/dhjensen02/pico-sdk/lib/tinyusb/src/class/vendor/vendor_device.c.obj
LOAD CMakeFiles/picow_ds4.dir/home/dhjensen02/pico-sdk/lib/tinyusb/src/class/video/video_device.c.obj
LOAD CMakeFiles/picow_ds4.dir/home/dhjensen02/pico-sdk/lib/tinyusb/src/tusb.c.obj
LOAD CMakeFiles/picow_ds4.dir/home/dhjensen02/pico-sdk/lib/tinyusb/src/common/tusb_fifo.c.obj
LOAD CMakeFiles/picow_ds4.dir/home/dhjensen02/pico-sdk/src/rp2_common/pico_fix/rp2040_usb_device_enumeration/rp2040_usb_device_enumeration.c.obj
LOAD CMakeFiles/picow_ds4.dir/home/dhjensen02/pico-sdk/src/rp2_common/pico_cyw43_arch/cyw43_arch.c.obj
LOAD CMakeFiles/picow_ds4.dir/home/dhjensen02/pico-sdk/src/rp2_common/pico_cyw43_arch/cyw43_arch_poll.c.obj
LOAD CMakeFiles/picow_ds4.dir/home/dhjensen02/pico-sdk/src/rp2_common/pico_cyw43_arch/cyw43_arch_threadsafe_background.c.obj
LOAD CMakeFiles/picow_ds4.dir/home/dhjensen02/pico-sdk/src/rp2_common/pico_cyw43_arch/cyw43_arch_freertos.c.obj
LOAD CMakeFiles/picow_ds4.dir/home/dhjensen02/pico-sdk/src/rp2_common/pico_cyw43_driver/cyw43_bus_pio_spi.c.obj
LOAD CMakeFiles/picow_ds4.dir/home/dhjensen02/pico-sdk/lib/cyw43-driver/src/cyw43_ll.c.obj
LOAD CMakeFiles/picow_ds4.dir/home/dhjensen02/pico-sdk/lib/cyw43-driver/src/cyw43_stats.c.obj
LOAD CMakeFiles/picow_ds4.dir/home/dhjensen02/pico-sdk/lib/cyw43-driver/src/cyw43_lwip.c.obj
LOAD CMakeFiles/picow_ds4.dir/home/dhjensen02/pico-sdk/lib/cyw43-driver/src/cyw43_ctrl.c.obj
LOAD CMakeFiles/picow_ds4.dir/home/dhjensen02/pico-sdk/src/rp2_common/pico_cyw43_driver/cybt_shared_bus/cybt_shared_bus.c.obj
LOAD CMakeFiles/picow_ds4.dir/home/dhjensen02/pico-sdk/src/rp2_common/pico_cyw43_driver/cybt_shared_bus/cybt_shared_bus_driver.c.obj
LOAD CMakeFiles/picow_ds4.dir/home/dhjensen02/pico-sdk/src/rp2_common/hardware_pio/pio.c.obj
LOAD CMakeFiles/picow_ds4.dir/home/dhjensen02/pico-sdk/src/rp2_common/hardware_dma/dma.c.obj
LOAD CMakeFiles/picow_ds4.dir/home/dhjensen02/pico-sdk/src/rp2_common/hardware_exception/exception.c.obj
LOAD CMakeFiles/picow_ds4.dir/home/dhjensen02/pico-sdk/src/rp2_common/pico_cyw43_driver/cyw43_driver.c.obj
LOAD CMakeFiles/picow_ds4.dir/home/dhjensen02/pico-sdk/src/rp2_common/pico_async_context/async_context_threadsafe_background.c.obj
LOAD CMakeFiles/picow_ds4.dir/home/dhjensen02/pico-sdk/src/rp2_common/pico_async_context/async_context_base.c.obj
LOAD CMakeFiles/picow_ds4.dir/__/btstack/src/classic/a2dp.c.obj
LOAD CMakeFiles/picow_ds4.dir/__/btstack/src/classic/a2dp_sink.c.obj
LOAD CMakeFiles/picow_ds4.dir/__/btstack/src/classic/a2dp_source.c.obj
LOAD CMakeFiles/picow_ds4.dir/__/btstack/src/classic/avdtp.c.obj
LOAD CMakeFiles/picow_ds4.dir/__/btstack/src/classic/avdtp_acceptor.c.obj
LOAD CMakeFiles/picow_ds4.dir/__/btstack/src/classic/avdtp_initiator.c.obj
LOAD CMakeFiles/picow_ds4.dir/__/btstack/src/classic/avdtp_sink.c.obj
LOAD CMakeFiles/picow_ds4.dir/__/btstack/src/classic/avdtp_source.c.obj
LOAD CMakeFiles/picow_ds4.dir/__/btstack/src/classic/avdtp_util.c.obj
LOAD CMakeFiles/picow_ds4.dir/__/btstack/src/classic/avrcp.c.obj
LOAD CMakeFiles/picow_ds4.dir/__/btstack/src/classic/avrcp_browsing.c.obj
LOAD CMakeFiles/picow_ds4.dir/__/btstack/src/classic/avrcp_browsing_controller.c.obj
LOAD CMakeFiles/picow_ds4.dir/__/btstack/src/classic/avrcp_browsing_target.c.obj
LOAD CMakeFiles/picow_ds4.dir/__/btstack/src/classic/avrcp_controller.c.obj
LOAD CMakeFiles/picow_ds4.dir/__/btstack/src/classic/avrcp_cover_art_client.c.obj
LOAD CMakeFiles/picow_ds4.dir/__/btstack/src/classic/avrcp_media_item_iterator.c.obj
LOAD CMakeFiles/picow_ds4.dir/__/btstack/src/classic/avrcp_target.c.obj
LOAD CMakeFiles/picow_ds4.dir/__/btstack/src/classic/btstack_cvsd_plc.c.obj
LOAD CMakeFiles/picow_ds4.dir/__/btstack/src/classic/btstack_link_key_db_tlv.c.obj
LOAD CMakeFiles/picow_ds4.dir/__/btstack/src/classic/btstack_sbc_plc.c.obj
LOAD CMakeFiles/picow_ds4.dir/__/btstack/src/classic/device_id_server.c.obj
LOAD CMakeFiles/picow_ds4.dir/__/btstack/src/classic/gatt_sdp.c.obj
LOAD CMakeFiles/picow_ds4.dir/__/btstack/src/classic/goep_client.c.obj
LOAD CMakeFiles/picow_ds4.dir/__/btstack/src/classic/goep_server.c.obj
LOAD CMakeFiles/picow_ds4.dir/__/btstack/src/classic/hfp.c.obj
LOAD CMakeFiles/picow_ds4.dir/__/btstack/src/classic/hfp_ag.c.obj
LOAD CMakeFiles/picow_ds4.dir/__/btstack/src/classic/hfp_gsm_model.c.obj
LOAD CMakeFiles/picow_ds4.dir/__/btstack/src/classic/hfp_hf.c.obj
LOAD CMakeFiles/picow_ds4.dir/__/btstack/src/classic/hfp_msbc.c.obj
LOAD CMakeFiles/picow_ds4.dir/__/btstack/src/classic/hid_device.c.obj
LOAD CMakeFiles/picow_ds4.dir/__/btstack/src/classic/hid_host.c.obj
LOAD CMakeFiles/picow_ds4.dir/__/btstack/src/classic/hsp_ag.c.obj
LOAD CMakeFiles/picow_ds4.dir/__/btstack/src/classic/hsp_hs.c.obj
LOAD CMakeFiles/picow_ds4.dir/__/btstack/src/classic/obex_iterator.c.obj
LOAD CMakeFiles/picow_ds4.dir/__/btstack/src/classic/obex_message_builder.c.obj
LOAD CMakeFiles/picow_ds4.dir/__/btstack/src/classic/obex_parser.c.obj
LOAD CMakeFiles/picow_ds4.dir/__/btstack/src/classic/pan.c.obj
LOAD CMakeFiles/picow_ds4.dir/__/btstack/src/classic/pbap_client.c.obj
LOAD CMakeFiles/picow_ds4.dir/__/btstack/src/classic/rfcomm.c.obj
LOAD CMakeFiles/picow_ds4.dir/__/btstack/src/classic/sdp_client.c.obj
LOAD CMakeFiles/picow_ds4.dir/__/btstack/src/classic/sdp_client_rfcomm.c.obj
LOAD CMakeFiles/picow_ds4.dir/__/btstack/src/classic/sdp_server.c.obj
LOAD CMakeFiles/picow_ds4.dir/__/btstack/src/classic/sdp_util.c.obj
LOAD CMakeFiles/picow_ds4.dir/__/btstack/src/classic/spp_server.c.obj
LOAD CMakeFiles/picow_ds4.dir/__/btstack/3rd-party/micro-ecc/uECC.c.obj
LOAD CMakeFiles/picow_ds4.dir/__/btstack/3rd-party/rijndael/rijndael.c.obj
LOAD CMakeFiles/picow_ds4.dir/__/btstack/3rd-party/segger-rtt/SEGGER_RTT.c.obj
LOAD CMakeFiles/picow_ds4.dir/__/btstack/3rd-party/segger-rtt/SEGGER_RTT_printf.c.obj
LOAD CMakeFiles/picow_ds4.dir/__/btstack/platform/embedded/btstack_tlv_flash_bank.c.obj
LOAD CMakeFiles/picow_ds4.dir/__/btstack/platform/embedded/hci_dump_embedded_stdout.c.obj
LOAD CMakeFiles/picow_ds4.dir/__/btstack/platform/embedded/hci_dump_segger_rtt_stdout.c.obj
LOAD CMakeFiles/picow_ds4.dir/__/btstack/src/ad_parser.c.obj
LOAD CMakeFiles/picow_ds4.dir/__/btstack/src/btstack_audio.c.obj
LOAD CMakeFiles/picow_ds4.dir/__/btstack/src/btstack_base64_decoder.c.obj
LOAD CMakeFiles/picow_ds4.dir/__/btstack/src/btstack_crypto.c.obj
LOAD CMakeFiles/picow_ds4.dir/__/btstack/src/btstack_hid_parser.c.obj
LOAD CMakeFiles/picow_ds4.dir/__/btstack/src/btstack_linked_list.c.obj
LOAD CMakeFiles/picow_ds4.dir/__/btstack/src/btstack_memory.c.obj
LOAD CMakeFiles/picow_ds4.dir/__/btstack/src/btstack_memory_pool.c.obj
LOAD CMakeFiles/picow_ds4.dir/__/btstack/src/btstack_resample.c.obj
LOAD CMakeFiles/picow_ds4.dir/__/btstack/src/btstack_ring_buffer.c.obj
LOAD CMakeFiles/picow_ds4.dir/__/btstack/src/btstack_run_loop.c.obj
LOAD CMakeFiles/picow_ds4.dir/__/btstack/src/btstack_run_loop_base.c.obj
LOAD CMakeFiles/picow_ds4.dir/__/btstack/src/btstack_slip.c.obj
LOAD CMakeFiles/picow_ds4.dir/__/btstack/src/btstack_tlv.c.obj
LOAD CMakeFiles/picow_ds4.dir/__/btstack/src/btstack_tlv_none.c.obj
LOAD CMakeFiles/picow_ds4.dir/__/btstack/src/btstack_util.c.obj
LOAD CMakeFiles/picow_ds4.dir/__/btstack/src/hci.c.obj
LOAD CMakeFiles/picow_ds4.dir/__/btstack/src/hci_cmd.c.obj
LOAD CMakeFiles/picow_ds4.dir/__/btstack/src/hci_dump.c.obj
LOAD CMakeFiles/picow_ds4.dir/__/btstack/src/hci_event.c.obj
LOAD CMakeFiles/picow_ds4.dir/__/btstack/src/l2cap.c.obj
LOAD CMakeFiles/picow_ds4.dir/__/btstack/src/l2cap_signaling.c.obj
LOAD CMakeFiles/picow_ds4.dir/__/btstack/src/mesh/gatt-service/mesh_provisioning_service_server.c.obj
LOAD CMakeFiles/picow_ds4.dir/__/btstack/src/mesh/gatt-service/mesh_proxy_service_server.c.obj
LOAD CMakeFiles/picow_ds4.dir/__/btstack/3rd-party/md5/md5.c.obj
LOAD CMakeFiles/picow_ds4.dir/__/btstack/3rd-party/yxml/yxml.c.obj
LOAD CMakeFiles/picow_ds4.dir/home/dhjensen02/pico-sdk/src/rp2_common/pico_btstack/btstack_stdin_pico.c.obj
LOAD CMakeFiles/picow_ds4.dir/__/btstack/src/ble/att_db.c.obj
LOAD CMakeFiles/picow_ds4.dir/__/btstack/src/ble/att_db_util.c.obj
LOAD CMakeFiles/picow_ds4.dir/__/btstack/src/ble/att_dispatch.c.obj
LOAD CMakeFiles/picow_ds4.dir/__/btstack/src/ble/att_server.c.obj
LOAD CMakeFiles/picow_ds4.dir/__/btstack/src/ble/gatt-service/battery_service_server.c.obj
LOAD CMakeFiles/picow_ds4.dir/__/btstack/src/ble/gatt-service/battery_service_client.c.obj
LOAD CMakeFiles/picow_ds4.dir/__/btstack/src/ble/gatt-service/cycling_power_service_server.c.obj
LOAD CMakeFiles/picow_ds4.dir/__/btstack/src/ble/gatt-service/cycling_speed_and_cadence_service_server.c.obj
LOAD CMakeFiles/picow_ds4.dir/__/btstack/src/ble/gatt-service/device_information_service_server.c.obj
LOAD CMakeFiles/picow_ds4.dir/__/btstack/src/ble/gatt-service/device_information_service_client.c.obj
LOAD CMakeFiles/picow_ds4.dir/__/btstack/src/ble/gatt-service/heart_rate_service_server.c.obj
LOAD CMakeFiles/picow_ds4.dir/__/btstack/src/ble/gatt-service/hids_client.c.obj
LOAD CMakeFiles/picow_ds4.dir/__/btstack/src/ble/gatt-service/hids_device.c.obj
LOAD CMakeFiles/picow_ds4.dir/__/btstack/src/ble/gatt-service/nordic_spp_service_server.c.obj
LOAD CMakeFiles/picow_ds4.dir/__/btstack/src/ble/gatt-service/ublox_spp_service_server.c.obj
LOAD CMakeFiles/picow_ds4.dir/__/btstack/src/ble/gatt-service/ancs_client.c.obj
LOAD CMakeFiles/picow_ds4.dir/__/btstack/src/ble/gatt_client.c.obj
LOAD CMakeFiles/picow_ds4.dir/__/btstack/src/ble/le_device_db_memory.c.obj
LOAD CMakeFiles/picow_ds4.dir/__/btstack/src/ble/le_device_db_tlv.c.obj
LOAD CMakeFiles/picow_ds4.dir/__/btstack/src/ble/sm.c.obj
LOAD CMakeFiles/picow_ds4.dir/home/dhjensen02/pico-sdk/src/rp2_common/pico_cyw43_driver/btstack_cyw43.c.obj
LOAD CMakeFiles/picow_ds4.dir/home/dhjensen02/pico-sdk/src/rp2_common/pico_btstack/btstack_flash_bank.c.obj
LOAD CMakeFiles/picow_ds4.dir/home/dhjensen02/pico-sdk/src/rp2_common/pico_flash/flash.c.obj
LOAD CMakeFiles/picow_ds4.dir/home/dhjensen02/pico-sdk/src/rp2_common/pico_btstack/btstack_run_loop_async_context.c.obj
LOAD CMakeFiles/picow_ds4.dir/home/dhjensen02/pico-sdk/src/rp2_common/pico_cyw43_driver/btstack_hci_transport_cyw43.c.obj
LOAD CMakeFiles/picow_ds4.dir/home/dhjensen02/pico-sdk/src/rp2_common/pico_cyw43_driver/btstack_chipset_cyw43.c.obj
LOAD CMakeFiles/picow_ds4.dir/home/dhjensen02/pico-sdk/src/rp2_common/pico_multicore/multicore.c.obj
LOAD /tmp/ccpbk94o.o
LOAD /usr/lib/gcc/arm-none-eabi/8.3.1/../../../arm-none-eabi/lib/thumb/v6-m/nofp/libstdc++.a
LOAD /usr/lib/gcc/arm-none-eabi/8.3.1/../../../arm-none-eabi/lib/thumb/v6-m/nofp/libm.a
START GROUP
LOAD /usr/lib/gcc/arm-none-eabi/8.3.1/thumb/v6-m/nofp/libgcc.a
LOAD /usr/lib/gcc/arm-none-eabi/8.3.1/../../../arm-none-eabi/lib/thumb/v6-m/nofp/libc.a
END GROUP
START GROUP
LOAD /usr/lib/gcc/arm-none-eabi/8.3.1/thumb/v6-m/nofp/libgcc.a
LOAD /usr/lib/gcc/arm-none-eabi/8.3.1/../../../arm-none-eabi/lib/thumb/v6-m/nofp/libc.a
LOAD /usr/lib/gcc/arm-none-eabi/8.3.1/../../../arm-none-eabi/lib/thumb/v6-m/nofp/libnosys.a
END GROUP
LOAD /usr/lib/gcc/arm-none-eabi/8.3.1/thumb/v6-m/nofp/crtend.o
LOAD /usr/lib/gcc/arm-none-eabi/8.3.1/thumb/v6-m/nofp/crtn.o
OUTPUT(picow_ds4.elf elf32-littlearm)
LOAD linker stubs

.ARM.attributes
                0x00000000       0x28
 .ARM.attributes
                0x00000000       0x1e /usr/lib/gcc/arm-none-eabi/8.3.1/thumb/v6-m/nofp/crti.o
 .ARM.attributes
                0x0000001e       0x2c /usr/lib/gcc/arm-none-eabi/8.3.1/thumb/v6-m/nofp/crtbegin.o
 .ARM.attributes
                0x0000004a       0x2c CMakeFiles/picow_ds4.dir/main.c.obj
 .ARM.attributes
                0x00000076       0x2c CMakeFiles/picow_ds4.dir/home/dhjensen02/pico-sdk/src/rp2_common/hardware_gpio/gpio.c.obj
 .ARM.attributes
                0x000000a2       0x2c CMakeFiles/picow_ds4.dir/home/dhjensen02/pico-sdk/src/rp2_common/pico_platform/platform.c.obj
 .ARM.attributes
                0x000000ce       0x2c CMakeFiles/picow_ds4.dir/home/dhjensen02/pico-sdk/src/rp2_common/hardware_claim/claim.c.obj
 .ARM.attributes
                0x000000fa       0x2c CMakeFiles/picow_ds4.dir/home/dhjensen02/pico-sdk/src/rp2_common/hardware_sync/sync.c.obj
 .ARM.attributes
                0x00000126       0x2c CMakeFiles/picow_ds4.dir/home/dhjensen02/pico-sdk/src/rp2_common/hardware_irq/irq.c.obj
 .ARM.attributes
                0x00000152       0x22 CMakeFiles/picow_ds4.dir/home/dhjensen02/pico-sdk/src/rp2_common/hardware_irq/irq_handler_chain.S.obj
 .ARM.attributes
                0x00000174       0x2c CMakeFiles/picow_ds4.dir/home/dhjensen02/pico-sdk/src/common/pico_sync/lock_core.c.obj
 .ARM.attributes
                0x000001a0       0x2c CMakeFiles/picow_ds4.dir/home/dhjensen02/pico-sdk/src/common/pico_sync/mutex.c.obj
 .ARM.attributes
                0x000001cc       0x2c CMakeFiles/picow_ds4.dir/home/dhjensen02/pico-sdk/src/common/pico_sync/critical_section.c.obj
 .ARM.attributes
                0x000001f8       0x2c CMakeFiles/picow_ds4.dir/home/dhjensen02/pico-sdk/src/common/pico_time/time.c.obj
 .ARM.attributes
                0x00000224       0x2c CMakeFiles/picow_ds4.dir/home/dhjensen02/pico-sdk/src/rp2_common/hardware_timer/timer.c.obj
 .ARM.attributes
                0x00000250       0x2c CMakeFiles/picow_ds4.dir/home/dhjensen02/pico-sdk/src/common/pico_util/pheap.c.obj
 .ARM.attributes
                0x0000027c       0x2c CMakeFiles/picow_ds4.dir/home/dhjensen02/pico-sdk/src/rp2_common/hardware_uart/uart.c.obj
 .ARM.attributes
                0x000002a8       0x2c CMakeFiles/picow_ds4.dir/home/dhjensen02/pico-sdk/src/rp2_common/hardware_clocks/clocks.c.obj
 .ARM.attributes
                0x000002d4       0x2c CMakeFiles/picow_ds4.dir/home/dhjensen02/pico-sdk/src/rp2_common/hardware_pll/pll.c.obj
 .ARM.attributes
                0x00000300       0x2c CMakeFiles/picow_ds4.dir/home/dhjensen02/pico-sdk/src/rp2_common/hardware_watchdog/watchdog.c.obj
 .ARM.attributes
                0x0000032c       0x2c CMakeFiles/picow_ds4.dir/home/dhjensen02/pico-sdk/src/rp2_common/hardware_xosc/xosc.c.obj
 .ARM.attributes
                0x00000358       0x2c CMakeFiles/picow_ds4.dir/home/dhjensen02/pico-sdk/src/rp2_common/pico_runtime/runtime.c.obj
 .ARM.attributes
                0x00000384       0x2c CMakeFiles/picow_ds4.dir/home/dhjensen02/pico-sdk/src/rp2_common/pico_printf/printf.c.obj
 .ARM.attributes
                0x000003b0       0x22 CMakeFiles/picow_ds4.dir/home/dhjensen02/pico-sdk/src/rp2_common/pico_bit_ops/bit_ops_aeabi.S.obj
 .ARM.attributes
                0x000003d2       0x2c CMakeFiles/picow_ds4.dir/home/dhjensen02/pico-sdk/src/rp2_common/pico_bootrom/bootrom.c.obj
 .ARM.attributes
                0x000003fe       0x22 CMakeFiles/picow_ds4.dir/home/dhjensen02/pico-sdk/src/rp2_common/pico_divider/divider.S.obj
 .ARM.attributes
                0x00000420       0x22 CMakeFiles/picow_ds4.dir/home/dhjensen02/pico-sdk/src/rp2_common/pico_double/double_aeabi.S.obj
 .ARM.attributes
                0x00000442       0x2c CMakeFiles/picow_ds4.dir/home/dhjensen02/pico-sdk/src/rp2_common/pico_double/double_init_rom.c.obj
 .ARM.attributes
                0x0000046e       0x22 CMakeFiles/picow_ds4.dir/home/dhjensen02/pico-sdk/src/rp2_common/pico_double/double_v1_rom_shim.S.obj
 .ARM.attributes
                0x00000490       0x22 CMakeFiles/picow_ds4.dir/home/dhjensen02/pico-sdk/src/rp2_common/pico_int64_ops/pico_int64_ops_aeabi.S.obj
 .ARM.attributes
                0x000004b2       0x22 CMakeFiles/picow_ds4.dir/home/dhjensen02/pico-sdk/src/rp2_common/pico_float/float_aeabi.S.obj
 .ARM.attributes
                0x000004d4       0x2c CMakeFiles/picow_ds4.dir/home/dhjensen02/pico-sdk/src/rp2_common/pico_float/float_init_rom.c.obj
 .ARM.attributes
                0x00000500       0x2c CMakeFiles/picow_ds4.dir/home/dhjensen02/pico-sdk/src/rp2_common/pico_malloc/pico_malloc.c.obj
 .ARM.attributes
                0x0000052c       0x22 CMakeFiles/picow_ds4.dir/home/dhjensen02/pico-sdk/src/rp2_common/pico_mem_ops/mem_ops_aeabi.S.obj
 .ARM.attributes
                0x0000054e       0x22 CMakeFiles/picow_ds4.dir/home/dhjensen02/pico-sdk/src/rp2_common/pico_standard_link/crt0.S.obj
 .ARM.attributes
                0x00000570       0x32 CMakeFiles/picow_ds4.dir/home/dhjensen02/pico-sdk/src/rp2_common/pico_standard_link/binary_info.c.obj
 .ARM.attributes
                0x000005a2       0x2c CMakeFiles/picow_ds4.dir/home/dhjensen02/pico-sdk/src/rp2_common/pico_stdio/stdio.c.obj
 .ARM.attributes
                0x000005ce       0x2c CMakeFiles/picow_ds4.dir/home/dhjensen02/pico-sdk/src/rp2_common/pico_stdio_uart/stdio_uart.c.obj
 .ARM.attributes
                0x000005fa       0x2c CMakeFiles/picow_ds4.dir/home/dhjensen02/pico-sdk/src/rp2_common/pico_stdio_usb/reset_interface.c.obj
 .ARM.attributes
                0x00000626       0x2c CMakeFiles/picow_ds4.dir/home/dhjensen02/pico-sdk/src/rp2_common/pico_stdio_usb/stdio_usb.c.obj
 .ARM.attributes
                0x00000652       0x2c CMakeFiles/picow_ds4.dir/home/dhjensen02/pico-sdk/src/rp2_common/pico_stdio_usb/stdio_usb_descriptors.c.obj
 .ARM.attributes
                0x0000067e       0x2c CMakeFiles/picow_ds4.dir/home/dhjensen02/pico-sdk/src/rp2_common/pico_unique_id/unique_id.c.obj
 .ARM.attributes
                0x000006aa       0x2c CMakeFiles/picow_ds4.dir/home/dhjensen02/pico-sdk/src/rp2_common/hardware_flash/flash.c.obj
 .ARM.attributes
                0x000006d6       0x2c CMakeFiles/picow_ds4.dir/home/dhjensen02/pico-sdk/lib/tinyusb/src/portable/raspberrypi/rp2040/dcd_rp2040.c.obj
 .ARM.attributes
                0x00000702       0x2c CMakeFiles/picow_ds4.dir/home/dhjensen02/pico-sdk/lib/tinyusb/src/portable/raspberrypi/rp2040/rp2040_usb.c.obj
 .ARM.attributes
                0x0000072e       0x2c CMakeFiles/picow_ds4.dir/home/dhjensen02/pico-sdk/lib/tinyusb/src/device/usbd.c.obj
 .ARM.attributes
                0x0000075a       0x2c CMakeFiles/picow_ds4.dir/home/dhjensen02/pico-sdk/lib/tinyusb/src/device/usbd_control.c.obj
 .ARM.attributes
                0x00000786       0x2c CMakeFiles/picow_ds4.dir/home/dhjensen02/pico-sdk/lib/tinyusb/src/class/cdc/cdc_device.c.obj
 .ARM.attributes
                0x000007b2       0x2c CMakeFiles/picow_ds4.dir/home/dhjensen02/pico-sdk/lib/tinyusb/src/tusb.c.obj
 .ARM.attributes
                0x000007de       0x2c CMakeFiles/picow_ds4.dir/home/dhjensen02/pico-sdk/lib/tinyusb/src/common/tusb_fifo.c.obj
 .ARM.attributes
                0x0000080a       0x2c CMakeFiles/picow_ds4.dir/home/dhjensen02/pico-sdk/src/rp2_common/pico_multicore/multicore.c.obj
 .ARM.attributes
                0x00000836       0x22 /tmp/ccpbk94o.o
 .ARM.attributes
                0x00000858       0x1e /usr/lib/gcc/arm-none-eabi/8.3.1/thumb/v6-m/nofp/libgcc.a(_dvmd_tls.o)