Archive member included to satisfy reference by file (symbol)

dht20-pico/libdht20.a(DHT20.c.obj)
                              CMakeFiles/picow_ds4.dir/main.c.obj (DHT20_init)
/usr/lib/gcc/arm-none-eabi/8.3.1/thumb/v6-m/nofp/libgcc.a(_dvmd_tls.o)
                              CMakeFiles/picow_ds4.dir/home/dhjensen02/pico-sdk/src/rp2_common/pico_divider/divider.S.obj (__aeabi_idiv0)
/usr/lib/gcc/arm-none-eabi/8.3.1/../../../arm-none-eabi/lib/thumb/v6-m/nofp/libc.a(lib_a-atexit.o)
                              /usr/lib/gcc/arm-none-eabi/8.3.1/../../../arm-none-eabi/lib/thumb/v6-m/nofp/crt0.o (atexit)
/usr/lib/gcc/arm-none-eabi/8.3.1/../../../arm-none-eabi/lib/thumb/v6-m/nofp/libc.a(lib_a-calloc.o)
                              CMakeFiles/picow_ds4.dir/home/dhjensen02/pico-sdk/src/rp2_common/pico_malloc/pico_malloc.c.obj (calloc)
/usr/lib/gcc/arm-none-eabi/8.3.1/../../../arm-none-eabi/lib/thumb/v6-m/nofp/libc.a(lib_a-callocr.o)
                              /usr/lib/gcc/arm-none-eabi/8.3.1/../../../arm-none-eabi/lib/thumb/v6-m/nofp/libc.a(lib_a-calloc.o) (_calloc_r)
/usr/lib/gcc/arm-none-eabi/8.3.1/../../../arm-none-eabi/lib/thumb/v6-m/nofp/libc.a(lib_a-fini.o)
                              /usr/lib/gcc/arm-none-eabi/8.3.1/../../../arm-none-eabi/lib/thumb/v6-m/nofp/crt0.o (__libc_fini_array)
/usr/lib/gcc/arm-none-eabi/8.3.1/../../../arm-none-eabi/lib/thumb/v6-m/nofp/libc.a(lib_a-impure.o)
                              /usr/lib/gcc/arm-none-eabi/8.3.1/../../../arm-none-eabi/lib/thumb/v6-m/nofp/libc.a(lib_a-calloc.o) (_impure_ptr)
/usr/lib/gcc/arm-none-eabi/8.3.1/../../../arm-none-eabi/lib/thumb/v6-m/nofp/libc.a(lib_a-init.o)
                              /usr/lib/gcc/arm-none-eabi/8.3.1/../../../arm-none-eabi/lib/thumb/v6-m/nofp/crt0.o (__libc_init_array)
/usr/lib/gcc/arm-none-eabi/8.3.1/../../../arm-none-eabi/lib/thumb/v6-m/nofp/libc.a(lib_a-malloc.o)
                              CMakeFiles/picow_ds4.dir/home/dhjensen02/pico-sdk/src/rp2_common/pico_malloc/pico_malloc.c.obj (malloc)
/usr/lib/gcc/arm-none-eabi/8.3.1/../../../arm-none-eabi/lib/thumb/v6-m/nofp/libc.a(lib_a-mallocr.o)
                              /usr/lib/gcc/arm-none-eabi/8.3.1/../../../arm-none-eabi/lib/thumb/v6-m/nofp/libc.a(lib_a-callocr.o) (_malloc_r)
/usr/lib/gcc/arm-none-eabi/8.3.1/../../../arm-none-eabi/lib/thumb/v6-m/nofp/libc.a(lib_a-memcmp.o)
                              CMakeFiles/picow_ds4.dir/home/dhjensen02/pico-sdk/lib/cyw43-driver/src/cyw43_ll.c.obj (memcmp)
/usr/lib/gcc/arm-none-eabi/8.3.1/../../../arm-none-eabi/lib/thumb/v6-m/nofp/libc.a(lib_a-memmove.o)
                              CMakeFiles/picow_ds4.dir/home/dhjensen02/pico-sdk/lib/cyw43-driver/src/cyw43_ll.c.obj (memmove)
/usr/lib/gcc/arm-none-eabi/8.3.1/../../../arm-none-eabi/lib/thumb/v6-m/nofp/libc.a(lib_a-mlock.o)
                              /usr/lib/gcc/arm-none-eabi/8.3.1/../../../arm-none-eabi/lib/thumb/v6-m/nofp/libc.a(lib_a-mallocr.o) (__malloc_lock)
/usr/lib/gcc/arm-none-eabi/8.3.1/../../../arm-none-eabi/lib/thumb/v6-m/nofp/libc.a(lib_a-realloc.o)
                              CMakeFiles/picow_ds4.dir/home/dhjensen02/pico-sdk/src/rp2_common/pico_malloc/pico_malloc.c.obj (realloc)
/usr/lib/gcc/arm-none-eabi/8.3.1/../../../arm-none-eabi/lib/thumb/v6-m/nofp/libc.a(lib_a-reallocr.o)
                              /usr/lib/gcc/arm-none-eabi/8.3.1/../../../arm-none-eabi/lib/thumb/v6-m/nofp/libc.a(lib_a-realloc.o) (_realloc_r)
/usr/lib/gcc/arm-none-eabi/8.3.1/../../../arm-none-eabi/lib/thumb/v6-m/nofp/libc.a(lib_a-sbrkr.o)
                              /usr/lib/gcc/arm-none-eabi/8.3.1/../../../arm-none-eabi/lib/thumb/v6-m/nofp/libc.a(lib_a-mallocr.o) (_sbrk_r)
/usr/lib/gcc/arm-none-eabi/8.3.1/../../../arm-none-eabi/lib/thumb/v6-m/nofp/libc.a(lib_a-strcmp.o)
                              CMakeFiles/picow_ds4.dir/__/btstack/src/classic/hfp.c.obj (strcmp)
/usr/lib/gcc/arm-none-eabi/8.3.1/../../../arm-none-eabi/lib/thumb/v6-m/nofp/libc.a(lib_a-strlen-stub.o)
                              CMakeFiles/picow_ds4.dir/home/dhjensen02/pico-sdk/src/rp2_common/pico_stdio/stdio.c.obj (strlen)
/usr/lib/gcc/arm-none-eabi/8.3.1/../../../arm-none-eabi/lib/thumb/v6-m/nofp/libc.a(lib_a-strncmp.o)
                              CMakeFiles/picow_ds4.dir/home/dhjensen02/pico-sdk/lib/cyw43-driver/src/cyw43_ll.c.obj (strncmp)
/usr/lib/gcc/arm-none-eabi/8.3.1/../../../arm-none-eabi/lib/thumb/v6-m/nofp/libc.a(lib_a-__atexit.o)
                              /usr/lib/gcc/arm-none-eabi/8.3.1/../../../arm-none-eabi/lib/thumb/v6-m/nofp/libc.a(lib_a-atexit.o) (__register_exitproc)
/usr/lib/gcc/arm-none-eabi/8.3.1/../../../arm-none-eabi/lib/thumb/v6-m/nofp/libc.a(lib_a-freer.o)
                              /usr/lib/gcc/arm-none-eabi/8.3.1/../../../arm-none-eabi/lib/thumb/v6-m/nofp/libc.a(lib_a-malloc.o) (_free_r)
/usr/lib/gcc/arm-none-eabi/8.3.1/../../../arm-none-eabi/lib/thumb/v6-m/nofp/libc.a(lib_a-reent.o)
[...]
Memory Configuration

Name             Origin             Length             Attributes
FLASH            0x10000000         0x00200000         xr
RAM              0x20000000         0x00040000         xrw
SCRATCH_X        0x20040000         0x00001000         xrw
SCRATCH_Y        0x20041000         0x00001000         xrw
*default*        0x00000000         0xffffffff

Linker script and memory map

LOAD /usr/lib/gcc/arm-none-eabi/8.3.1/thumb/v6-m/nofp/crti.o
LOAD /usr/lib/gcc/arm-none-eabi/8.3.1/thumb/v6-m/nofp/crtbegin.o
LOAD /usr/lib/gcc/arm-none-eabi/8.3.1/../../../arm-none-eabi/lib/thumb/v6-m/nofp/crt0.o

.flash_begin    0x10000000        0x0
                0x10000000                __flash_binary_start = .

.boot2          0x10000000      0x100
                0x10000000                __boot2_start__ = .
 *(.boot2)
 .boot2         0x10000000      0x100 /tmp/ccNUyQmh.o
                0x10000100                __boot2_end__ = .
                0x00000001                ASSERT (((__boot2_end__ - __boot2_start__) == 0x100), ERROR: Pico second stage bootloader must be 256 bytes in size)

.text           0x10000100    0x1fe78
                0x10000100                __logical_binary_start = .
 *(.vectors)
 .vectors       0x10000100       0xd4 CMakeFiles/picow_ds4.dir/home/dhjensen02/pico-sdk/src/rp2_common/pico_standard_link/crt0.S.obj
                0x10000100                __vectors
                0x10000100                __VECTOR_TABLE
                0x100001c0                isr_invalid
                0x100001c0                __default_isrs_start
                0x100001c2                isr_nmi
                0x100001c4                isr_hardfault
                0x100001c6                isr_svcall
                0x100001c8                isr_pendsv
                0x100001ca                isr_systick
                0x100001cc                isr_irq30
                0x100001cc                __unhandled_user_irq
                0x100001cc                isr_irq13
                0x100001cc                isr_irq27
                0x100001cc                isr_irq31
                0x100001cc                isr_irq5
                0x100001cc                isr_irq11
                0x100001cc                isr_irq23
                0x100001cc                isr_irq18
                0x100001cc                isr_irq28
                0x100001cc                isr_irq19
                0x100001cc                isr_irq0
                0x100001cc                isr_irq6
                0x100001cc                isr_irq22
                0x100001cc                isr_irq17
                0x100001cc                isr_irq14
                0x100001cc                isr_irq2
                0x100001cc                isr_irq10
                0x100001cc                isr_irq8
                0x100001cc                isr_irq24
                0x100001cc                isr_irq1
                0x100001cc                isr_irq7
                0x100001cc                isr_irq21
                0x100001cc                isr_irq20
                0x100001cc                isr_irq15
                0x100001cc                isr_irq25
                0x100001cc                isr_irq4
                0x100001cc                isr_irq16
                0x100001cc                isr_irq29
                0x100001cc                isr_irq26
                0x100001cc                __default_isrs_end
                0x100001cc                isr_irq3
                0x100001cc                isr_irq12
                0x100001cc                isr_irq9
                0x100001d2                unhandled_user_irq_num_in_r0
 *(.binary_info_header)
 .binary_info_header
                0x100001d4       0x14 CMakeFiles/picow_ds4.dir/home/dhjensen02/pico-sdk/src/rp2_common/pico_standard_link/crt0.S.obj
                0x100001e8                __binary_info_header_end = .
 *(.reset)
 .reset         0x100001e8       0xa0 CMakeFiles/picow_ds4.dir/home/dhjensen02/pico-sdk/src/rp2_common/pico_standard_link/crt0.S.obj
                0x100001e8                _entry_point
 .reset         0x10000288       0x30 CMakeFiles/picow_ds4.dir/home/dhjensen02/pico-sdk/src/rp2_common/pico_standard_link/binary_info.c.obj
 *(.init)
 .init          0x100002b8        0x4 /usr/lib/gcc/arm-none-eabi/8.3.1/thumb/v6-m/nofp/crti.o
                0x100002b8                _init
 *(EXCLUDE_FILE(*libm.a: *libc.a:*lib_a-mem*.o *libgcc.a:) .text*)
 .text          0x100002bc       0x98 /usr/lib/gcc/arm-none-eabi/8.3.1/thumb/v6-m/nofp/crtbegin.o
 .text.sensor_init
                0x10000354       0x38 CMakeFiles/picow_ds4.dir/main.c.obj
                0x10000354                sensor_init
 .text.servo_init
                0x1000038c       0x5c CMakeFiles/picow_ds4.dir/main.c.obj
                0x1000038c                servo_init
 .text.motor_init
                0x100003e8       0x70 CMakeFiles/picow_ds4.dir/main.c.obj
                0x100003e8                motor_init
 .text.joystickY2MotorPwm
                0x10000458       0xe4 CMakeFiles/picow_ds4.dir/main.c.obj
                0x10000458                joystickY2MotorPwm
 .text.startup.main
                0x1000053c      0x408 CMakeFiles/picow_ds4.dir/main.c.obj
                0x1000053c                main
 .text.blink_handler
                0x10000944       0x40 CMakeFiles/picow_ds4.dir/bt_hid.c.obj
 .text.packet_handler
                0x10000984      0x2cc CMakeFiles/picow_ds4.dir/bt_hid.c.obj
 .text.bt_hid_get_latest
                0x10000c50       0x28 CMakeFiles/picow_ds4.dir/bt_hid.c.obj
                0x10000c50                bt_hid_get_latest
 .text.bt_main  0x10000c78       0xb4 CMakeFiles/picow_ds4.dir/bt_hid.c.obj
                0x10000c78                bt_main
 .text.gpio_set_function
                0x10000d2c       0x30 CMakeFiles/picow_ds4.dir/home/dhjensen02/pico-sdk/src/rp2_common/hardware_gpio/gpio.c.obj
                0x10000d2c                gpio_set_function
 .text.gpio_set_pulls
                0x10000d5c       0x30 CMakeFiles/picow_ds4.dir/home/dhjensen02/pico-sdk/src/rp2_common/hardware_gpio/gpio.c.obj
                0x10000d5c                gpio_set_pulls
 .text.gpio_set_input_hysteresis_enabled
                0x10000d8c       0x28 CMakeFiles/picow_ds4.dir/home/dhjensen02/pico-sdk/src/rp2_common/hardware_gpio/gpio.c.obj
                0x10000d8c                gpio_set_input_hysteresis_enabled
 .text.gpio_set_irq_enabled
                0x10000db4       0x50 CMakeFiles/picow_ds4.dir/home/dhjensen02/pico-sdk/src/rp2_common/hardware_gpio/gpio.c.obj
                0x10000db4                gpio_set_irq_enabled
 .text.gpio_add_raw_irq_handler_with_order_priority_masked
                0x10000e04       0x44 CMakeFiles/picow_ds4.dir/home/dhjensen02/pico-sdk/src/rp2_common/hardware_gpio/gpio.c.obj
                0x10000e04                gpio_add_raw_irq_handler_with_order_priority_masked
 .text.gpio_remove_raw_irq_handler_masked
                0x10000e48       0x20 CMakeFiles/picow_ds4.dir/home/dhjensen02/pico-sdk/src/rp2_common/hardware_gpio/gpio.c.obj
                0x10000e48                gpio_remove_raw_irq_handler_masked
 .text.gpio_init
                0x10000e68       0x3c CMakeFiles/picow_ds4.dir/home/dhjensen02/pico-sdk/src/rp2_common/hardware_gpio/gpio.c.obj
                0x10000e68                gpio_init
 .text.running_on_fpga
                0x10000ea4       0x10 CMakeFiles/picow_ds4.dir/home/dhjensen02/pico-sdk/src/rp2_common/pico_platform/platform.c.obj
                0x10000ea4                running_on_fpga
 .text.hw_claim_lock
                0x10000eb4       0x18 CMakeFiles/picow_ds4.dir/home/dhjensen02/pico-sdk/src/rp2_common/hardware_claim/claim.c.obj
                0x10000eb4                hw_claim_lock
 .text.hw_claim_unlock
                0x10000ecc       0x14 CMakeFiles/picow_ds4.dir/home/dhjensen02/pico-sdk/src/rp2_common/hardware_claim/claim.c.obj
                0x10000ecc                hw_claim_unlock
 .text.hw_claim_or_assert
                0x10000ee0       0x44 CMakeFiles/picow_ds4.dir/home/dhjensen02/pico-sdk/src/rp2_common/hardware_claim/claim.c.obj
                0x10000ee0                hw_claim_or_assert
 .text.hw_claim_unused_from_range
                0x10000f24       0x9c CMakeFiles/picow_ds4.dir/home/dhjensen02/pico-sdk/src/rp2_common/hardware_claim/claim.c.obj
                0x10000f24                hw_claim_unused_from_range
 .text.hw_claim_clear
                0x10000fc0       0x38 CMakeFiles/picow_ds4.dir/home/dhjensen02/pico-sdk/src/rp2_common/hardware_claim/claim.c.obj
                0x10000fc0                hw_claim_clear
 .text.spin_locks_reset
                0x10000ff8       0x1c CMakeFiles/picow_ds4.dir/home/dhjensen02/pico-sdk/src/rp2_common/hardware_sync/sync.c.obj
                0x10000ff8                spin_locks_reset
 .text.next_striped_spin_lock_num
                0x10001014       0x18 CMakeFiles/picow_ds4.dir/home/dhjensen02/pico-sdk/src/rp2_common/hardware_sync/sync.c.obj
                0x10001014                next_striped_spin_lock_num
 .text.spin_lock_claim_unused
                0x1000102c       0x20 CMakeFiles/picow_ds4.dir/home/dhjensen02/pico-sdk/src/rp2_common/hardware_sync/sync.c.obj
                0x1000102c                spin_lock_claim_unused
 .text.irq_set_enabled
                0x1000104c       0x24 CMakeFiles/picow_ds4.dir/home/dhjensen02/pico-sdk/src/rp2_common/hardware_irq/irq.c.obj
                0x1000104c                irq_set_enabled
 .text.irq_is_enabled
                0x10001070       0x18 CMakeFiles/picow_ds4.dir/home/dhjensen02/pico-sdk/src/rp2_common/hardware_irq/irq.c.obj
                0x10001070                irq_is_enabled
 .text.irq_set_pending
                0x10001088       0x10 CMakeFiles/picow_ds4.dir/home/dhjensen02/pico-sdk/src/rp2_common/hardware_irq/irq.c.obj
                0x10001088                irq_set_pending
 .text.irq_has_shared_handler
                0x10001098       0x2c CMakeFiles/picow_ds4.dir/home/dhjensen02/pico-sdk/src/rp2_common/hardware_irq/irq.c.obj
                0x10001098                irq_has_shared_handler
 .text.irq_get_vtable_handler
                0x100010c4       0x10 CMakeFiles/picow_ds4.dir/home/dhjensen02/pico-sdk/src/rp2_common/hardware_irq/irq.c.obj
                0x100010c4                irq_get_vtable_handler
 .text.irq_set_exclusive_handler
                0x100010d4       0x54 CMakeFiles/picow_ds4.dir/home/dhjensen02/pico-sdk/src/rp2_common/hardware_irq/irq.c.obj
                0x100010d4                irq_set_exclusive_handler
 .text.irq_add_shared_handler
                0x10001128      0x1c8 CMakeFiles/picow_ds4.dir/home/dhjensen02/pico-sdk/src/rp2_common/hardware_irq/irq.c.obj
                0x10001128                irq_add_shared_handler
 .text.irq_remove_handler
                0x100012f0      0x1b0 CMakeFiles/picow_ds4.dir/home/dhjensen02/pico-sdk/src/rp2_common/hardware_irq/irq.c.obj
                0x100012f0                irq_remove_handler
 .text.irq_set_priority
                0x100014a0       0x28 CMakeFiles/picow_ds4.dir/home/dhjensen02/pico-sdk/src/rp2_common/hardware_irq/irq.c.obj
                0x100014a0                irq_set_priority
 .text.irq_add_tail_to_free_list
                0x100014c8       0xb4 CMakeFiles/picow_ds4.dir/home/dhjensen02/pico-sdk/src/rp2_common/hardware_irq/irq.c.obj
                0x100014c8                irq_add_tail_to_free_list
 .text.irq_init_priorities
                0x1000157c       0x24 CMakeFiles/picow_ds4.dir/home/dhjensen02/pico-sdk/src/rp2_common/hardware_irq/irq.c.obj
                0x1000157c                irq_init_priorities
 .text.user_irq_unclaim
                0x100015a0       0x14 CMakeFiles/picow_ds4.dir/home/dhjensen02/pico-sdk/src/rp2_common/hardware_irq/irq.c.obj
                0x100015a0                user_irq_unclaim
 .text.user_irq_claim_unused
                0x100015b4       0x28 CMakeFiles/picow_ds4.dir/home/dhjensen02/pico-sdk/src/rp2_common/hardware_irq/irq.c.obj
                0x100015b4                user_irq_claim_unused
 .text.sem_init
                0x100015dc       0x20 CMakeFiles/picow_ds4.dir/home/dhjensen02/pico-sdk/src/common/pico_sync/sem.c.obj
                0x100015dc                sem_init
 .text.lock_init
                0x100015fc       0x10 CMakeFiles/picow_ds4.dir/home/dhjensen02/pico-sdk/src/common/pico_sync/lock_core.c.obj
                0x100015fc                lock_init
 .text.mutex_init
                0x1000160c       0x1c CMakeFiles/picow_ds4.dir/home/dhjensen02/pico-sdk/src/common/pico_sync/mutex.c.obj
                0x1000160c                mutex_init
 .text.recursive_mutex_init
                0x10001628       0x1c CMakeFiles/picow_ds4.dir/home/dhjensen02/pico-sdk/src/common/pico_sync/mutex.c.obj
                0x10001628                recursive_mutex_init
 .text.critical_section_init
                0x10001644       0x20 CMakeFiles/picow_ds4.dir/home/dhjensen02/pico-sdk/src/common/pico_sync/critical_section.c.obj
                0x10001644                critical_section_init
 .text.critical_section_init_with_lock_num
                0x10001664       0x14 CMakeFiles/picow_ds4.dir/home/dhjensen02/pico-sdk/src/common/pico_sync/critical_section.c.obj
                0x10001664                critical_section_init_with_lock_num
 .text.ph_merge_nodes
                0x10001678       0x5c CMakeFiles/picow_ds4.dir/home/dhjensen02/pico-sdk/src/common/pico_time/time.c.obj
 .text.timer_pool_entry_comparator
                0x100016d4       0x34 CMakeFiles/picow_ds4.dir/home/dhjensen02/pico-sdk/src/common/pico_time/time.c.obj
                0x100016d4                timer_pool_entry_comparator
 .text.sleep_until_callback
                0x10001708       0x30 CMakeFiles/picow_ds4.dir/home/dhjensen02/pico-sdk/src/common/pico_time/time.c.obj
 .text.add_alarm_under_lock
                0x10001738       0xbc CMakeFiles/picow_ds4.dir/home/dhjensen02/pico-sdk/src/common/pico_time/time.c.obj
 .text.alarm_pool_alarm_callback
                0x100017f4      0x1c0 CMakeFiles/picow_ds4.dir/home/dhjensen02/pico-sdk/src/common/pico_time/time.c.obj
 .text.alarm_pool_init_default
                0x100019b4       0x6c CMakeFiles/picow_ds4.dir/home/dhjensen02/pico-sdk/src/common/pico_time/time.c.obj
                0x100019b4                alarm_pool_init_default
 .text.alarm_pool_get_default
                0x10001a20        0x8 CMakeFiles/picow_ds4.dir/home/dhjensen02/pico-sdk/src/common/pico_time/time.c.obj
                0x10001a20                alarm_pool_get_default
 .text.alarm_pool_create_with_unused_hardware_alarm
                0x10001a28       0x74 CMakeFiles/picow_ds4.dir/home/dhjensen02/pico-sdk/src/common/pico_time/time.c.obj
                0x10001a28                alarm_pool_create_with_unused_hardware_alarm
 .text.alarm_pool_destroy
                0x10001a9c       0x44 CMakeFiles/picow_ds4.dir/home/dhjensen02/pico-sdk/src/common/pico_time/time.c.obj
                0x10001a9c                alarm_pool_destroy
 .text.alarm_pool_add_alarm_at
                0x10001ae0      0x144 CMakeFiles/picow_ds4.dir/home/dhjensen02/pico-sdk/src/common/pico_time/time.c.obj
                0x10001ae0                alarm_pool_add_alarm_at
 .text.alarm_pool_add_alarm_at_force_in_context
                0x10001c24       0xe4 CMakeFiles/picow_ds4.dir/home/dhjensen02/pico-sdk/src/common/pico_time/time.c.obj
                0x10001c24                alarm_pool_add_alarm_at_force_in_context
 .text.alarm_pool_cancel_alarm
                0x10001d08       0x74 CMakeFiles/picow_ds4.dir/home/dhjensen02/pico-sdk/src/common/pico_time/time.c.obj
                0x10001d08                alarm_pool_cancel_alarm
 .text.alarm_pool_core_num
                0x10001d7c        0x4 CMakeFiles/picow_ds4.dir/home/dhjensen02/pico-sdk/src/common/pico_time/time.c.obj
                0x10001d7c                alarm_pool_core_num
 .text.sleep_until
                0x10001d80       0xc4 CMakeFiles/picow_ds4.dir/home/dhjensen02/pico-sdk/src/common/pico_time/time.c.obj
                0x10001d80                sleep_until
 .text.sleep_ms
                0x10001e44       0x34 CMakeFiles/picow_ds4.dir/home/dhjensen02/pico-sdk/src/common/pico_time/time.c.obj
                0x10001e44                sleep_ms
 .text.best_effort_wfe_or_timeout
                0x10001e78       0xd0 CMakeFiles/picow_ds4.dir/home/dhjensen02/pico-sdk/src/common/pico_time/time.c.obj
                0x10001e78                best_effort_wfe_or_timeout
 .text.hardware_alarm_irq_handler
                0x10001f48       0xb4 CMakeFiles/picow_ds4.dir/home/dhjensen02/pico-sdk/src/rp2_common/hardware_timer/timer.c.obj
 .text.hardware_alarm_claim
                0x10001ffc       0x18 CMakeFiles/picow_ds4.dir/home/dhjensen02/pico-sdk/src/rp2_common/hardware_timer/timer.c.obj
                0x10001ffc                hardware_alarm_claim
 .text.hardware_alarm_unclaim
                0x10002014       0x10 CMakeFiles/picow_ds4.dir/home/dhjensen02/pico-sdk/src/rp2_common/hardware_timer/timer.c.obj
                0x10002014                hardware_alarm_unclaim
 .text.hardware_alarm_claim_unused
                0x10002024       0x20 CMakeFiles/picow_ds4.dir/home/dhjensen02/pico-sdk/src/rp2_common/hardware_timer/timer.c.obj
                0x10002024                hardware_alarm_claim_unused
 .text.time_us_64
                0x10002044       0x18 CMakeFiles/picow_ds4.dir/home/dhjensen02/pico-sdk/src/rp2_common/hardware_timer/timer.c.obj
                0x10002044                time_us_64
 .text.busy_wait_until
                0x1000205c       0x20 CMakeFiles/picow_ds4.dir/home/dhjensen02/pico-sdk/src/rp2_common/hardware_timer/timer.c.obj
                0x1000205c                busy_wait_until
 .text.hardware_alarm_set_callback
                0x1000207c       0x8c CMakeFiles/picow_ds4.dir/home/dhjensen02/pico-sdk/src/rp2_common/hardware_timer/timer.c.obj
                0x1000207c                hardware_alarm_set_callback
 .text.hardware_alarm_set_target
                0x10002108       0xd8 CMakeFiles/picow_ds4.dir/home/dhjensen02/pico-sdk/src/rp2_common/hardware_timer/timer.c.obj
                0x10002108                hardware_alarm_set_target
 .text.hardware_alarm_cancel
                0x100021e0       0x40 CMakeFiles/picow_ds4.dir/home/dhjensen02/pico-sdk/src/rp2_common/hardware_timer/timer.c.obj
                0x100021e0                hardware_alarm_cancel
 .text.hardware_alarm_force_irq
                0x10002220       0x40 CMakeFiles/picow_ds4.dir/home/dhjensen02/pico-sdk/src/rp2_common/hardware_timer/timer.c.obj
                0x10002220                hardware_alarm_force_irq
 .text.ph_merge_nodes
                0x10002260       0x5c CMakeFiles/picow_ds4.dir/home/dhjensen02/pico-sdk/src/common/pico_util/pheap.c.obj
 .text.ph_create
                0x100022bc      0x1cc CMakeFiles/picow_ds4.dir/home/dhjensen02/pico-sdk/src/common/pico_util/pheap.c.obj
                0x100022bc                ph_create
 .text.ph_post_alloc_init
                0x10002488      0x1b8 CMakeFiles/picow_ds4.dir/home/dhjensen02/pico-sdk/src/common/pico_util/pheap.c.obj
                0x10002488                ph_post_alloc_init
 .text.ph_destroy
                0x10002640       0x14 CMakeFiles/picow_ds4.dir/home/dhjensen02/pico-sdk/src/common/pico_util/pheap.c.obj
                0x10002640                ph_destroy
 .text.ph_merge_two_pass
                0x10002654       0x4c CMakeFiles/picow_ds4.dir/home/dhjensen02/pico-sdk/src/common/pico_util/pheap.c.obj
                0x10002654                ph_merge_two_pass
 .text.ph_remove_any_head
                0x100026a0      0x1c0 CMakeFiles/picow_ds4.dir/home/dhjensen02/pico-sdk/src/common/pico_util/pheap.c.obj
 .text.ph_remove_head
                0x10002860      0x1c4 CMakeFiles/picow_ds4.dir/home/dhjensen02/pico-sdk/src/common/pico_util/pheap.c.obj
                0x10002860                ph_remove_head
 .text.ph_remove_and_free_node
                0x10002a24       0x7c CMakeFiles/picow_ds4.dir/home/dhjensen02/pico-sdk/src/common/pico_util/pheap.c.obj
                0x10002a24                ph_remove_and_free_node
 .text.clocks_init
                0x10002aa0      0x2d4 CMakeFiles/picow_ds4.dir/home/dhjensen02/pico-sdk/src/rp2_common/hardware_clocks/clocks.c.obj
                0x10002aa0                clocks_init
 .text.clock_get_hz
                0x10002d74        0xc CMakeFiles/picow_ds4.dir/home/dhjensen02/pico-sdk/src/rp2_common/hardware_clocks/clocks.c.obj
                0x10002d74                clock_get_hz
 .text.pll_init
                0x10002d80       0xa0 CMakeFiles/picow_ds4.dir/home/dhjensen02/pico-sdk/src/rp2_common/hardware_pll/pll.c.obj
                0x10002d80                pll_init
 .text.watchdog_start_tick
                0x10002e20       0x10 CMakeFiles/picow_ds4.dir/home/dhjensen02/pico-sdk/src/rp2_common/hardware_watchdog/watchdog.c.obj
                0x10002e20                watchdog_start_tick
 .text.watchdog_reboot
                0x10002e30       0x98 CMakeFiles/picow_ds4.dir/home/dhjensen02/pico-sdk/src/rp2_common/hardware_watchdog/watchdog.c.obj
                0x10002e30                watchdog_reboot
 .text.xosc_init
                0x10002ec8       0x28 CMakeFiles/picow_ds4.dir/home/dhjensen02/pico-sdk/src/rp2_common/hardware_xosc/xosc.c.obj
                0x10002ec8                xosc_init
 .text.runtime_init
                0x10002ef0       0xf4 CMakeFiles/picow_ds4.dir/home/dhjensen02/pico-sdk/src/rp2_common/pico_runtime/runtime.c.obj
                0x10002ef0                runtime_init
 .text._exit    0x10002fe4        0x4 CMakeFiles/picow_ds4.dir/home/dhjensen02/pico-sdk/src/rp2_common/pico_runtime/runtime.c.obj
                0x10002fe4                _exit
 .text._sbrk    0x10002fe8       0x34 CMakeFiles/picow_ds4.dir/home/dhjensen02/pico-sdk/src/rp2_common/pico_runtime/runtime.c.obj
                0x10002fe8                _sbrk
 .text.exit     0x1000301c        0x8 CMakeFiles/picow_ds4.dir/home/dhjensen02/pico-sdk/src/rp2_common/pico_runtime/runtime.c.obj
                0x1000301c                exit
 .text.panic    0x10003024       0x30 CMakeFiles/picow_ds4.dir/home/dhjensen02/pico-sdk/src/rp2_common/pico_runtime/runtime.c.obj
                0x10003024                panic
 .text.hard_assertion_failure
                0x10003054        0xc CMakeFiles/picow_ds4.dir/home/dhjensen02/pico-sdk/src/rp2_common/pico_runtime/runtime.c.obj
                0x10003054                hard_assertion_failure
 .text._out_buffer
                0x10003060        0x8 CMakeFiles/picow_ds4.dir/home/dhjensen02/pico-sdk/src/rp2_common/pico_printf/printf.c.obj
 .text._out_null
                0x10003068        0x4 CMakeFiles/picow_ds4.dir/home/dhjensen02/pico-sdk/src/rp2_common/pico_printf/printf.c.obj
 .text._out_rev
                0x1000306c       0x9c CMakeFiles/picow_ds4.dir/home/dhjensen02/pico-sdk/src/rp2_common/pico_printf/printf.c.obj
 .text._ntoa_format
                0x10003108      0x1c8 CMakeFiles/picow_ds4.dir/home/dhjensen02/pico-sdk/src/rp2_common/pico_printf/printf.c.obj
 .text._out_char
                0x100032d0       0x10 CMakeFiles/picow_ds4.dir/home/dhjensen02/pico-sdk/src/rp2_common/pico_printf/printf.c.obj
 .text._out_fct
                0x100032e0       0x10 CMakeFiles/picow_ds4.dir/home/dhjensen02/pico-sdk/src/rp2_common/pico_printf/printf.c.obj
 .text._etoa    0x100032f0      0x45c CMakeFiles/picow_ds4.dir/home/dhjensen02/pico-sdk/src/rp2_common/pico_printf/printf.c.obj
 .text._ftoa    0x1000374c      0x4c0 CMakeFiles/picow_ds4.dir/home/dhjensen02/pico-sdk/src/rp2_common/pico_printf/printf.c.obj
 .text._vsnprintf
                0x10003c0c      0xad0 CMakeFiles/picow_ds4.dir/home/dhjensen02/pico-sdk/src/rp2_common/pico_printf/printf.c.obj
 .text.__wrap_snprintf
                0x100046dc       0x28 CMakeFiles/picow_ds4.dir/home/dhjensen02/pico-sdk/src/rp2_common/pico_printf/printf.c.obj
                0x100046dc                __wrap_snprintf
 .text.vfctprintf
                0x10004704       0x20 CMakeFiles/picow_ds4.dir/home/dhjensen02/pico-sdk/src/rp2_common/pico_printf/printf.c.obj
                0x10004704                vfctprintf
 .text.weak_raw_vprintf
                0x10004724       0x30 CMakeFiles/picow_ds4.dir/home/dhjensen02/pico-sdk/src/rp2_common/pico_printf/printf.c.obj
                0x10004724                weak_raw_vprintf
 .text          0x10004754       0x10 CMakeFiles/picow_ds4.dir/home/dhjensen02/pico-sdk/src/rp2_common/pico_bit_ops/bit_ops_aeabi.S.obj
 .text.ctzsi    0x10004764        0xc CMakeFiles/picow_ds4.dir/home/dhjensen02/pico-sdk/src/rp2_common/pico_bit_ops/bit_ops_aeabi.S.obj
                0x10004764                __wrap___ctzsi2
 .text.rom_func_lookup
                0x10004770       0x10 CMakeFiles/picow_ds4.dir/home/dhjensen02/pico-sdk/src/rp2_common/pico_bootrom/bootrom.c.obj
                0x10004770                rom_func_lookup
 .text.rom_data_lookup
                0x10004780       0x10 CMakeFiles/picow_ds4.dir/home/dhjensen02/pico-sdk/src/rp2_common/pico_bootrom/bootrom.c.obj
                0x10004780                rom_data_lookup
 .text.rom_funcs_lookup
                0x10004790       0x3c CMakeFiles/picow_ds4.dir/home/dhjensen02/pico-sdk/src/rp2_common/pico_bootrom/bootrom.c.obj
                0x10004790                rom_funcs_lookup
 .text.__wrap___aeabi_idiv
                0x100047cc       0x50 CMakeFiles/picow_ds4.dir/home/dhjensen02/pico-sdk/src/rp2_common/pico_divider/divider.S.obj
                0x100047cc                __wrap___aeabi_idivmod
                0x100047cc                divmod_s32s32
                0x100047cc                div_s32s32
                0x100047cc                __wrap___aeabi_idiv
                0x100047d4                divmod_s32s32_unsafe
                0x10004800                divmod_s32s32_savestate
 .text.__wrap___aeabi_uidiv
                0x1000481c       0x4c CMakeFiles/picow_ds4.dir/home/dhjensen02/pico-sdk/src/rp2_common/pico_divider/divider.S.obj
                0x1000481c                __wrap___aeabi_uidiv
                0x1000481c                __wrap___aeabi_uidivmod
                0x1000481c                div_u32u32
                0x1000481c                divmod_u32u32
                0x10004824                divmod_u32u32_unsafe
                0x1000484c                divmod_u32u32_savestate
 .text.__wrap___aeabi_ldiv
                0x10004868      0x424 CMakeFiles/picow_ds4.dir/home/dhjensen02/pico-sdk/src/rp2_common/pico_divider/divider.S.obj
                0x10004868                div_s64s64
                0x10004868                divmod_s64s64
                0x10004868                __wrap___aeabi_ldivmod
                0x10004898                div_u64u64
                0x10004898                divmod_u64u64
                0x10004898                __wrap___aeabi_uldivmod
                0x100048a8                divmod_u64u64_savestate
                0x100048c8                divmod_s64s64_unsafe
                0x10004950                divmod_u64u64_unsafe
 .text.__wrap___aeabi_darithmetic
                0x10004c8c       0x60 CMakeFiles/picow_ds4.dir/home/dhjensen02/pico-sdk/src/rp2_common/pico_double/double_aeabi.S.obj
                0x10004c8c                __wrap___aeabi_drsub
                0x10004c92                __wrap___aeabi_dsub
                0x10004c9c                __wrap___aeabi_dadd
                0x10004ca6                __wrap___aeabi_ddiv
                0x10004cda                __wrap___aeabi_dmul
 .text.__wrap___aeabi_cdcmple
                0x10004cec       0x6c CMakeFiles/picow_ds4.dir/home/dhjensen02/pico-sdk/src/rp2_common/pico_double/double_aeabi.S.obj
                0x10004cec                __wrap___aeabi_cdrcmple
                0x10004cfc                __wrap___aeabi_cdcmple
                0x10004cfc                __wrap___aeabi_cdcmpeq
 .text.__wrap___aeabi_dcmplt
                0x10004d58        0xc CMakeFiles/picow_ds4.dir/home/dhjensen02/pico-sdk/src/rp2_common/pico_double/double_aeabi.S.obj
                0x10004d58                __wrap___aeabi_dcmplt
 .text.__wrap___aeabi_dcmple
                0x10004d64       0x10 CMakeFiles/picow_ds4.dir/home/dhjensen02/pico-sdk/src/rp2_common/pico_double/double_aeabi.S.obj
                0x10004d64                __wrap___aeabi_dcmple
 .text.__wrap___aeabi_dcmpge
                0x10004d74       0x10 CMakeFiles/picow_ds4.dir/home/dhjensen02/pico-sdk/src/rp2_common/pico_double/double_aeabi.S.obj
                0x10004d74                __wrap___aeabi_dcmpge
 .text.__wrap___aeabi_dcmpgt
                0x10004d84        0xa CMakeFiles/picow_ds4.dir/home/dhjensen02/pico-sdk/src/rp2_common/pico_double/double_aeabi.S.obj
                0x10004d84                __wrap___aeabi_dcmpgt
 .text.__wrap___aeabi_dcmpun
                0x10004d8e       0x1c CMakeFiles/picow_ds4.dir/home/dhjensen02/pico-sdk/src/rp2_common/pico_double/double_aeabi.S.obj
                0x10004d8e                __wrap___aeabi_dcmpun
 *fill*         0x10004daa        0x2 
 .text.__wrap___aeabi_i2d
                0x10004dac       0x38 CMakeFiles/picow_ds4.dir/home/dhjensen02/pico-sdk/src/rp2_common/pico_double/double_aeabi.S.obj
                0x10004dac                __wrap___aeabi_ui2d
                0x10004db4                __wrap___aeabi_i2d
 .text.__wrap___aeabi_d2iz
                0x10004de4       0x48 CMakeFiles/picow_ds4.dir/home/dhjensen02/pico-sdk/src/rp2_common/pico_double/double_aeabi.S.obj
                0x10004de4                __wrap___aeabi_d2iz
                0x10004de4                double2int_z
 .text.__wrap___aeabi_d2uiz
                0x10004e2c       0x10 CMakeFiles/picow_ds4.dir/home/dhjensen02/pico-sdk/src/rp2_common/pico_double/double_aeabi.S.obj
                0x10004e2c                double2uint
                0x10004e2c                __wrap___aeabi_d2uiz
 .text.__wrap___aeabi_d2f
                0x10004e3c       0x10 CMakeFiles/picow_ds4.dir/home/dhjensen02/pico-sdk/src/rp2_common/pico_double/double_aeabi.S.obj
                0x10004e3c                __wrap___aeabi_d2f
 .text.missing_double_func_shim
                0x10004e4c        0xc CMakeFiles/picow_ds4.dir/home/dhjensen02/pico-sdk/src/rp2_common/pico_double/double_init_rom.c.obj
 .text.__aeabi_double_init
                0x10004e58       0xc4 CMakeFiles/picow_ds4.dir/home/dhjensen02/pico-sdk/src/rp2_common/pico_double/double_init_rom.c.obj
                0x10004e58                __aeabi_double_init
 .text.double_table_shim_on_use_helper
                0x10004f1c       0x2c CMakeFiles/picow_ds4.dir/home/dhjensen02/pico-sdk/src/rp2_common/pico_double/double_v1_rom_shim.S.obj
                0x10004f1c                double_table_shim_on_use_helper
 .text.__aeabi_lmul
                0x10004f48       0x32 CMakeFiles/picow_ds4.dir/home/dhjensen02/pico-sdk/src/rp2_common/pico_int64_ops/pico_int64_ops_aeabi.S.obj
                0x10004f48                __wrap___aeabi_lmul
 *fill*         0x10004f7a        0x2 
 .text.__wrap___aeabi_farithmetic
                0x10004f7c       0x48 CMakeFiles/picow_ds4.dir/home/dhjensen02/pico-sdk/src/rp2_common/pico_float/float_aeabi.S.obj
                0x10004f7c                __wrap___aeabi_frsub
                0x10004f82                __wrap___aeabi_fsub
                0x10004f88                __wrap___aeabi_fadd
                0x10004f8e                __wrap___aeabi_fdiv
                0x10004fb6                __wrap___aeabi_fmul
 .text.__wrap___aeabi_f2d
                0x10004fc4        0xc CMakeFiles/picow_ds4.dir/home/dhjensen02/pico-sdk/src/rp2_common/pico_float/float_aeabi.S.obj
                0x10004fc4                __wrap___aeabi_f2d
 .text.missing_float_func_shim
                0x10004fd0        0xc CMakeFiles/picow_ds4.dir/home/dhjensen02/pico-sdk/src/rp2_common/pico_float/float_init_rom.c.obj
 .text.__aeabi_float_init
                0x10004fdc       0x60 CMakeFiles/picow_ds4.dir/home/dhjensen02/pico-sdk/src/rp2_common/pico_float/float_init_rom.c.obj
                0x10004fdc                __aeabi_float_init
 .text.__wrap_malloc
                0x1000503c       0x3c CMakeFiles/picow_ds4.dir/home/dhjensen02/pico-sdk/src/rp2_common/pico_malloc/pico_malloc.c.obj
                0x1000503c                __wrap_malloc
 .text.__wrap_calloc
                0x10005078       0x40 CMakeFiles/picow_ds4.dir/home/dhjensen02/pico-sdk/src/rp2_common/pico_malloc/pico_malloc.c.obj
                0x10005078                __wrap_calloc
 .text.__wrap_free
                0x100050b8       0x20 CMakeFiles/picow_ds4.dir/home/dhjensen02/pico-sdk/src/rp2_common/pico_malloc/pico_malloc.c.obj
                0x100050b8                __wrap_free
 .text          0x100050d8       0x10 CMakeFiles/picow_ds4.dir/home/dhjensen02/pico-sdk/src/rp2_common/pico_mem_ops/mem_ops_aeabi.S.obj
                0x100050d8                __aeabi_mem_init
 .text.memset   0x100050e8        0xc CMakeFiles/picow_ds4.dir/home/dhjensen02/pico-sdk/src/rp2_common/pico_mem_ops/mem_ops_aeabi.S.obj
                0x100050e8                __wrap_memset
 .text.memcpy   0x100050f4        0xc CMakeFiles/picow_ds4.dir/home/dhjensen02/pico-sdk/src/rp2_common/pico_mem_ops/mem_ops_aeabi.S.obj
                0x100050f4                __wrap___aeabi_memcpy
                0x100050f4                __wrap_memcpy
 .text.stdio_out_chars_no_crlf
                0x10005100       0x10 CMakeFiles/picow_ds4.dir/home/dhjensen02/pico-sdk/src/rp2_common/pico_stdio/stdio.c.obj
 .text.stdio_out_chars_crlf
                0x10005110       0xac CMakeFiles/picow_ds4.dir/home/dhjensen02/pico-sdk/src/rp2_common/pico_stdio/stdio.c.obj
 .text.stdio_stack_buffer_flush.part.1
                0x100051bc       0xe8 CMakeFiles/picow_ds4.dir/home/dhjensen02/pico-sdk/src/rp2_common/pico_stdio/stdio.c.obj
 .text.stdio_buffered_printer
                0x100052a4       0x20 CMakeFiles/picow_ds4.dir/home/dhjensen02/pico-sdk/src/rp2_common/pico_stdio/stdio.c.obj
 .text.stdio_put_string
                0x100052c4      0x104 CMakeFiles/picow_ds4.dir/home/dhjensen02/pico-sdk/src/rp2_common/pico_stdio/stdio.c.obj
 .text.__wrap_putchar
                0x100053c8       0x98 CMakeFiles/picow_ds4.dir/home/dhjensen02/pico-sdk/src/rp2_common/pico_stdio/stdio.c.obj
                0x100053c8                __wrap_putchar
 .text.__wrap_puts
                0x10005460       0x3c CMakeFiles/picow_ds4.dir/home/dhjensen02/pico-sdk/src/rp2_common/pico_stdio/stdio.c.obj
                0x10005460                __wrap_puts
 .text.stdio_set_driver_enabled
                0x1000549c       0x30 CMakeFiles/picow_ds4.dir/home/dhjensen02/pico-sdk/src/rp2_common/pico_stdio/stdio.c.obj
                0x1000549c                stdio_set_driver_enabled
 .text.__wrap_vprintf
                0x100054cc       0x90 CMakeFiles/picow_ds4.dir/home/dhjensen02/pico-sdk/src/rp2_common/pico_stdio/stdio.c.obj
                0x100054cc                __wrap_vprintf
 .text.__wrap_printf
                0x1000555c       0x18 CMakeFiles/picow_ds4.dir/home/dhjensen02/pico-sdk/src/rp2_common/pico_stdio/stdio.c.obj
                0x1000555c                __wrap_printf
 .text.stdio_init_all
                0x10005574        0x8 CMakeFiles/picow_ds4.dir/home/dhjensen02/pico-sdk/src/rp2_common/pico_stdio/stdio.c.obj
                0x10005574                stdio_init_all
 .text.resetd_init
                0x1000557c        0x4 CMakeFiles/picow_ds4.dir/home/dhjensen02/pico-sdk/src/rp2_common/pico_stdio_usb/reset_interface.c.obj
 .text.resetd_reset
                0x10005580        0xc CMakeFiles/picow_ds4.dir/home/dhjensen02/pico-sdk/src/rp2_common/pico_stdio_usb/reset_interface.c.obj
 .text.resetd_open
                0x1000558c       0x28 CMakeFiles/picow_ds4.dir/home/dhjensen02/pico-sdk/src/rp2_common/pico_stdio_usb/reset_interface.c.obj
 .text.resetd_xfer_cb
                0x100055b4        0x4 CMakeFiles/picow_ds4.dir/home/dhjensen02/pico-sdk/src/rp2_common/pico_stdio_usb/reset_interface.c.obj
 .text.resetd_control_xfer_cb
                0x100055b8       0x64 CMakeFiles/picow_ds4.dir/home/dhjensen02/pico-sdk/src/rp2_common/pico_stdio_usb/reset_interface.c.obj
 .text.usbd_app_driver_get_cb
                0x1000561c        0xc CMakeFiles/picow_ds4.dir/home/dhjensen02/pico-sdk/src/rp2_common/pico_stdio_usb/reset_interface.c.obj
                0x1000561c                usbd_app_driver_get_cb
 .text.tud_cdc_line_coding_cb
                0x10005628       0x34 CMakeFiles/picow_ds4.dir/home/dhjensen02/pico-sdk/src/rp2_common/pico_stdio_usb/reset_interface.c.obj
                0x10005628                tud_cdc_line_coding_cb
 .text.stdio_usb_set_chars_available_callback
                0x1000565c       0x14 CMakeFiles/picow_ds4.dir/home/dhjensen02/pico-sdk/src/rp2_common/pico_stdio_usb/stdio_usb.c.obj
                0x1000565c                stdio_usb_set_chars_available_callback
 .text.timer_task
                0x10005670       0x54 CMakeFiles/picow_ds4.dir/home/dhjensen02/pico-sdk/src/rp2_common/pico_stdio_usb/stdio_usb.c.obj
 .text.usb_irq  0x100056c4       0x10 CMakeFiles/picow_ds4.dir/home/dhjensen02/pico-sdk/src/rp2_common/pico_stdio_usb/stdio_usb.c.obj
 .text.stdio_usb_in_chars
                0x100056d4       0x90 CMakeFiles/picow_ds4.dir/home/dhjensen02/pico-sdk/src/rp2_common/pico_stdio_usb/stdio_usb.c.obj
                0x100056d4                stdio_usb_in_chars
 .text.stdio_usb_out_chars
                0x10005764      0x110 CMakeFiles/picow_ds4.dir/home/dhjensen02/pico-sdk/src/rp2_common/pico_stdio_usb/stdio_usb.c.obj
 .text.low_priority_worker_irq
                0x10005874       0xa8 CMakeFiles/picow_ds4.dir/home/dhjensen02/pico-sdk/src/rp2_common/pico_stdio_usb/stdio_usb.c.obj
 .text.tud_cdc_rx_cb
                0x1000591c       0x20 CMakeFiles/picow_ds4.dir/home/dhjensen02/pico-sdk/src/rp2_common/pico_stdio_usb/stdio_usb.c.obj
                0x1000591c                tud_cdc_rx_cb
 .text.stdio_usb_init
                0x1000593c       0xdc CMakeFiles/picow_ds4.dir/home/dhjensen02/pico-sdk/src/rp2_common/pico_stdio_usb/stdio_usb.c.obj
                0x1000593c                stdio_usb_init
 .text.tud_descriptor_device_cb
                0x10005a18        0x8 CMakeFiles/picow_ds4.dir/home/dhjensen02/pico-sdk/src/rp2_common/pico_stdio_usb/stdio_usb_descriptors.c.obj
                0x10005a18                tud_descriptor_device_cb
 .text.tud_descriptor_configuration_cb
                0x10005a20        0x8 CMakeFiles/picow_ds4.dir/home/dhjensen02/pico-sdk/src/rp2_common/pico_stdio_usb/stdio_usb_descriptors.c.obj
                0x10005a20                tud_descriptor_configuration_cb
 .text.tud_descriptor_string_cb
                0x10005a28       0x70 CMakeFiles/picow_ds4.dir/home/dhjensen02/pico-sdk/src/rp2_common/pico_stdio_usb/stdio_usb_descriptors.c.obj
                0x10005a28                tud_descriptor_string_cb
 .text.startup._retrieve_unique_id_on_boot
                0x10005a98       0x10 CMakeFiles/picow_ds4.dir/home/dhjensen02/pico-sdk/src/rp2_common/pico_unique_id/unique_id.c.obj
 .text.pico_get_unique_board_id
                0x10005aa8       0x10 CMakeFiles/picow_ds4.dir/home/dhjensen02/pico-sdk/src/rp2_common/pico_unique_id/unique_id.c.obj
                0x10005aa8                pico_get_unique_board_id
 .text.pico_get_unique_board_id_string
                0x10005ab8      0x1cc CMakeFiles/picow_ds4.dir/home/dhjensen02/pico-sdk/src/rp2_common/pico_unique_id/unique_id.c.obj
                0x10005ab8                pico_get_unique_board_id_string
 .text.flash_get_unique_id
                0x10005c84       0x3c CMakeFiles/picow_ds4.dir/home/dhjensen02/pico-sdk/src/rp2_common/hardware_flash/flash.c.obj
                0x10005c84                flash_get_unique_id
 .text.dcd_int_enable
                0x10005cc0        0xc CMakeFiles/picow_ds4.dir/home/dhjensen02/pico-sdk/lib/tinyusb/src/portable/raspberrypi/rp2040/dcd_rp2040.c.obj
                0x10005cc0                dcd_int_enable
 .text.dcd_set_address
                0x10005ccc       0x14 CMakeFiles/picow_ds4.dir/home/dhjensen02/pico-sdk/lib/tinyusb/src/portable/raspberrypi/rp2040/dcd_rp2040.c.obj
                0x10005ccc                dcd_set_address
 .text.dcd_connect
                0x10005ce0       0x10 CMakeFiles/picow_ds4.dir/home/dhjensen02/pico-sdk/lib/tinyusb/src/portable/raspberrypi/rp2040/dcd_rp2040.c.obj
                0x10005ce0                dcd_connect
 .text.dcd_init
                0x10005cf0       0x90 CMakeFiles/picow_ds4.dir/home/dhjensen02/pico-sdk/lib/tinyusb/src/portable/raspberrypi/rp2040/dcd_rp2040.c.obj
                0x10005cf0                dcd_init
 .text.dcd_edpt0_status_complete
                0x10005d80       0x1c CMakeFiles/picow_ds4.dir/home/dhjensen02/pico-sdk/lib/tinyusb/src/portable/raspberrypi/rp2040/dcd_rp2040.c.obj
                0x10005d80                dcd_edpt0_status_complete
 .text.dcd_edpt_open
                0x10005d9c      0x10c CMakeFiles/picow_ds4.dir/home/dhjensen02/pico-sdk/lib/tinyusb/src/portable/raspberrypi/rp2040/dcd_rp2040.c.obj
                0x10005d9c                dcd_edpt_open
 .text.dcd_edpt_close_all
                0x10005ea8        0x8 CMakeFiles/picow_ds4.dir/home/dhjensen02/pico-sdk/lib/tinyusb/src/portable/raspberrypi/rp2040/dcd_rp2040.c.obj
                0x10005ea8                dcd_edpt_close_all
 .text.dcd_edpt_xfer
                0x10005eb0       0x24 CMakeFiles/picow_ds4.dir/home/dhjensen02/pico-sdk/lib/tinyusb/src/portable/raspberrypi/rp2040/dcd_rp2040.c.obj
                0x10005eb0                dcd_edpt_xfer
 .text.dcd_edpt_stall
                0x10005ed4       0x34 CMakeFiles/picow_ds4.dir/home/dhjensen02/pico-sdk/lib/tinyusb/src/portable/raspberrypi/rp2040/dcd_rp2040.c.obj
                0x10005ed4                dcd_edpt_stall
 .text.dcd_edpt_clear_stall
                0x10005f08       0x2c CMakeFiles/picow_ds4.dir/home/dhjensen02/pico-sdk/lib/tinyusb/src/portable/raspberrypi/rp2040/dcd_rp2040.c.obj
                0x10005f08                dcd_edpt_clear_stall
 .text.rp2040_usb_init
                0x10005f34       0x4c CMakeFiles/picow_ds4.dir/home/dhjensen02/pico-sdk/lib/tinyusb/src/portable/raspberrypi/rp2040/rp2040_usb.c.obj
                0x10005f34                rp2040_usb_init
 .text.hw_endpoint_xfer_start
                0x10005f80       0x54 CMakeFiles/picow_ds4.dir/home/dhjensen02/pico-sdk/lib/tinyusb/src/portable/raspberrypi/rp2040/rp2040_usb.c.obj
                0x10005f80                hw_endpoint_xfer_start
 .text.tud_mounted
                0x10005fd4       0x10 CMakeFiles/picow_ds4.dir/home/dhjensen02/pico-sdk/lib/tinyusb/src/device/usbd.c.obj
                0x10005fd4                tud_mounted
 .text.tud_suspended
                0x10005fe4       0x10 CMakeFiles/picow_ds4.dir/home/dhjensen02/pico-sdk/lib/tinyusb/src/device/usbd.c.obj
                0x10005fe4                tud_suspended
 .text.tud_inited
                0x10005ff4       0x14 CMakeFiles/picow_ds4.dir/home/dhjensen02/pico-sdk/lib/tinyusb/src/device/usbd.c.obj
                0x10005ff4                tud_inited
 .text.tud_init
                0x10006008       0xe4 CMakeFiles/picow_ds4.dir/home/dhjensen02/pico-sdk/lib/tinyusb/src/device/usbd.c.obj
                0x10006008                tud_init
 .text.tud_task_ext
                0x100060ec      0x88c CMakeFiles/picow_ds4.dir/home/dhjensen02/pico-sdk/lib/tinyusb/src/device/usbd.c.obj
                0x100060ec                tud_task_ext
 .text.usbd_open_edpt_pair
                0x10006978       0xbc CMakeFiles/picow_ds4.dir/home/dhjensen02/pico-sdk/lib/tinyusb/src/device/usbd.c.obj
                0x10006978                usbd_open_edpt_pair
 .text.usbd_defer_func
                0x10006a34       0x4c CMakeFiles/picow_ds4.dir/home/dhjensen02/pico-sdk/lib/tinyusb/src/device/usbd.c.obj
                0x10006a34                usbd_defer_func
 .text.usbd_edpt_open
                0x10006a80       0x34 CMakeFiles/picow_ds4.dir/home/dhjensen02/pico-sdk/lib/tinyusb/src/device/usbd.c.obj
                0x10006a80                usbd_edpt_open
 .text.usbd_edpt_claim
                0x10006ab4       0x28 CMakeFiles/picow_ds4.dir/home/dhjensen02/pico-sdk/lib/tinyusb/src/device/usbd.c.obj
                0x10006ab4                usbd_edpt_claim
 .text.usbd_edpt_release
                0x10006adc       0x28 CMakeFiles/picow_ds4.dir/home/dhjensen02/pico-sdk/lib/tinyusb/src/device/usbd.c.obj
                0x10006adc                usbd_edpt_release
 .text.usbd_edpt_xfer
                0x10006b04       0x4c CMakeFiles/picow_ds4.dir/home/dhjensen02/pico-sdk/lib/tinyusb/src/device/usbd.c.obj
                0x10006b04                usbd_edpt_xfer
 .text.tud_control_status
                0x10006b50       0x30 CMakeFiles/picow_ds4.dir/home/dhjensen02/pico-sdk/lib/tinyusb/src/device/usbd_control.c.obj
                0x10006b50                tud_control_status
 .text.tud_control_xfer
                0x10006b80       0xb4 CMakeFiles/picow_ds4.dir/home/dhjensen02/pico-sdk/lib/tinyusb/src/device/usbd_control.c.obj
                0x10006b80                tud_control_xfer
 .text.usbd_control_reset
                0x10006c34       0x14 CMakeFiles/picow_ds4.dir/home/dhjensen02/pico-sdk/lib/tinyusb/src/device/usbd_control.c.obj
                0x10006c34                usbd_control_reset
 .text.usbd_control_set_complete_callback
                0x10006c48        0xc CMakeFiles/picow_ds4.dir/home/dhjensen02/pico-sdk/lib/tinyusb/src/device/usbd_control.c.obj
                0x10006c48                usbd_control_set_complete_callback
 .text.usbd_control_set_request
                0x10006c54       0x1c CMakeFiles/picow_ds4.dir/home/dhjensen02/pico-sdk/lib/tinyusb/src/device/usbd_control.c.obj
                0x10006c54                usbd_control_set_request
 .text.usbd_control_xfer_cb
                0x10006c70       0xfc CMakeFiles/picow_ds4.dir/home/dhjensen02/pico-sdk/lib/tinyusb/src/device/usbd_control.c.obj
                0x10006c70                usbd_control_xfer_cb
 .text.tud_cdc_n_connected
                0x10006d6c       0x30 CMakeFiles/picow_ds4.dir/home/dhjensen02/pico-sdk/lib/tinyusb/src/class/cdc/cdc_device.c.obj
                0x10006d6c                tud_cdc_n_connected
 .text.tud_cdc_n_available
                0x10006d9c       0x18 CMakeFiles/picow_ds4.dir/home/dhjensen02/pico-sdk/lib/tinyusb/src/class/cdc/cdc_device.c.obj
                0x10006d9c                tud_cdc_n_available
 .text.tud_cdc_n_read
                0x10006db4       0x70 CMakeFiles/picow_ds4.dir/home/dhjensen02/pico-sdk/lib/tinyusb/src/class/cdc/cdc_device.c.obj
                0x10006db4                tud_cdc_n_read
 .text.tud_cdc_n_write_flush
                0x10006e24       0x78 CMakeFiles/picow_ds4.dir/home/dhjensen02/pico-sdk/lib/tinyusb/src/class/cdc/cdc_device.c.obj
                0x10006e24                tud_cdc_n_write_flush
 .text.tud_cdc_n_write
                0x10006e9c       0x34 CMakeFiles/picow_ds4.dir/home/dhjensen02/pico-sdk/lib/tinyusb/src/class/cdc/cdc_device.c.obj
                0x10006e9c                tud_cdc_n_write
 .text.tud_cdc_n_write_available
                0x10006ed0       0x18 CMakeFiles/picow_ds4.dir/home/dhjensen02/pico-sdk/lib/tinyusb/src/class/cdc/cdc_device.c.obj
                0x10006ed0                tud_cdc_n_write_available
 .text.cdcd_init
                0x10006ee8       0x7c CMakeFiles/picow_ds4.dir/home/dhjensen02/pico-sdk/lib/tinyusb/src/class/cdc/cdc_device.c.obj
                0x10006ee8                cdcd_init
 .text.cdcd_reset
                0x10006f64       0x2c CMakeFiles/picow_ds4.dir/home/dhjensen02/pico-sdk/lib/tinyusb/src/class/cdc/cdc_device.c.obj
                0x10006f64                cdcd_reset
 .text.cdcd_open
                0x10006f90       0xe8 CMakeFiles/picow_ds4.dir/home/dhjensen02/pico-sdk/lib/tinyusb/src/class/cdc/cdc_device.c.obj
                0x10006f90                cdcd_open
 .text.cdcd_control_xfer_cb
                0x10007078       0xdc CMakeFiles/picow_ds4.dir/home/dhjensen02/pico-sdk/lib/tinyusb/src/class/cdc/cdc_device.c.obj
                0x10007078                cdcd_control_xfer_cb
 .text.cdcd_xfer_cb
                0x10007154      0x19c CMakeFiles/picow_ds4.dir/home/dhjensen02/pico-sdk/lib/tinyusb/src/class/cdc/cdc_device.c.obj
                0x10007154                cdcd_xfer_cb
 .text.tusb_init
                0x100072f0        0xc CMakeFiles/picow_ds4.dir/home/dhjensen02/pico-sdk/lib/tinyusb/src/tusb.c.obj
                0x100072f0                tusb_init
 .text.tusb_inited
                0x100072fc        0x8 CMakeFiles/picow_ds4.dir/home/dhjensen02/pico-sdk/lib/tinyusb/src/tusb.c.obj
                0x100072fc                tusb_inited
 .text.tu_edpt_claim
                0x10007304       0x4c CMakeFiles/picow_ds4.dir/home/dhjensen02/pico-sdk/lib/tinyusb/src/tusb.c.obj
                0x10007304                tu_edpt_claim
 .text.tu_edpt_release
                0x10007350       0x38 CMakeFiles/picow_ds4.dir/home/dhjensen02/pico-sdk/lib/tinyusb/src/tusb.c.obj
                0x10007350                tu_edpt_release
 .text.tu_edpt_validate
                0x10007388       0x74 CMakeFiles/picow_ds4.dir/home/dhjensen02/pico-sdk/lib/tinyusb/src/tusb.c.obj
                0x10007388                tu_edpt_validate
 .text.tu_edpt_bind_driver
                0x100073fc       0x34 CMakeFiles/picow_ds4.dir/home/dhjensen02/pico-sdk/lib/tinyusb/src/tusb.c.obj
                0x100073fc                tu_edpt_bind_driver
 .text.tu_fifo_config
                0x10007430       0x7c CMakeFiles/picow_ds4.dir/home/dhjensen02/pico-sdk/lib/tinyusb/src/common/tusb_fifo.c.obj
                0x10007430                tu_fifo_config
 .text.tu_fifo_count
                0x100074ac       0x28 CMakeFiles/picow_ds4.dir/home/dhjensen02/pico-sdk/lib/tinyusb/src/common/tusb_fifo.c.obj
                0x100074ac                tu_fifo_count
 .text.tu_fifo_empty
                0x100074d4       0x10 CMakeFiles/picow_ds4.dir/home/dhjensen02/pico-sdk/lib/tinyusb/src/common/tusb_fifo.c.obj
                0x100074d4                tu_fifo_empty
 .text.tu_fifo_remaining
                0x100074e4       0x28 CMakeFiles/picow_ds4.dir/home/dhjensen02/pico-sdk/lib/tinyusb/src/common/tusb_fifo.c.obj
                0x100074e4                tu_fifo_remaining
 .text.tu_fifo_read
                0x1000750c       0xa4 CMakeFiles/picow_ds4.dir/home/dhjensen02/pico-sdk/lib/tinyusb/src/common/tusb_fifo.c.obj
                0x1000750c                tu_fifo_read
 .text.tu_fifo_read_n
                0x100075b0       0xf0 CMakeFiles/picow_ds4.dir/home/dhjensen02/pico-sdk/lib/tinyusb/src/common/tusb_fifo.c.obj
                0x100075b0                tu_fifo_read_n
 .text.tu_fifo_write
                0x100076a0       0x8c CMakeFiles/picow_ds4.dir/home/dhjensen02/pico-sdk/lib/tinyusb/src/common/tusb_fifo.c.obj
                0x100076a0                tu_fifo_write
 .text.tu_fifo_write_n
                0x1000772c      0x160 CMakeFiles/picow_ds4.dir/home/dhjensen02/pico-sdk/lib/tinyusb/src/common/tusb_fifo.c.obj
                0x1000772c                tu_fifo_write_n
 .text.tu_fifo_clear
                0x1000788c       0x40 CMakeFiles/picow_ds4.dir/home/dhjensen02/pico-sdk/lib/tinyusb/src/common/tusb_fifo.c.obj
                0x1000788c                tu_fifo_clear
 .text.tu_fifo_set_overwritable
                0x100078cc       0x48 CMakeFiles/picow_ds4.dir/home/dhjensen02/pico-sdk/lib/tinyusb/src/common/tusb_fifo.c.obj
                0x100078cc                tu_fifo_set_overwritable
 .text.cyw43_arch_set_async_context
                0x10007914        0xc CMakeFiles/picow_ds4.dir/home/dhjensen02/pico-sdk/src/rp2_common/pico_cyw43_arch/cyw43_arch.c.obj
                0x10007914                cyw43_arch_set_async_context
 .text.cyw43_arch_gpio_put
                0x10007920       0x14 CMakeFiles/picow_ds4.dir/home/dhjensen02/pico-sdk/src/rp2_common/pico_cyw43_arch/cyw43_arch.c.obj
                0x10007920                cyw43_arch_gpio_put
 .text.cyw43_arch_async_context
                0x10007934        0xc CMakeFiles/picow_ds4.dir/home/dhjensen02/pico-sdk/src/rp2_common/pico_cyw43_arch/cyw43_arch.c.obj
                0x10007934                cyw43_arch_async_context
 .text.cyw43_arch_init
                0x10007940       0x80 CMakeFiles/picow_ds4.dir/home/dhjensen02/pico-sdk/src/rp2_common/pico_cyw43_arch/cyw43_arch_threadsafe_background.c.obj
                0x10007940                cyw43_arch_init
 .text.ns_delay.constprop.27
                0x100079c0       0x20 CMakeFiles/picow_ds4.dir/home/dhjensen02/pico-sdk/src/rp2_common/pico_cyw43_driver/cyw43_bus_pio_spi.c.obj
 .text.cyw43_spi_deinit
                0x100079e0       0x7c CMakeFiles/picow_ds4.dir/home/dhjensen02/pico-sdk/src/rp2_common/pico_cyw43_driver/cyw43_bus_pio_spi.c.obj
                0x100079e0                cyw43_spi_deinit
 .text.cyw43_spi_init
                0x10007a5c      0x154 CMakeFiles/picow_ds4.dir/home/dhjensen02/pico-sdk/src/rp2_common/pico_cyw43_driver/cyw43_bus_pio_spi.c.obj
                0x10007a5c                cyw43_spi_init
 .text.cyw43_spi_transfer
                0x10007bb0      0x440 CMakeFiles/picow_ds4.dir/home/dhjensen02/pico-sdk/src/rp2_common/pico_cyw43_driver/cyw43_bus_pio_spi.c.obj
                0x10007bb0                cyw43_spi_transfer
 .text.cyw43_spi_gpio_setup
                0x10007ff0       0x3c CMakeFiles/picow_ds4.dir/home/dhjensen02/pico-sdk/src/rp2_common/pico_cyw43_driver/cyw43_bus_pio_spi.c.obj
                0x10007ff0                cyw43_spi_gpio_setup
 .text.cyw43_spi_reset
                0x1000802c       0x28 CMakeFiles/picow_ds4.dir/home/dhjensen02/pico-sdk/src/rp2_common/pico_cyw43_driver/cyw43_bus_pio_spi.c.obj
                0x1000802c                cyw43_spi_reset
 .text.read_reg_u32_swap
                0x10008054      0x260 CMakeFiles/picow_ds4.dir/home/dhjensen02/pico-sdk/src/rp2_common/pico_cyw43_driver/cyw43_bus_pio_spi.c.obj
                0x10008054                read_reg_u32_swap
 .text.cyw43_read_reg_u32
                0x100082b4       0x64 CMakeFiles/picow_ds4.dir/home/dhjensen02/pico-sdk/src/rp2_common/pico_cyw43_driver/cyw43_bus_pio_spi.c.obj
                0x100082b4                cyw43_read_reg_u32
 .text.cyw43_read_reg_u16
                0x10008318       0x64 CMakeFiles/picow_ds4.dir/home/dhjensen02/pico-sdk/src/rp2_common/pico_cyw43_driver/cyw43_bus_pio_spi.c.obj
                0x10008318                cyw43_read_reg_u16
 .text.cyw43_read_reg_u8
                0x1000837c       0x64 CMakeFiles/picow_ds4.dir/home/dhjensen02/pico-sdk/src/rp2_common/pico_cyw43_driver/cyw43_bus_pio_spi.c.obj
                0x1000837c                cyw43_read_reg_u8
 .text.write_reg_u32_swap
                0x100083e0      0x1fc CMakeFiles/picow_ds4.dir/home/dhjensen02/pico-sdk/src/rp2_common/pico_cyw43_driver/cyw43_bus_pio_spi.c.obj
                0x100083e0                write_reg_u32_swap
 .text.cyw43_write_reg_u32
                0x100085dc      0x21c CMakeFiles/picow_ds4.dir/home/dhjensen02/pico-sdk/src/rp2_common/pico_cyw43_driver/cyw43_bus_pio_spi.c.obj
                0x100085dc                cyw43_write_reg_u32
 .text.cyw43_write_reg_u16
                0x100087f8      0x21c CMakeFiles/picow_ds4.dir/home/dhjensen02/pico-sdk/src/rp2_common/pico_cyw43_driver/cyw43_bus_pio_spi.c.obj
                0x100087f8                cyw43_write_reg_u16
 .text.cyw43_write_reg_u8
                0x10008a14      0x21c CMakeFiles/picow_ds4.dir/home/dhjensen02/pico-sdk/src/rp2_common/pico_cyw43_driver/cyw43_bus_pio_spi.c.obj
                0x10008a14                cyw43_write_reg_u8
 .text.cyw43_read_bytes
                0x10008c30       0x78 CMakeFiles/picow_ds4.dir/home/dhjensen02/pico-sdk/src/rp2_common/pico_cyw43_driver/cyw43_bus_pio_spi.c.obj
                0x10008c30                cyw43_read_bytes
 .text.cyw43_write_bytes
                0x10008ca8       0xd8 CMakeFiles/picow_ds4.dir/home/dhjensen02/pico-sdk/src/rp2_common/pico_cyw43_driver/cyw43_bus_pio_spi.c.obj
                0x10008ca8                cyw43_write_bytes
 .text.cyw43_set_backplane_window
                0x10008d80       0x64 CMakeFiles/picow_ds4.dir/home/dhjensen02/pico-sdk/lib/cyw43-driver/src/cyw43_ll.c.obj
 .text.cyw43_ll_parse_async_event
                0x10008de4      0x158 CMakeFiles/picow_ds4.dir/home/dhjensen02/pico-sdk/lib/cyw43-driver/src/cyw43_ll.c.obj
 .text.cyw43_kso_set
                0x10008f3c       0xa0 CMakeFiles/picow_ds4.dir/home/dhjensen02/pico-sdk/lib/cyw43-driver/src/cyw43_ll.c.obj
 .text.cyw43_ll_sdpcm_poll_device
                0x10008fdc      0x238 CMakeFiles/picow_ds4.dir/home/dhjensen02/pico-sdk/lib/cyw43-driver/src/cyw43_ll.c.obj
 .text.cyw43_sdpcm_send_common
                0x10009214       0xf0 CMakeFiles/picow_ds4.dir/home/dhjensen02/pico-sdk/lib/cyw43-driver/src/cyw43_ll.c.obj
 .text.cyw43_do_ioctl
                0x10009304      0x110 CMakeFiles/picow_ds4.dir/home/dhjensen02/pico-sdk/lib/cyw43-driver/src/cyw43_ll.c.obj
 .text.cyw43_do_ioctl.constprop.9
                0x10009414      0x108 CMakeFiles/picow_ds4.dir/home/dhjensen02/pico-sdk/lib/cyw43-driver/src/cyw43_ll.c.obj
 .text.disable_device_core.isra.0
                0x1000951c      0x138 CMakeFiles/picow_ds4.dir/home/dhjensen02/pico-sdk/lib/cyw43-driver/src/cyw43_ll.c.obj
 .text.reset_device_core.constprop.8
                0x10009654      0x3f0 CMakeFiles/picow_ds4.dir/home/dhjensen02/pico-sdk/lib/cyw43-driver/src/cyw43_ll.c.obj
 .text.cyw43_read_backplane.constprop.12
                0x10009a44       0xdc CMakeFiles/picow_ds4.dir/home/dhjensen02/pico-sdk/lib/cyw43-driver/src/cyw43_ll.c.obj
 .text.cyw43_write_backplane
                0x10009b20       0xfc CMakeFiles/picow_ds4.dir/home/dhjensen02/pico-sdk/lib/cyw43-driver/src/cyw43_ll.c.obj
 .text.cyw43_ll_init
                0x10009c1c       0x1c CMakeFiles/picow_ds4.dir/home/dhjensen02/pico-sdk/lib/cyw43-driver/src/cyw43_ll.c.obj
                0x10009c1c                cyw43_ll_init
 .text.cyw43_ll_deinit
                0x10009c38        0x8 CMakeFiles/picow_ds4.dir/home/dhjensen02/pico-sdk/lib/cyw43-driver/src/cyw43_ll.c.obj
                0x10009c38                cyw43_ll_deinit
 .text.cyw43_ll_process_packets
                0x10009c40       0x54 CMakeFiles/picow_ds4.dir/home/dhjensen02/pico-sdk/lib/cyw43-driver/src/cyw43_ll.c.obj
                0x10009c40                cyw43_ll_process_packets
 .text.cyw43_ll_ioctl
                0x10009c94       0x20 CMakeFiles/picow_ds4.dir/home/dhjensen02/pico-sdk/lib/cyw43-driver/src/cyw43_ll.c.obj
                0x10009c94                cyw43_ll_ioctl
 .text.cyw43_ll_bus_sleep
                0x10009cb4       0x34 CMakeFiles/picow_ds4.dir/home/dhjensen02/pico-sdk/lib/cyw43-driver/src/cyw43_ll.c.obj
                0x10009cb4                cyw43_ll_bus_sleep
 .text.cyw43_ll_bus_init
                0x10009ce8      0x6c4 CMakeFiles/picow_ds4.dir/home/dhjensen02/pico-sdk/lib/cyw43-driver/src/cyw43_ll.c.obj
                0x10009ce8                cyw43_ll_bus_init
 .text.cyw43_ll_wifi_get_mac
                0x1000a3ac       0x44 CMakeFiles/picow_ds4.dir/home/dhjensen02/pico-sdk/lib/cyw43-driver/src/cyw43_ll.c.obj
                0x1000a3ac                cyw43_ll_wifi_get_mac
 .text.cyw43_ll_wifi_set_wpa_auth
                0x1000a3f0       0x2c CMakeFiles/picow_ds4.dir/home/dhjensen02/pico-sdk/lib/cyw43-driver/src/cyw43_ll.c.obj
                0x1000a3f0                cyw43_ll_wifi_set_wpa_auth
 .text.cyw43_ll_wifi_rejoin
                0x1000a41c       0x1c CMakeFiles/picow_ds4.dir/home/dhjensen02/pico-sdk/lib/cyw43-driver/src/cyw43_ll.c.obj
                0x1000a41c                cyw43_ll_wifi_rejoin
 .text.cyw43_ll_gpio_set
                0x1000a438       0x6c CMakeFiles/picow_ds4.dir/home/dhjensen02/pico-sdk/lib/cyw43-driver/src/cyw43_ll.c.obj
                0x1000a438                cyw43_ll_gpio_set
 .text.cyw43_ll_has_work
                0x1000a4a4       0x14 CMakeFiles/picow_ds4.dir/home/dhjensen02/pico-sdk/lib/cyw43-driver/src/cyw43_ll.c.obj
                0x1000a4a4                cyw43_ll_has_work
 .text.cyw43_ll_bt_has_work
                0x1000a4b8      0x168 CMakeFiles/picow_ds4.dir/home/dhjensen02/pico-sdk/lib/cyw43-driver/src/cyw43_ll.c.obj
                0x1000a4b8                cyw43_ll_bt_has_work
 .text.cyw43_ll_write_backplane_reg
                0x1000a620       0xdc CMakeFiles/picow_ds4.dir/home/dhjensen02/pico-sdk/lib/cyw43-driver/src/cyw43_ll.c.obj
                0x1000a620                cyw43_ll_write_backplane_reg
 .text.cyw43_ll_read_backplane_reg
                0x1000a6fc       0xdc CMakeFiles/picow_ds4.dir/home/dhjensen02/pico-sdk/lib/cyw43-driver/src/cyw43_ll.c.obj
                0x1000a6fc                cyw43_ll_read_backplane_reg
 .text.cyw43_ll_write_backplane_mem
                0x1000a7d8      0x148 CMakeFiles/picow_ds4.dir/home/dhjensen02/pico-sdk/lib/cyw43-driver/src/cyw43_ll.c.obj
                0x1000a7d8                cyw43_ll_write_backplane_mem
 .text.cyw43_ll_read_backplane_mem
                0x1000a920       0xf0 CMakeFiles/picow_ds4.dir/home/dhjensen02/pico-sdk/lib/cyw43-driver/src/cyw43_ll.c.obj
                0x1000a920                cyw43_ll_read_backplane_mem
 .text.cyw43_poll_func
                0x1000aa10       0xbc CMakeFiles/picow_ds4.dir/home/dhjensen02/pico-sdk/lib/cyw43-driver/src/cyw43_ctrl.c.obj
 .text.cyw43_init
                0x1000aacc       0x74 CMakeFiles/picow_ds4.dir/home/dhjensen02/pico-sdk/lib/cyw43-driver/src/cyw43_ctrl.c.obj
                0x1000aacc                cyw43_init
 .text.cyw43_deinit
                0x1000ab40       0x98 CMakeFiles/picow_ds4.dir/home/dhjensen02/pico-sdk/lib/cyw43-driver/src/cyw43_ctrl.c.obj
                0x1000ab40                cyw43_deinit
 .text.cyw43_cb_read_host_interrupt_pin
                0x1000abd8        0xc CMakeFiles/picow_ds4.dir/home/dhjensen02/pico-sdk/lib/cyw43-driver/src/cyw43_ctrl.c.obj
                0x1000abd8                cyw43_cb_read_host_interrupt_pin
 .text.cyw43_cb_ensure_awake
                0x1000abe4        0xc CMakeFiles/picow_ds4.dir/home/dhjensen02/pico-sdk/lib/cyw43-driver/src/cyw43_ctrl.c.obj
                0x1000abe4                cyw43_cb_ensure_awake
 .text.cyw43_cb_process_async_event
                0x1000abf0      0x224 CMakeFiles/picow_ds4.dir/home/dhjensen02/pico-sdk/lib/cyw43-driver/src/cyw43_ctrl.c.obj
                0x1000abf0                cyw43_cb_process_async_event
 .text.cyw43_gpio_set
                0x1000ae14       0xa0 CMakeFiles/picow_ds4.dir/home/dhjensen02/pico-sdk/lib/cyw43-driver/src/cyw43_ctrl.c.obj
                0x1000ae14                cyw43_gpio_set
 .text.cyw43_bluetooth_hci_init
                0x1000aeb4       0xac CMakeFiles/picow_ds4.dir/home/dhjensen02/pico-sdk/lib/cyw43-driver/src/cyw43_ctrl.c.obj
                0x1000aeb4                cyw43_bluetooth_hci_init
 .text.cyw43_bluetooth_hci_read
                0x1000af60       0xe4 CMakeFiles/picow_ds4.dir/home/dhjensen02/pico-sdk/lib/cyw43-driver/src/cyw43_ctrl.c.obj
                0x1000af60                cyw43_bluetooth_hci_read
 .text.cyw43_bluetooth_hci_write
                0x1000b044       0xdc CMakeFiles/picow_ds4.dir/home/dhjensen02/pico-sdk/lib/cyw43-driver/src/cyw43_ctrl.c.obj
                0x1000b044                cyw43_bluetooth_hci_write
 .text.cybt_hci_read
                0x1000b120      0x22c CMakeFiles/picow_ds4.dir/home/dhjensen02/pico-sdk/src/rp2_common/pico_cyw43_driver/cybt_shared_bus/cybt_shared_bus.c.obj
 .text.cyw43_btbus_init
                0x1000b34c      0x1b8 CMakeFiles/picow_ds4.dir/home/dhjensen02/pico-sdk/src/rp2_common/pico_cyw43_driver/cybt_shared_bus/cybt_shared_bus.c.obj
                0x1000b34c                cyw43_btbus_init
 .text.cyw43_btbus_write
                0x1000b504      0x148 CMakeFiles/picow_ds4.dir/home/dhjensen02/pico-sdk/src/rp2_common/pico_cyw43_driver/cybt_shared_bus/cybt_shared_bus.c.obj
                0x1000b504                cyw43_btbus_write
 .text.cyw43_btbus_read
                0x1000b64c      0x230 CMakeFiles/picow_ds4.dir/home/dhjensen02/pico-sdk/src/rp2_common/pico_cyw43_driver/cybt_shared_bus/cybt_shared_bus.c.obj
                0x1000b64c                cyw43_btbus_read
 .text.cybt_fw_download
                0x1000b87c      0x3a0 CMakeFiles/picow_ds4.dir/home/dhjensen02/pico-sdk/src/rp2_common/pico_cyw43_driver/cybt_shared_bus/cybt_shared_bus_driver.c.obj
                0x1000b87c                cybt_fw_download
 .text.cybt_set_host_ready
                0x1000bc1c       0x2c CMakeFiles/picow_ds4.dir/home/dhjensen02/pico-sdk/src/rp2_common/pico_cyw43_driver/cybt_shared_bus/cybt_shared_bus_driver.c.obj
                0x1000bc1c                cybt_set_host_ready
 .text.cybt_ready
                0x1000bc48       0x1c CMakeFiles/picow_ds4.dir/home/dhjensen02/pico-sdk/src/rp2_common/pico_cyw43_driver/cybt_shared_bus/cybt_shared_bus_driver.c.obj
                0x1000bc48                cybt_ready
 .text.cybt_awake
                0x1000bc64       0x1c CMakeFiles/picow_ds4.dir/home/dhjensen02/pico-sdk/src/rp2_common/pico_cyw43_driver/cybt_shared_bus/cybt_shared_bus_driver.c.obj
                0x1000bc64                cybt_awake
 .text.cybt_set_bt_awake
                0x1000bc80       0x3c CMakeFiles/picow_ds4.dir/home/dhjensen02/pico-sdk/src/rp2_common/pico_cyw43_driver/cybt_shared_bus/cybt_shared_bus_driver.c.obj
                0x1000bc80                cybt_set_bt_awake
 .text.cybt_debug_dump
                0x1000bcbc       0x84 CMakeFiles/picow_ds4.dir/home/dhjensen02/pico-sdk/src/rp2_common/pico_cyw43_driver/cybt_shared_bus/cybt_shared_bus_driver.c.obj
                0x1000bcbc                cybt_debug_dump
 .text.cybt_toggle_bt_intr
                0x1000bd40       0x40 CMakeFiles/picow_ds4.dir/home/dhjensen02/pico-sdk/src/rp2_common/pico_cyw43_driver/cybt_shared_bus/cybt_shared_bus_driver.c.obj
                0x1000bd40                cybt_toggle_bt_intr
 .text.cybt_get_bt_buf_index
                0x1000bd80       0xd0 CMakeFiles/picow_ds4.dir/home/dhjensen02/pico-sdk/src/rp2_common/pico_cyw43_driver/cybt_shared_bus/cybt_shared_bus_driver.c.obj
                0x1000bd80                cybt_get_bt_buf_index
 .text.cybt_reg_write_idx
                0x1000be50       0x5c CMakeFiles/picow_ds4.dir/home/dhjensen02/pico-sdk/src/rp2_common/pico_cyw43_driver/cybt_shared_bus/cybt_shared_bus_driver.c.obj
                0x1000be50                cybt_reg_write_idx
 .text.cybt_mem_write_idx
                0x1000beac       0x9c CMakeFiles/picow_ds4.dir/home/dhjensen02/pico-sdk/src/rp2_common/pico_cyw43_driver/cybt_shared_bus/cybt_shared_bus_driver.c.obj
                0x1000beac                cybt_mem_write_idx
 .text.cybt_mem_read_idx
                0x1000bf48       0x94 CMakeFiles/picow_ds4.dir/home/dhjensen02/pico-sdk/src/rp2_common/pico_cyw43_driver/cybt_shared_bus/cybt_shared_bus_driver.c.obj
                0x1000bf48                cybt_mem_read_idx
 .text.cybt_init_buffer
                0x1000bfdc       0xc0 CMakeFiles/picow_ds4.dir/home/dhjensen02/pico-sdk/src/rp2_common/pico_cyw43_driver/cybt_shared_bus/cybt_shared_bus_driver.c.obj
                0x1000bfdc                cybt_init_buffer
 .text.cybt_sharedbus_driver_init
                0x1000c09c        0xc CMakeFiles/picow_ds4.dir/home/dhjensen02/pico-sdk/src/rp2_common/pico_cyw43_driver/cybt_shared_bus/cybt_shared_bus_driver.c.obj
                0x1000c09c                cybt_sharedbus_driver_init
 .text.pio_sm_unclaim
                0x1000c0a8       0x20 CMakeFiles/picow_ds4.dir/home/dhjensen02/pico-sdk/src/rp2_common/hardware_pio/pio.c.obj
                0x1000c0a8                pio_sm_unclaim
 .text.pio_claim_unused_sm
                0x1000c0c8       0x3c CMakeFiles/picow_ds4.dir/home/dhjensen02/pico-sdk/src/rp2_common/hardware_pio/pio.c.obj
                0x1000c0c8                pio_claim_unused_sm
 .text.pio_can_add_program
                0x1000c104       0x68 CMakeFiles/picow_ds4.dir/home/dhjensen02/pico-sdk/src/rp2_common/hardware_pio/pio.c.obj
                0x1000c104                pio_can_add_program
 .text.pio_add_program
                0x1000c16c       0xc8 CMakeFiles/picow_ds4.dir/home/dhjensen02/pico-sdk/src/rp2_common/hardware_pio/pio.c.obj
                0x1000c16c                pio_add_program
 .text.pio_remove_program
                0x1000c234       0x34 CMakeFiles/picow_ds4.dir/home/dhjensen02/pico-sdk/src/rp2_common/hardware_pio/pio.c.obj
                0x1000c234                pio_remove_program
 .text.pio_sm_set_pindirs_with_mask
                0x1000c268       0xa4 CMakeFiles/picow_ds4.dir/home/dhjensen02/pico-sdk/src/rp2_common/hardware_pio/pio.c.obj
                0x1000c268                pio_sm_set_pindirs_with_mask
 .text.pio_sm_set_consecutive_pindirs
                0x1000c30c       0xb0 CMakeFiles/picow_ds4.dir/home/dhjensen02/pico-sdk/src/rp2_common/hardware_pio/pio.c.obj
                0x1000c30c                pio_sm_set_consecutive_pindirs
 .text.dma_channel_unclaim
                0x1000c3bc       0x10 CMakeFiles/picow_ds4.dir/home/dhjensen02/pico-sdk/src/rp2_common/hardware_dma/dma.c.obj
                0x1000c3bc                dma_channel_unclaim
 .text.dma_claim_unused_channel
                0x1000c3cc       0x20 CMakeFiles/picow_ds4.dir/home/dhjensen02/pico-sdk/src/rp2_common/hardware_dma/dma.c.obj
                0x1000c3cc                dma_claim_unused_channel
 .text.dma_channel_cleanup
                0x1000c3ec       0x60 CMakeFiles/picow_ds4.dir/home/dhjensen02/pico-sdk/src/rp2_common/hardware_dma/dma.c.obj
                0x1000c3ec                dma_channel_cleanup
 .text.cyw43_sleep_timeout_reached
                0x1000c44c       0x10 CMakeFiles/picow_ds4.dir/home/dhjensen02/pico-sdk/src/rp2_common/pico_cyw43_driver/cyw43_driver.c.obj
 .text.cyw43_irq_init
                0x1000c45c       0x28 CMakeFiles/picow_ds4.dir/home/dhjensen02/pico-sdk/src/rp2_common/pico_cyw43_driver/cyw43_driver.c.obj
                0x1000c45c                cyw43_irq_init
 .text.cyw43_irq_deinit
                0x1000c484       0x20 CMakeFiles/picow_ds4.dir/home/dhjensen02/pico-sdk/src/rp2_common/pico_cyw43_driver/cyw43_driver.c.obj
                0x1000c484                cyw43_irq_deinit
 .text.cyw43_gpio_irq_handler
                0x1000c4a4       0x44 CMakeFiles/picow_ds4.dir/home/dhjensen02/pico-sdk/src/rp2_common/pico_cyw43_driver/cyw43_driver.c.obj
 .text.cyw43_do_poll
                0x1000c4e8       0x6c CMakeFiles/picow_ds4.dir/home/dhjensen02/pico-sdk/src/rp2_common/pico_cyw43_driver/cyw43_driver.c.obj
 .text.cyw43_post_poll_hook
                0x1000c554       0x10 CMakeFiles/picow_ds4.dir/home/dhjensen02/pico-sdk/src/rp2_common/pico_cyw43_driver/cyw43_driver.c.obj
                0x1000c554                cyw43_post_poll_hook
 .text.cyw43_schedule_internal_poll_dispatch
                0x1000c564       0x18 CMakeFiles/picow_ds4.dir/home/dhjensen02/pico-sdk/src/rp2_common/pico_cyw43_driver/cyw43_driver.c.obj
                0x1000c564                cyw43_schedule_internal_poll_dispatch
 .text.cyw43_driver_init
                0x1000c57c       0x38 CMakeFiles/picow_ds4.dir/home/dhjensen02/pico-sdk/src/rp2_common/pico_cyw43_driver/cyw43_driver.c.obj
                0x1000c57c                cyw43_driver_init
 .text.cyw43_driver_deinit
                0x1000c5b4       0x44 CMakeFiles/picow_ds4.dir/home/dhjensen02/pico-sdk/src/rp2_common/pico_cyw43_driver/cyw43_driver.c.obj
                0x1000c5b4                cyw43_driver_deinit
 .text.cyw43_hal_generate_laa_mac
                0x1000c5f8       0x28 CMakeFiles/picow_ds4.dir/home/dhjensen02/pico-sdk/src/rp2_common/pico_cyw43_driver/cyw43_driver.c.obj
                0x1000c5f8                cyw43_hal_generate_laa_mac
 .text.cyw43_hal_get_mac
                0x1000c620       0x1c CMakeFiles/picow_ds4.dir/home/dhjensen02/pico-sdk/src/rp2_common/pico_cyw43_driver/cyw43_driver.c.obj
                0x1000c620                cyw43_hal_get_mac
 .text.cyw43_thread_enter
                0x1000c63c       0x14 CMakeFiles/picow_ds4.dir/home/dhjensen02/pico-sdk/src/rp2_common/pico_cyw43_driver/cyw43_driver.c.obj
                0x1000c63c                cyw43_thread_enter
 .text.cyw43_thread_exit
                0x1000c650       0x14 CMakeFiles/picow_ds4.dir/home/dhjensen02/pico-sdk/src/rp2_common/pico_cyw43_driver/cyw43_driver.c.obj
                0x1000c650                cyw43_thread_exit
 .text.cyw43_await_background_or_timeout_us
                0x1000c664       0x34 CMakeFiles/picow_ds4.dir/home/dhjensen02/pico-sdk/src/rp2_common/pico_cyw43_driver/cyw43_driver.c.obj
                0x1000c664                cyw43_await_background_or_timeout_us
 .text.cyw43_delay_ms
                0x1000c698       0x44 CMakeFiles/picow_ds4.dir/home/dhjensen02/pico-sdk/src/rp2_common/pico_cyw43_driver/cyw43_driver.c.obj
                0x1000c698                cyw43_delay_ms
 .text.cyw43_cb_tcpip_deinit
                0x1000c6dc        0x4 CMakeFiles/picow_ds4.dir/home/dhjensen02/pico-sdk/src/rp2_common/pico_cyw43_driver/cyw43_driver.c.obj
                0x1000c6dc                cyw43_cb_tcpip_deinit
 .text.cyw43_cb_tcpip_set_link_up
                0x1000c6e0        0xc CMakeFiles/picow_ds4.dir/home/dhjensen02/pico-sdk/src/rp2_common/pico_cyw43_driver/cyw43_driver.c.obj
                0x1000c6e0                cyw43_cb_tcpip_set_link_up
 .text.cyw43_cb_tcpip_set_link_down
                0x1000c6ec        0xc CMakeFiles/picow_ds4.dir/home/dhjensen02/pico-sdk/src/rp2_common/pico_cyw43_driver/cyw43_driver.c.obj
                0x1000c6ec                cyw43_cb_tcpip_set_link_down
 .text.cyw43_cb_process_ethernet
                0x1000c6f8        0xc CMakeFiles/picow_ds4.dir/home/dhjensen02/pico-sdk/src/rp2_common/pico_cyw43_driver/cyw43_driver.c.obj
                0x1000c6f8                cyw43_cb_process_ethernet
 .text.handle_sync_func_call
                0x1000c704       0x24 CMakeFiles/picow_ds4.dir/home/dhjensen02/pico-sdk/src/rp2_common/pico_async_context/async_context_threadsafe_background.c.obj
 .text.async_context_threadsafe_background_acquire_lock_blocking
                0x1000c728        0xc CMakeFiles/picow_ds4.dir/home/dhjensen02/pico-sdk/src/rp2_common/pico_async_context/async_context_threadsafe_background.c.obj
 .text.process_under_lock
                0x1000c734       0xf0 CMakeFiles/picow_ds4.dir/home/dhjensen02/pico-sdk/src/rp2_common/pico_async_context/async_context_threadsafe_background.c.obj
 .text.async_context_threadsafe_background_deinit
                0x1000c824       0x64 CMakeFiles/picow_ds4.dir/home/dhjensen02/pico-sdk/src/rp2_common/pico_async_context/async_context_threadsafe_background.c.obj
 .text.low_priority_irq_handler
                0x1000c888       0x40 CMakeFiles/picow_ds4.dir/home/dhjensen02/pico-sdk/src/rp2_common/pico_async_context/async_context_threadsafe_background.c.obj
 .text.async_context_threadsafe_background_wait_for_work_until
                0x1000c8c8        0xc CMakeFiles/picow_ds4.dir/home/dhjensen02/pico-sdk/src/rp2_common/pico_async_context/async_context_threadsafe_background.c.obj
 .text.async_context_threadsafe_background_wait_until
                0x1000c8d4       0x1c CMakeFiles/picow_ds4.dir/home/dhjensen02/pico-sdk/src/rp2_common/pico_async_context/async_context_threadsafe_background.c.obj
 .text.async_context_threadsafe_background_lock_check
                0x1000c8f0       0x28 CMakeFiles/picow_ds4.dir/home/dhjensen02/pico-sdk/src/rp2_common/pico_async_context/async_context_threadsafe_background.c.obj
 .text.async_context_threadsafe_background_execute_sync
                0x1000c918       0xe4 CMakeFiles/picow_ds4.dir/home/dhjensen02/pico-sdk/src/rp2_common/pico_async_context/async_context_threadsafe_background.c.obj
                0x1000c918                async_context_threadsafe_background_execute_sync
 .text.async_context_threadsafe_background_set_work_pending
                0x1000c9fc       0x50 CMakeFiles/picow_ds4.dir/home/dhjensen02/pico-sdk/src/rp2_common/pico_async_context/async_context_threadsafe_background.c.obj
 .text.alarm_handler
                0x1000ca4c       0x58 CMakeFiles/picow_ds4.dir/home/dhjensen02/pico-sdk/src/rp2_common/pico_async_context/async_context_threadsafe_background.c.obj
 .text.async_context_threadsafe_background_release_lock
                0x1000caa4       0x7c CMakeFiles/picow_ds4.dir/home/dhjensen02/pico-sdk/src/rp2_common/pico_async_context/async_context_threadsafe_background.c.obj
 .text.async_context_threadsafe_background_when_pending_worker
                0x1000cb20       0x94 CMakeFiles/picow_ds4.dir/home/dhjensen02/pico-sdk/src/rp2_common/pico_async_context/async_context_threadsafe_background.c.obj
 .text.async_context_threadsafe_background_remove_at_time_worker
                0x1000cbb4       0x94 CMakeFiles/picow_ds4.dir/home/dhjensen02/pico-sdk/src/rp2_common/pico_async_context/async_context_threadsafe_background.c.obj
 .text.async_context_threadsafe_background_add_when_pending_worker
                0x1000cc48       0x94 CMakeFiles/picow_ds4.dir/home/dhjensen02/pico-sdk/src/rp2_common/pico_async_context/async_context_threadsafe_background.c.obj
 .text.async_context_threadsafe_background_add_at_time_worker
                0x1000ccdc       0x94 CMakeFiles/picow_ds4.dir/home/dhjensen02/pico-sdk/src/rp2_common/pico_async_context/async_context_threadsafe_background.c.obj
 .text.async_context_threadsafe_background_default_config
                0x1000cd70        0xc CMakeFiles/picow_ds4.dir/home/dhjensen02/pico-sdk/src/rp2_common/pico_async_context/async_context_threadsafe_background.c.obj
                0x1000cd70                async_context_threadsafe_background_default_config
 .text.async_context_threadsafe_background_init
                0x1000cd7c       0xa4 CMakeFiles/picow_ds4.dir/home/dhjensen02/pico-sdk/src/rp2_common/pico_async_context/async_context_threadsafe_background.c.obj
                0x1000cd7c                async_context_threadsafe_background_init
 .text.async_context_base_add_at_time_worker
                0x1000ce20       0x28 CMakeFiles/picow_ds4.dir/home/dhjensen02/pico-sdk/src/rp2_common/pico_async_context/async_context_base.c.obj
                0x1000ce20                async_context_base_add_at_time_worker
 .text.async_context_base_remove_at_time_worker
                0x1000ce48       0x28 CMakeFiles/picow_ds4.dir/home/dhjensen02/pico-sdk/src/rp2_common/pico_async_context/async_context_base.c.obj
                0x1000ce48                async_context_base_remove_at_time_worker
 .text.async_context_base_add_when_pending_worker
                0x1000ce70       0x24 CMakeFiles/picow_ds4.dir/home/dhjensen02/pico-sdk/src/rp2_common/pico_async_context/async_context_base.c.obj
                0x1000ce70                async_context_base_add_when_pending_worker
 .text.async_context_base_remove_when_pending_worker
                0x1000ce94       0x28 CMakeFiles/picow_ds4.dir/home/dhjensen02/pico-sdk/src/rp2_common/pico_async_context/async_context_base.c.obj
                0x1000ce94                async_context_base_remove_when_pending_worker
 .text.async_context_base_execute_once
                0x1000cebc       0xe0 CMakeFiles/picow_ds4.dir/home/dhjensen02/pico-sdk/src/rp2_common/pico_async_context/async_context_base.c.obj
                0x1000cebc                async_context_base_execute_once
 .text.async_context_base_needs_servicing
                0x1000cf9c       0x58 CMakeFiles/picow_ds4.dir/home/dhjensen02/pico-sdk/src/rp2_common/pico_async_context/async_context_base.c.obj
                0x1000cf9c                async_context_base_needs_servicing
 .text.btstack_link_key_db_tlv_open
                0x1000cff4        0x4 CMakeFiles/picow_ds4.dir/__/btstack/src/classic/btstack_link_key_db_tlv.c.obj
 .text.btstack_link_key_db_tlv_set_bd_addr
                0x1000cff8        0x4 CMakeFiles/picow_ds4.dir/__/btstack/src/classic/btstack_link_key_db_tlv.c.obj
 .text.btstack_link_key_db_tlv_iterator_init
                0x1000cffc        0x8 CMakeFiles/picow_ds4.dir/__/btstack/src/classic/btstack_link_key_db_tlv.c.obj
 .text.btstack_link_key_db_tlv_iterator_get_next
                0x1000d004       0x8c CMakeFiles/picow_ds4.dir/__/btstack/src/classic/btstack_link_key_db_tlv.c.obj
 .text.btstack_link_key_db_tlv_put_link_key
                0x1000d090      0x128 CMakeFiles/picow_ds4.dir/__/btstack/src/classic/btstack_link_key_db_tlv.c.obj
 .text.btstack_link_key_db_tlv_delete_link_key
                0x1000d1b8       0x5c CMakeFiles/picow_ds4.dir/__/btstack/src/classic/btstack_link_key_db_tlv.c.obj
 .text.btstack_link_key_db_tlv_get_link_key
                0x1000d214       0xa4 CMakeFiles/picow_ds4.dir/__/btstack/src/classic/btstack_link_key_db_tlv.c.obj
 .text.btstack_link_key_db_tlv_iterator_done
                0x1000d2b8        0x4 CMakeFiles/picow_ds4.dir/__/btstack/src/classic/btstack_link_key_db_tlv.c.obj
 .text.btstack_link_key_db_tlv_close
                0x1000d2bc        0x4 CMakeFiles/picow_ds4.dir/__/btstack/src/classic/btstack_link_key_db_tlv.c.obj
 .text.btstack_link_key_db_tlv_get_instance
                0x1000d2c0       0x10 CMakeFiles/picow_ds4.dir/__/btstack/src/classic/btstack_link_key_db_tlv.c.obj
                0x1000d2c0                btstack_link_key_db_tlv_get_instance
 .text.hid_host_handle_start_sdp_client_query
                0x1000d2d0       0x8c CMakeFiles/picow_ds4.dir/__/btstack/src/classic/hid_host.c.obj
 .text.hid_host_handle_sdp_client_query_result
                0x1000d35c      0x644 CMakeFiles/picow_ds4.dir/__/btstack/src/classic/hid_host.c.obj
 .text.hid_descriptor_storage_get_descriptor_len
                0x1000d9a0       0x30 CMakeFiles/picow_ds4.dir/__/btstack/src/classic/hid_host.c.obj
                0x1000d9a0                hid_descriptor_storage_get_descriptor_len
 .text.hid_host_init
                0x1000d9d0       0x40 CMakeFiles/picow_ds4.dir/__/btstack/src/classic/hid_host.c.obj
                0x1000d9d0                hid_host_init
 .text.hid_host_register_packet_handler
                0x1000da10        0xc CMakeFiles/picow_ds4.dir/__/btstack/src/classic/hid_host.c.obj
                0x1000da10                hid_host_register_packet_handler
 .text.hid_host_accept_connection
                0x1000da1c       0x48 CMakeFiles/picow_ds4.dir/__/btstack/src/classic/hid_host.c.obj
                0x1000da1c                hid_host_accept_connection
 .text.hid_host_connect
                0x1000da64      0x104 CMakeFiles/picow_ds4.dir/__/btstack/src/classic/hid_host.c.obj
                0x1000da64                hid_host_connect
 .text.hid_host_disconnect
                0x1000db68       0x68 CMakeFiles/picow_ds4.dir/__/btstack/src/classic/hid_host.c.obj
                0x1000db68                hid_host_disconnect
 .text.hid_host_packet_handler
                0x1000dbd0      0xb6c CMakeFiles/picow_ds4.dir/__/btstack/src/classic/hid_host.c.obj
 .text.hid_host_send_get_report
                0x1000e73c       0x5c CMakeFiles/picow_ds4.dir/__/btstack/src/classic/hid_host.c.obj
                0x1000e73c                hid_host_send_get_report
 .text.sdp_parser_process_byte
                0x1000e798      0x370 CMakeFiles/picow_ds4.dir/__/btstack/src/classic/sdp_client.c.obj
 .text.sdp_client_packet_handler
                0x1000eb08      0x35c CMakeFiles/picow_ds4.dir/__/btstack/src/classic/sdp_client.c.obj
                0x1000eb08                sdp_client_packet_handler
 .text.sdp_client_register_query_callback
                0x1000ee64       0x40 CMakeFiles/picow_ds4.dir/__/btstack/src/classic/sdp_client.c.obj
                0x1000ee64                sdp_client_register_query_callback
 .text.sdp_client_query_uuid16
                0x1000eea4       0xcc CMakeFiles/picow_ds4.dir/__/btstack/src/classic/sdp_client.c.obj
                0x1000eea4                sdp_client_query_uuid16
 .text.sdp_init
                0x1000ef70       0x28 CMakeFiles/picow_ds4.dir/__/btstack/src/classic/sdp_server.c.obj
                0x1000ef70                sdp_init
 .text.sdp_handle_service_search_request
                0x1000ef98      0x1d0 CMakeFiles/picow_ds4.dir/__/btstack/src/classic/sdp_server.c.obj
                0x1000ef98                sdp_handle_service_search_request
 .text.sdp_handle_service_attribute_request
                0x1000f168      0x198 CMakeFiles/picow_ds4.dir/__/btstack/src/classic/sdp_server.c.obj
                0x1000f168                sdp_handle_service_attribute_request
 .text.sdp_handle_service_search_attribute_request
                0x1000f300      0x24c CMakeFiles/picow_ds4.dir/__/btstack/src/classic/sdp_server.c.obj
                0x1000f300                sdp_handle_service_search_attribute_request
 .text.sdp_packet_handler
                0x1000f54c      0x1c4 CMakeFiles/picow_ds4.dir/__/btstack/src/classic/sdp_server.c.obj
 .text.de_traverse_sequence
                0x1000f710       0xcc CMakeFiles/picow_ds4.dir/__/btstack/src/classic/sdp_util.c.obj
 .text.de_traverse_sequence.constprop.8
                0x1000f7dc      0x108 CMakeFiles/picow_ds4.dir/__/btstack/src/classic/sdp_util.c.obj
 .text.sdp_traversal_contains_UUID128
                0x1000f8e4      0x158 CMakeFiles/picow_ds4.dir/__/btstack/src/classic/sdp_util.c.obj
 .text.de_get_element_type
                0x1000fa3c        0x8 CMakeFiles/picow_ds4.dir/__/btstack/src/classic/sdp_util.c.obj
                0x1000fa3c                de_get_element_type
 .text.de_get_header_size
                0x1000fa44       0x18 CMakeFiles/picow_ds4.dir/__/btstack/src/classic/sdp_util.c.obj
                0x1000fa44                de_get_header_size
 .text.de_get_data_size
                0x1000fa5c       0x38 CMakeFiles/picow_ds4.dir/__/btstack/src/classic/sdp_util.c.obj
                0x1000fa5c                de_get_data_size
 .text.de_get_len
                0x1000fa94       0x44 CMakeFiles/picow_ds4.dir/__/btstack/src/classic/sdp_util.c.obj
                0x1000fa94                de_get_len
 .text.de_get_len_safe
                0x1000fad8       0x58 CMakeFiles/picow_ds4.dir/__/btstack/src/classic/sdp_util.c.obj
                0x1000fad8                de_get_len_safe
 .text.de_element_get_uint16
                0x1000fb30       0x20 CMakeFiles/picow_ds4.dir/__/btstack/src/classic/sdp_util.c.obj
                0x1000fb30                de_element_get_uint16
 .text.de_get_uuid32
                0x1000fb50       0x64 CMakeFiles/picow_ds4.dir/__/btstack/src/classic/sdp_util.c.obj
                0x1000fb50                de_get_uuid32
 .text.de_get_string
                0x1000fbb4       0x28 CMakeFiles/picow_ds4.dir/__/btstack/src/classic/sdp_util.c.obj
                0x1000fbb4                de_get_string
 .text.de_store_descriptor_with_len
                0x1000fbdc       0x30 CMakeFiles/picow_ds4.dir/__/btstack/src/classic/sdp_util.c.obj
                0x1000fbdc                de_store_descriptor_with_len
 .text.des_iterator_init
                0x1000fc0c       0x84 CMakeFiles/picow_ds4.dir/__/btstack/src/classic/sdp_util.c.obj
                0x1000fc0c                des_iterator_init
 .text.des_iterator_get_type
                0x1000fc90        0xc CMakeFiles/picow_ds4.dir/__/btstack/src/classic/sdp_util.c.obj
                0x1000fc90                des_iterator_get_type
 .text.des_iterator_has_more
                0x1000fc9c        0xc CMakeFiles/picow_ds4.dir/__/btstack/src/classic/sdp_util.c.obj
                0x1000fc9c                des_iterator_has_more
 .text.des_iterator_get_element
                0x1000fca8       0x14 CMakeFiles/picow_ds4.dir/__/btstack/src/classic/sdp_util.c.obj
                0x1000fca8                des_iterator_get_element
 .text.des_iterator_next
                0x1000fcbc       0x58 CMakeFiles/picow_ds4.dir/__/btstack/src/classic/sdp_util.c.obj
                0x1000fcbc                des_iterator_next
 .text.sdp_filter_attributes_in_attributeIDList
                0x1000fd14      0x234 CMakeFiles/picow_ds4.dir/__/btstack/src/classic/sdp_util.c.obj
                0x1000fd14                sdp_filter_attributes_in_attributeIDList
 .text.spd_get_filtered_size
                0x1000ff48      0x184 CMakeFiles/picow_ds4.dir/__/btstack/src/classic/sdp_util.c.obj
                0x1000ff48                spd_get_filtered_size
 .text.sdp_record_matches_service_search_pattern
                0x100100cc      0x12c CMakeFiles/picow_ds4.dir/__/btstack/src/classic/sdp_util.c.obj
                0x100100cc                sdp_record_matches_service_search_pattern
 .text.sdp_service_search_pattern_for_uuid16
                0x100101f8       0x18 CMakeFiles/picow_ds4.dir/__/btstack/src/classic/sdp_util.c.obj
                0x100101f8                sdp_service_search_pattern_for_uuid16
 .text.btstack_tlv_flash_bank_write.isra.2
                0x10010210       0x84 CMakeFiles/picow_ds4.dir/__/btstack/platform/embedded/btstack_tlv_flash_bank.c.obj
 .text.btstack_tlv_flash_bank_read.isra.3
                0x10010294       0x84 CMakeFiles/picow_ds4.dir/__/btstack/platform/embedded/btstack_tlv_flash_bank.c.obj
 .text.tlv_iterator_fetch_next
                0x10010318       0x7c CMakeFiles/picow_ds4.dir/__/btstack/platform/embedded/btstack_tlv_flash_bank.c.obj
 .text.btstack_tlv_flash_bank_iterator_init
                0x10010394       0x70 CMakeFiles/picow_ds4.dir/__/btstack/platform/embedded/btstack_tlv_flash_bank.c.obj
 .text.btstack_tlv_flash_bank_delete_tag_until_offset
                0x10010404       0xec CMakeFiles/picow_ds4.dir/__/btstack/platform/embedded/btstack_tlv_flash_bank.c.obj
 .text.btstack_tlv_flash_bank_delete_tag
                0x100104f0        0xc CMakeFiles/picow_ds4.dir/__/btstack/platform/embedded/btstack_tlv_flash_bank.c.obj
 .text.btstack_tlv_flash_bank_get_tag
                0x100104fc      0x100 CMakeFiles/picow_ds4.dir/__/btstack/platform/embedded/btstack_tlv_flash_bank.c.obj
 .text.btstack_tlv_flash_bank_test_erased
                0x100105fc      0x138 CMakeFiles/picow_ds4.dir/__/btstack/platform/embedded/btstack_tlv_flash_bank.c.obj
 .text.btstack_tlv_flash_bank_migrate
                0x10010734      0x1b8 CMakeFiles/picow_ds4.dir/__/btstack/platform/embedded/btstack_tlv_flash_bank.c.obj
 .text.btstack_tlv_flash_bank_store_tag
                0x100108ec       0xe8 CMakeFiles/picow_ds4.dir/__/btstack/platform/embedded/btstack_tlv_flash_bank.c.obj
 .text.btstack_tlv_flash_bank_init_instance
                0x100109d4      0x240 CMakeFiles/picow_ds4.dir/__/btstack/platform/embedded/btstack_tlv_flash_bank.c.obj
                0x100109d4                btstack_tlv_flash_bank_init_instance
 .text.ad_iterator_init
                0x10010c14        0xc CMakeFiles/picow_ds4.dir/__/btstack/src/ad_parser.c.obj
                0x10010c14                ad_iterator_init
 .text.ad_iterator_has_more
                0x10010c20       0x24 CMakeFiles/picow_ds4.dir/__/btstack/src/ad_parser.c.obj
                0x10010c20                ad_iterator_has_more
 .text.ad_iterator_next
                0x10010c44       0x10 CMakeFiles/picow_ds4.dir/__/btstack/src/ad_parser.c.obj
                0x10010c44                ad_iterator_next
 .text.ad_iterator_get_data_len
                0x10010c54        0xc CMakeFiles/picow_ds4.dir/__/btstack/src/ad_parser.c.obj
                0x10010c54                ad_iterator_get_data_len
 .text.ad_iterator_get_data_type
                0x10010c60        0xc CMakeFiles/picow_ds4.dir/__/btstack/src/ad_parser.c.obj
                0x10010c60                ad_iterator_get_data_type
 .text.ad_iterator_get_data
                0x10010c6c        0xc CMakeFiles/picow_ds4.dir/__/btstack/src/ad_parser.c.obj
                0x10010c6c                ad_iterator_get_data
 .text.btstack_linked_list_add
                0x10010c78       0x24 CMakeFiles/picow_ds4.dir/__/btstack/src/btstack_linked_list.c.obj
                0x10010c78                btstack_linked_list_add
 .text.btstack_linked_list_add_tail
                0x10010c9c       0x1c CMakeFiles/picow_ds4.dir/__/btstack/src/btstack_linked_list.c.obj
                0x10010c9c                btstack_linked_list_add_tail
 .text.btstack_linked_list_remove
                0x10010cb8       0x38 CMakeFiles/picow_ds4.dir/__/btstack/src/btstack_linked_list.c.obj
                0x10010cb8                btstack_linked_list_remove
 .text.btstack_linked_list_pop
                0x10010cf0       0x10 CMakeFiles/picow_ds4.dir/__/btstack/src/btstack_linked_list.c.obj
                0x10010cf0                btstack_linked_list_pop
 .text.btstack_linked_list_iterator_init
                0x10010d00        0xc CMakeFiles/picow_ds4.dir/__/btstack/src/btstack_linked_list.c.obj
                0x10010d00                btstack_linked_list_iterator_init
 .text.btstack_linked_list_iterator_has_next
                0x10010d0c       0x24 CMakeFiles/picow_ds4.dir/__/btstack/src/btstack_linked_list.c.obj
                0x10010d0c                btstack_linked_list_iterator_has_next
 .text.btstack_linked_list_iterator_next
                0x10010d30       0x28 CMakeFiles/picow_ds4.dir/__/btstack/src/btstack_linked_list.c.obj
                0x10010d30                btstack_linked_list_iterator_next
 .text.btstack_linked_list_iterator_remove
                0x10010d58       0x10 CMakeFiles/picow_ds4.dir/__/btstack/src/btstack_linked_list.c.obj
                0x10010d58                btstack_linked_list_iterator_remove
 .text.btstack_memory_deinit
                0x10010d68        0x4 CMakeFiles/picow_ds4.dir/__/btstack/src/btstack_memory.c.obj
                0x10010d68                btstack_memory_deinit
 .text.btstack_memory_hci_connection_get
                0x10010d6c       0x20 CMakeFiles/picow_ds4.dir/__/btstack/src/btstack_memory.c.obj
                0x10010d6c                btstack_memory_hci_connection_get
 .text.btstack_memory_hci_connection_free
                0x10010d8c       0x10 CMakeFiles/picow_ds4.dir/__/btstack/src/btstack_memory.c.obj
                0x10010d8c                btstack_memory_hci_connection_free
 .text.btstack_memory_l2cap_service_get
                0x10010d9c       0x1c CMakeFiles/picow_ds4.dir/__/btstack/src/btstack_memory.c.obj